

================================================================
== Vitis HLS Report for 'dot_150'
================================================================
* Date:           Tue Apr  4 19:45:32 2023

* Version:        2022.1 (Build 3526262 on Mon Apr 18 15:47:01 MDT 2022)
* Project:        hls_EstimateMotion
* Solution:       solution1 (Vivado IP Flow Target)
* Product family: virtexuplus
* Target device:  xcu50-fsvh2104-2L-e


================================================================
== Performance Estimates
================================================================
+ Timing: 
    * Summary: 
    +--------+----------+-----------+------------+
    |  Clock |  Target  | Estimated | Uncertainty|
    +--------+----------+-----------+------------+
    |ap_clk  |  60.00 ns|  30.745 ns|    16.20 ns|
    +--------+----------+-----------+------------+

+ Latency: 
    * Summary: 
    +---------+---------+----------+----------+-----+-----+---------+
    |  Latency (cycles) |  Latency (absolute) |  Interval | Pipeline|
    |   min   |   max   |    min   |    max   | min | max |   Type  |
    +---------+---------+----------+----------+-----+-----+---------+
    |        4|        4|  0.240 us|  0.240 us|    3|    3|      yes|
    +---------+---------+----------+----------+-----+-----+---------+

    + Detail: 
        * Instance: 
        N/A

        * Loop: 
        N/A



================================================================
== Utilization Estimates
================================================================
* Summary: 
+---------------------+---------+------+---------+--------+-----+
|         Name        | BRAM_18K|  DSP |    FF   |   LUT  | URAM|
+---------------------+---------+------+---------+--------+-----+
|DSP                  |        -|     -|        -|       -|    -|
|Expression           |        -|     -|        0|     140|    -|
|FIFO                 |        -|     -|        -|       -|    -|
|Instance             |        -|     5|        0|     303|    -|
|Memory               |        -|     -|        -|       -|    -|
|Multiplexer          |        -|     -|        -|     106|    -|
|Register             |        -|     -|      115|       -|    -|
+---------------------+---------+------+---------+--------+-----+
|Total                |        0|     5|      115|     549|    0|
+---------------------+---------+------+---------+--------+-----+
|Available SLR        |     1344|  2976|   871680|  435840|  320|
+---------------------+---------+------+---------+--------+-----+
|Utilization SLR (%)  |        0|    ~0|       ~0|      ~0|    0|
+---------------------+---------+------+---------+--------+-----+
|Available            |     2688|  5952|  1743360|  871680|  640|
+---------------------+---------+------+---------+--------+-----+
|Utilization (%)      |        0|    ~0|       ~0|      ~0|    0|
+---------------------+---------+------+---------+--------+-----+

+ Detail: 
    * Instance: 
    +-------------------------------------+--------------------------------+---------+----+---+-----+-----+
    |               Instance              |             Module             | BRAM_18K| DSP| FF| LUT | URAM|
    +-------------------------------------+--------------------------------+---------+----+---+-----+-----+
    |fadd_32ns_32ns_32_1_full_dsp_1_U339  |fadd_32ns_32ns_32_1_full_dsp_1  |        0|   2|  0|  226|    0|
    |fmul_32ns_32ns_32_1_max_dsp_1_U340   |fmul_32ns_32ns_32_1_max_dsp_1   |        0|   3|  0|   77|    0|
    +-------------------------------------+--------------------------------+---------+----+---+-----+-----+
    |Total                                |                                |        0|   5|  0|  303|    0|
    +-------------------------------------+--------------------------------+---------+----+---+-----+-----+

    * DSP: 
    N/A

    * Memory: 
    N/A

    * FIFO: 
    N/A

    * Expression: 
    +-----------------------+----------+----+---+----+------------+------------+
    |     Variable Name     | Operation| DSP| FF| LUT| Bitwidth P0| Bitwidth P1|
    +-----------------------+----------+----+---+----+------------+------------+
    |add_ln50_3_fu_224_p2   |         +|   0|  0|  14|           7|           7|
    |add_ln50_fu_163_p2     |         +|   0|  0|  14|           7|           7|
    |add_ln52_11_fu_267_p2  |         +|   0|  0|  14|           7|           2|
    |add_ln52_12_fu_257_p2  |         +|   0|  0|  14|           7|           1|
    |add_ln52_13_fu_277_p2  |         +|   0|  0|  14|           7|           2|
    |add_ln52_fu_247_p2     |         +|   0|  0|  14|           7|           1|
    |sub_ln50_1_fu_175_p2   |         -|   0|  0|  14|           7|           7|
    |sub_ln50_2_fu_214_p2   |         -|   0|  0|  13|           6|           6|
    |sub_ln50_3_fu_236_p2   |         -|   0|  0|  14|           7|           7|
    |sub_ln50_fu_153_p2     |         -|   0|  0|  13|           6|           6|
    |ap_enable_pp0          |       xor|   0|  0|   2|           1|           2|
    +-----------------------+----------+----+---+----+------------+------------+
    |Total                  |          |   0|  0| 140|          69|          48|
    +-----------------------+----------+----+---+----+------------+------------+

    * Multiplexer: 
    +-------------------------+----+-----------+-----+-----------+
    |           Name          | LUT| Input Size| Bits| Total Bits|
    +-------------------------+----+-----------+-----+-----------+
    |ap_NS_fsm                |  20|          4|    1|          4|
    |ap_enable_reg_pp0_iter0  |   9|          2|    1|          2|
    |ap_enable_reg_pp0_iter1  |   9|          2|    1|          2|
    |grp_fu_109_p0            |  14|          3|   32|         96|
    |grp_fu_109_p1            |  14|          3|   32|         96|
    |v1_address0              |  20|          4|    7|         28|
    |v1_address1              |  20|          4|    7|         28|
    +-------------------------+----+-----------+-----+-----------+
    |Total                    | 106|         22|   81|        256|
    +-------------------------+----+-----------+-----+-----------+

    * Register: 
    +-----------------------------+----+----+-----+-----------+
    |             Name            | FF | LUT| Bits| Const Bits|
    +-----------------------------+----+----+-----+-----------+
    |add_reg_334                  |  32|   0|   32|          0|
    |ap_CS_fsm                    |   3|   0|    3|          0|
    |ap_enable_reg_pp0_iter0_reg  |   1|   0|    1|          0|
    |ap_enable_reg_pp0_iter1      |   1|   0|    1|          0|
    |mul4_reg_329                 |  32|   0|   32|          0|
    |reg_119                      |  32|   0|   32|          0|
    |sub_ln50_1_reg_287           |   7|   0|    7|          0|
    |sub_ln50_3_reg_298           |   7|   0|    7|          0|
    +-----------------------------+----+----+-----+-----------+
    |Total                        | 115|   0|  115|          0|
    +-----------------------------+----+----+-----+-----------+



================================================================
== Interface
================================================================
* Summary: 
+-------------+-----+-----+------------+--------------+--------------+
|  RTL Ports  | Dir | Bits|  Protocol  | Source Object|    C Type    |
+-------------+-----+-----+------------+--------------+--------------+
|ap_clk       |   in|    1|  ap_ctrl_hs|       dot.150|  return value|
|ap_rst       |   in|    1|  ap_ctrl_hs|       dot.150|  return value|
|ap_start     |   in|    1|  ap_ctrl_hs|       dot.150|  return value|
|ap_done      |  out|    1|  ap_ctrl_hs|       dot.150|  return value|
|ap_idle      |  out|    1|  ap_ctrl_hs|       dot.150|  return value|
|ap_ready     |  out|    1|  ap_ctrl_hs|       dot.150|  return value|
|ap_ce        |   in|    1|  ap_ctrl_hs|       dot.150|  return value|
|ap_return    |  out|   32|  ap_ctrl_hs|       dot.150|  return value|
|v1_address0  |  out|    7|   ap_memory|            v1|         array|
|v1_ce0       |  out|    1|   ap_memory|            v1|         array|
|v1_q0        |   in|   32|   ap_memory|            v1|         array|
|v1_address1  |  out|    7|   ap_memory|            v1|         array|
|v1_ce1       |  out|    1|   ap_memory|            v1|         array|
|v1_q1        |   in|   32|   ap_memory|            v1|         array|
|v1_offset    |   in|    2|     ap_none|     v1_offset|        scalar|
|v1_offset1   |   in|    3|     ap_none|    v1_offset1|        scalar|
|v2_offset    |   in|    2|     ap_none|     v2_offset|        scalar|
|v2_offset3   |   in|    3|     ap_none|    v2_offset3|        scalar|
+-------------+-----+-----+------------+--------------+--------------+

