

================================================================
== Vitis HLS Report for 'update_A_double_5_6_1_5_s'
================================================================
* Date:           Tue Apr  4 19:45:38 2023

* Version:        2022.1 (Build 3526262 on Mon Apr 18 15:47:01 MDT 2022)
* Project:        hls_EstimateMotion
* Solution:       solution1 (Vivado IP Flow Target)
* Product family: virtexuplus
* Target device:  xcu50-fsvh2104-2L-e


================================================================
== Performance Estimates
================================================================
+ Timing: 
    * Summary: 
    +--------+----------+-----------+------------+
    |  Clock |  Target  | Estimated | Uncertainty|
    +--------+----------+-----------+------------+
    |ap_clk  |  60.00 ns|  41.175 ns|    16.20 ns|
    +--------+----------+-----------+------------+

+ Latency: 
    * Summary: 
    +---------+---------+----------+----------+-----+-----+---------+
    |  Latency (cycles) |  Latency (absolute) |  Interval | Pipeline|
    |   min   |   max   |    min   |    max   | min | max |   Type  |
    +---------+---------+----------+----------+-----+-----+---------+
    |        9|        9|  0.540 us|  0.540 us|    9|    9|       no|
    +---------+---------+----------+----------+-----+-----+---------+

    + Detail: 
        * Instance: 
        N/A

        * Loop: 
        +------------+---------+---------+----------+-----------+-----------+------+----------+
        |            |  Latency (cycles) | Iteration|  Initiation Interval  | Trip |          |
        |  Loop Name |   min   |   max   |  Latency |  achieved |   target  | Count| Pipelined|
        +------------+---------+---------+----------+-----------+-----------+------+----------+
        |- UPDATE_A  |        7|        7|         4|          1|          1|     5|       yes|
        +------------+---------+---------+----------+-----------+-----------+------+----------+



================================================================
== Utilization Estimates
================================================================
* Summary: 
+---------------------+---------+------+---------+--------+-----+
|         Name        | BRAM_18K|  DSP |    FF   |   LUT  | URAM|
+---------------------+---------+------+---------+--------+-----+
|DSP                  |        -|     -|        -|       -|    -|
|Expression           |        -|     -|        0|      60|    -|
|FIFO                 |        -|     -|        -|       -|    -|
|Instance             |        -|    38|        0|    1840|    -|
|Memory               |        -|     -|        -|       -|    -|
|Multiplexer          |        -|     -|        -|      36|    -|
|Register             |        -|     -|      485|       -|    -|
+---------------------+---------+------+---------+--------+-----+
|Total                |        0|    38|      485|    1936|    0|
+---------------------+---------+------+---------+--------+-----+
|Available SLR        |     1344|  2976|   871680|  435840|  320|
+---------------------+---------+------+---------+--------+-----+
|Utilization SLR (%)  |        0|     1|       ~0|      ~0|    0|
+---------------------+---------+------+---------+--------+-----+
|Available            |     2688|  5952|  1743360|  871680|  640|
+---------------------+---------+------+---------+--------+-----+
|Utilization (%)      |        0|    ~0|       ~0|      ~0|    0|
+---------------------+---------+------+---------+--------+-----+

+ Detail: 
    * Instance: 
    +-------------------------------------+--------------------------------+---------+----+---+-----+-----+
    |               Instance              |             Module             | BRAM_18K| DSP| FF| LUT | URAM|
    +-------------------------------------+--------------------------------+---------+----+---+-----+-----+
    |dadd_64ns_64ns_64_1_full_dsp_1_U519  |dadd_64ns_64ns_64_1_full_dsp_1  |        0|   3|  0|  708|    0|
    |dmul_64ns_64ns_64_1_max_dsp_1_U520   |dmul_64ns_64ns_64_1_max_dsp_1   |        0|   8|  0|  106|    0|
    |dmul_64ns_64ns_64_1_max_dsp_1_U521   |dmul_64ns_64ns_64_1_max_dsp_1   |        0|   8|  0|  106|    0|
    |dmul_64ns_64ns_64_1_max_dsp_1_U522   |dmul_64ns_64ns_64_1_max_dsp_1   |        0|   8|  0|  106|    0|
    |dmul_64ns_64ns_64_1_max_dsp_1_U523   |dmul_64ns_64ns_64_1_max_dsp_1   |        0|   8|  0|  106|    0|
    |dsub_64ns_64ns_64_1_full_dsp_1_U518  |dsub_64ns_64ns_64_1_full_dsp_1  |        0|   3|  0|  708|    0|
    +-------------------------------------+--------------------------------+---------+----+---+-----+-----+
    |Total                                |                                |        0|  38|  0| 1840|    0|
    +-------------------------------------+--------------------------------+---------+----+---+-----+-----+

    * DSP: 
    N/A

    * Memory: 
    N/A

    * FIFO: 
    N/A

    * Expression: 
    +---------------------------+----------+----+---+----+------------+------------+
    |       Variable Name       | Operation| DSP| FF| LUT| Bitwidth P0| Bitwidth P1|
    +---------------------------+----------+----+---+----+------------+------------+
    |add_ln139_fu_192_p2        |         +|   0|  0|  10|           3|           1|
    |add_ln146_fu_233_p2        |         +|   0|  0|  12|           5|           5|
    |add_ln147_fu_243_p2        |         +|   0|  0|  12|           5|           5|
    |sub_ln146_fu_227_p2        |         -|   0|  0|  12|           5|           5|
    |ap_condition_154           |       and|   0|  0|   2|           1|           1|
    |icmp_ln139_fu_186_p2       |      icmp|   0|  0|   8|           3|           3|
    |ap_block_pp0_stage0_11001  |        or|   0|  0|   2|           1|           1|
    |ap_enable_pp0              |       xor|   0|  0|   2|           1|           2|
    +---------------------------+----------+----+---+----+------------+------------+
    |Total                      |          |   0|  0|  60|          24|          23|
    +---------------------------+----------+----+---+----+------------+------------+

    * Multiplexer: 
    +-------------------------+----+-----------+-----+-----------+
    |           Name          | LUT| Input Size| Bits| Total Bits|
    +-------------------------+----+-----------+-----+-----------+
    |ap_done_int              |   9|          2|    1|          2|
    |ap_enable_reg_pp0_iter1  |   9|          2|    1|          2|
    |ap_sig_allocacmp_k_2     |   9|          2|    3|          6|
    |k_fu_58                  |   9|          2|    3|          6|
    +-------------------------+----+-----------+-----+-----------+
    |Total                    |  36|          8|    8|         16|
    +-------------------------+----+-----------+-----+-----------+

    * Register: 
    +------------------------------------+----+----+-----+-----------+
    |                Name                | FF | LUT| Bits| Const Bits|
    +------------------------------------+----+----+-----+-----------+
    |add_ln147_reg_325                   |   5|   0|    5|          0|
    |add_reg_330                         |  64|   0|   64|          0|
    |ap_CS_fsm                           |   1|   0|    1|          0|
    |ap_done_reg                         |   1|   0|    1|          0|
    |ap_enable_reg_pp0_iter1             |   1|   0|    1|          0|
    |ap_enable_reg_pp0_iter2             |   1|   0|    1|          0|
    |ap_enable_reg_pp0_iter3             |   1|   0|    1|          0|
    |ap_loop_exit_ready_pp0_iter1_reg    |   1|   0|    1|          0|
    |ap_loop_exit_ready_pp0_iter2_reg    |   1|   0|    1|          0|
    |c_read_reg_259                      |  64|   0|   64|          0|
    |col_i_cast_reg_271                  |   3|   0|    5|          2|
    |col_i_cast_reg_271_pp0_iter1_reg    |   3|   0|    5|          2|
    |k_2_reg_281                         |   3|   0|    3|          0|
    |k_2_reg_281_pp0_iter1_reg           |   3|   0|    3|          0|
    |k_fu_58                             |   3|   0|    3|          0|
    |mul4_reg_310                        |  64|   0|   64|          0|
    |mul5_reg_315                        |  64|   0|   64|          0|
    |mul6_reg_320                        |  64|   0|   64|          0|
    |mul_reg_305                         |  64|   0|   64|          0|
    |s_read_reg_265                      |  64|   0|   64|          0|
    |trunc_ln139_reg_286                 |   2|   0|    2|          0|
    |trunc_ln139_reg_286_pp0_iter1_reg   |   2|   0|    2|          0|
    |zext_ln139_1_reg_276                |   3|   0|    5|          2|
    |zext_ln139_1_reg_276_pp0_iter1_reg  |   3|   0|    5|          2|
    +------------------------------------+----+----+-----+-----------+
    |Total                               | 485|   0|  493|          8|
    +------------------------------------+----+----+-----+-----------+



================================================================
== Interface
================================================================
* Summary: 
+---------------+-----+-----+------------+------------------------------+--------------+
|   RTL Ports   | Dir | Bits|  Protocol  |         Source Object        |    C Type    |
+---------------+-----+-----+------------+------------------------------+--------------+
|ap_clk         |   in|    1|  ap_ctrl_hs|  update_A<double, 5, 6, 1, 5>|  return value|
|ap_rst         |   in|    1|  ap_ctrl_hs|  update_A<double, 5, 6, 1, 5>|  return value|
|ap_start       |   in|    1|  ap_ctrl_hs|  update_A<double, 5, 6, 1, 5>|  return value|
|ap_done        |  out|    1|  ap_ctrl_hs|  update_A<double, 5, 6, 1, 5>|  return value|
|ap_continue    |   in|    1|  ap_ctrl_hs|  update_A<double, 5, 6, 1, 5>|  return value|
|ap_idle        |  out|    1|  ap_ctrl_hs|  update_A<double, 5, 6, 1, 5>|  return value|
|ap_ready       |  out|    1|  ap_ctrl_hs|  update_A<double, 5, 6, 1, 5>|  return value|
|matA_address0  |  out|    5|   ap_memory|                          matA|         array|
|matA_ce0       |  out|    1|   ap_memory|                          matA|         array|
|matA_we0       |  out|    1|   ap_memory|                          matA|         array|
|matA_d0        |  out|   64|   ap_memory|                          matA|         array|
|matA_address1  |  out|    5|   ap_memory|                          matA|         array|
|matA_ce1       |  out|    1|   ap_memory|                          matA|         array|
|matA_we1       |  out|    1|   ap_memory|                          matA|         array|
|matA_d1        |  out|   64|   ap_memory|                          matA|         array|
|A_i_address0   |  out|    3|   ap_memory|                           A_i|         array|
|A_i_ce0        |  out|    1|   ap_memory|                           A_i|         array|
|A_i_q0         |   in|   64|   ap_memory|                           A_i|         array|
|A_j_address0   |  out|    3|   ap_memory|                           A_j|         array|
|A_j_ce0        |  out|    1|   ap_memory|                           A_j|         array|
|A_j_q0         |   in|   64|   ap_memory|                           A_j|         array|
|col_i          |   in|    3|     ap_none|                         col_i|        scalar|
|col_j          |   in|    3|     ap_none|                         col_j|        scalar|
|s              |   in|   64|     ap_none|                             s|        scalar|
|c              |   in|   64|     ap_none|                             c|        scalar|
+---------------+-----+-----+------------+------------------------------+--------------+

