

================================================================
== Vitis HLS Report for 'compute_R_and_t_Pipeline_VITIS_LOOP_333_8'
================================================================
* Date:           Sun Feb  5 16:56:08 2023

* Version:        2022.1 (Build 3526262 on Mon Apr 18 15:47:01 MDT 2022)
* Project:        hls_EstimateMotion
* Solution:       solution1 (Vivado IP Flow Target)
* Product family: virtexuplus
* Target device:  xcu50-fsvh2104-2L-e


================================================================
== Performance Estimates
================================================================
+ Timing: 
    * Summary: 
    +--------+----------+----------+------------+
    |  Clock |  Target  | Estimated| Uncertainty|
    +--------+----------+----------+------------+
    |ap_clk  |  60.00 ns|  9.269 ns|    16.20 ns|
    +--------+----------+----------+------------+

+ Latency: 
    * Summary: 
    +---------+---------+----------+----------+-----+-----+---------+
    |  Latency (cycles) |  Latency (absolute) |  Interval | Pipeline|
    |   min   |   max   |    min   |    max   | min | max |   Type  |
    +---------+---------+----------+----------+-----+-----+---------+
    |       34|       34|  2.040 us|  2.040 us|   34|   34|       no|
    +---------+---------+----------+----------+-----+-----+---------+

    + Detail: 
        * Instance: 
        N/A

        * Loop: 
        +--------------------+---------+---------+----------+-----------+-----------+------+----------+
        |                    |  Latency (cycles) | Iteration|  Initiation Interval  | Trip |          |
        |      Loop Name     |   min   |   max   |  Latency |  achieved |   target  | Count| Pipelined|
        +--------------------+---------+---------+----------+-----------+-----------+------+----------+
        |- VITIS_LOOP_333_8  |       32|       32|         9|          6|          1|     5|       yes|
        +--------------------+---------+---------+----------+-----------+-----------+------+----------+



================================================================
== Utilization Estimates
================================================================
* Summary: 
+---------------------+---------+------+---------+--------+-----+
|         Name        | BRAM_18K|  DSP |    FF   |   LUT  | URAM|
+---------------------+---------+------+---------+--------+-----+
|DSP                  |        -|     2|        -|       -|    -|
|Expression           |        -|     -|        0|   12546|    -|
|FIFO                 |        -|     -|        -|       -|    -|
|Instance             |        -|    15|        0|      50|    -|
|Memory               |        -|     -|        -|       -|    -|
|Multiplexer          |        -|     -|        -|     162|    -|
|Register             |        -|     -|      292|       -|    -|
+---------------------+---------+------+---------+--------+-----+
|Total                |        0|    17|      292|   12758|    0|
+---------------------+---------+------+---------+--------+-----+
|Available SLR        |     1344|  2976|   871680|  435840|  320|
+---------------------+---------+------+---------+--------+-----+
|Utilization SLR (%)  |        0|    ~0|       ~0|       2|    0|
+---------------------+---------+------+---------+--------+-----+
|Available            |     2688|  5952|  1743360|  871680|  640|
+---------------------+---------+------+---------+--------+-----+
|Utilization (%)      |        0|    ~0|       ~0|       1|    0|
+---------------------+---------+------+---------+--------+-----+

+ Detail: 
    * Instance: 
    +-----------------------------+-----------------------+---------+----+---+----+-----+
    |           Instance          |         Module        | BRAM_18K| DSP| FF| LUT| URAM|
    +-----------------------------+-----------------------+---------+----+---+----+-----+
    |mul_64ns_66ns_129_1_1_U1633  |mul_64ns_66ns_129_1_1  |        0|  15|  0|  50|    0|
    +-----------------------------+-----------------------+---------+----+---+----+-----+
    |Total                        |                       |        0|  15|  0|  50|    0|
    +-----------------------------+-----------------------+---------+----+---+----+-----+

    * DSP: 
    +-------------------------------+-------------------------+-----------+
    |            Instance           |          Module         | Expression|
    +-------------------------------+-------------------------+-----------+
    |mul_mul_9ns_10ns_19_4_1_U1634  |mul_mul_9ns_10ns_19_4_1  |    i0 * i1|
    |mul_mul_9ns_10ns_19_4_1_U1635  |mul_mul_9ns_10ns_19_4_1  |    i0 * i1|
    +-------------------------------+-------------------------+-----------+

    * Memory: 
    N/A

    * FIFO: 
    N/A

    * Expression: 
    +-----------------------+----------+----+---+------+------------+------------+
    |     Variable Name     | Operation| DSP| FF|  LUT | Bitwidth P0| Bitwidth P1|
    +-----------------------+----------+----+---+------+------------+------------+
    |add_ln333_fu_142_p2    |         +|   0|  0|    10|           3|           1|
    |add_ln335_1_fu_380_p2  |         +|   0|  0|    16|           9|           9|
    |add_ln335_2_fu_385_p2  |         +|   0|  0|    18|           9|           8|
    |add_ln335_3_fu_391_p2  |         +|   0|  0|    18|           9|           9|
    |add_ln335_fu_186_p2    |         +|   0|  0|    16|           9|           8|
    |add_ln336_1_fu_287_p2  |         +|   0|  0|    64|          64|           8|
    |add_ln336_2_fu_293_p2  |         +|   0|  0|    64|          64|          64|
    |add_ln336_3_fu_299_p2  |         +|   0|  0|    56|          56|           8|
    |add_ln336_4_fu_305_p2  |         +|   0|  0|    56|          56|          56|
    |add_ln336_fu_216_p2    |         +|   0|  0|    66|          59|           2|
    |add_ln337_1_fu_519_p2  |         +|   0|  0|    18|           9|           9|
    |add_ln337_2_fu_524_p2  |         +|   0|  0|    19|           8|           8|
    |add_ln337_3_fu_534_p2  |         +|   0|  0|    16|           9|           9|
    |add_ln337_fu_322_p2    |         +|   0|  0|    16|           9|           8|
    |sub_ln335_1_fu_374_p2  |         -|   0|  0|    16|           9|           9|
    |sub_ln335_fu_172_p2    |         -|   0|  0|    16|           9|           9|
    |sub_ln336_1_fu_281_p2  |         -|   0|  0|    63|          56|          56|
    |sub_ln336_fu_275_p2    |         -|   0|  0|    71|          64|          64|
    |sub_ln337_1_fu_513_p2  |         -|   0|  0|    19|           8|           8|
    |sub_ln337_fu_507_p2    |         -|   0|  0|    18|           9|           9|
    |icmp_ln333_fu_136_p2   |      icmp|   0|  0|     8|           3|           3|
    |lshr_ln335_fu_421_p2   |      lshr|   0|  0|  1865|         448|         448|
    |lshr_ln336_fu_560_p2   |      lshr|   0|  0|  1865|         448|         448|
    |lshr_ln337_fu_606_p2   |      lshr|   0|  0|  1865|         448|         448|
    |shl_ln335_1_fu_441_p2  |       shl|   0|  0|  1865|         448|         448|
    |shl_ln335_fu_400_p2    |       shl|   0|  0|   165|           8|          56|
    |shl_ln336_1_fu_580_p2  |       shl|   0|  0|  1865|         448|         448|
    |shl_ln336_fu_311_p2    |       shl|   0|  0|   165|           8|          56|
    |shl_ln337_1_fu_626_p2  |       shl|   0|  0|  1865|         448|         448|
    |shl_ln337_fu_543_p2    |       shl|   0|  0|   165|           8|          56|
    |ap_enable_pp0          |       xor|   0|  0|     2|           1|           2|
    |xor_ln335_fu_431_p2    |       xor|   0|  0|    65|          64|          65|
    |xor_ln336_fu_570_p2    |       xor|   0|  0|    65|          64|          65|
    |xor_ln337_fu_616_p2    |       xor|   0|  0|    65|          64|          65|
    +-----------------------+----------+----+---+------+------------+------------+
    |Total                  |          |   0|  0| 12546|        3436|        3418|
    +-----------------------+----------+----+---+------+------------+------------+

    * Multiplexer: 
    +-----------------------------+----+-----------+-----+-----------+
    |             Name            | LUT| Input Size| Bits| Total Bits|
    +-----------------------------+----+-----------+-----+-----------+
    |ap_NS_fsm                    |  37|          7|    1|          7|
    |ap_done_int                  |   9|          2|    1|          2|
    |ap_enable_reg_pp0_iter0      |   9|          2|    1|          2|
    |ap_enable_reg_pp0_iter0_reg  |   9|          2|    1|          2|
    |ap_enable_reg_pp0_iter1      |   9|          2|    1|          2|
    |ap_sig_allocacmp_i           |   9|          2|    3|          6|
    |epnp_address0                |  31|          6|    8|         48|
    |epnp_d0                      |  20|          4|  448|       1792|
    |epnp_we0                     |  20|          4|   56|        224|
    |i_150_fu_96                  |   9|          2|    3|          6|
    +-----------------------------+----+-----------+-----+-----------+
    |Total                        | 162|         33|  523|       2091|
    +-----------------------------+----+-----------+-----+-----------+

    * Register: 
    +-----------------------------+----+----+-----+-----------+
    |             Name            | FF | LUT| Bits| Const Bits|
    +-----------------------------+----+----+-----+-----------+
    |add_ln335_1_reg_708          |   6|   0|    9|          3|
    |add_ln335_reg_668            |   6|   0|    9|          3|
    |add_ln336_2_reg_683          |  61|   0|   64|          3|
    |add_ln337_1_reg_723          |   6|   0|    9|          3|
    |add_ln337_reg_693            |   6|   0|    9|          3|
    |ap_CS_fsm                    |   6|   0|    6|          0|
    |ap_done_reg                  |   1|   0|    1|          0|
    |ap_enable_reg_pp0_iter0_reg  |   1|   0|    1|          0|
    |ap_enable_reg_pp0_iter1      |   1|   0|    1|          0|
    |epnp_addr_52_reg_678         |   8|   0|    8|          0|
    |epnp_addr_53_reg_733         |   4|   0|    8|          4|
    |epnp_addr_reg_703            |   4|   0|    8|          4|
    |i_150_fu_96                  |   3|   0|    3|          0|
    |icmp_ln333_reg_657           |   1|   0|    1|          0|
    |shl_ln335_reg_713            |  56|   0|   56|          0|
    |shl_ln336_reg_688            |  56|   0|   56|          0|
    |shl_ln337_reg_728            |  56|   0|   56|          0|
    |sub_ln335_reg_661            |   6|   0|    9|          3|
    |tmp_1095_reg_718             |   4|   0|    4|          0|
    +-----------------------------+----+----+-----+-----------+
    |Total                        | 292|   0|  318|         26|
    +-----------------------------+----+----+-----+-----------+



================================================================
== Interface
================================================================
* Summary: 
+---------------+-----+-----+------------+-------------------------------------------+--------------+
|   RTL Ports   | Dir | Bits|  Protocol  |               Source Object               |    C Type    |
+---------------+-----+-----+------------+-------------------------------------------+--------------+
|ap_clk         |   in|    1|  ap_ctrl_hs|  compute_R_and_t_Pipeline_VITIS_LOOP_333_8|  return value|
|ap_rst         |   in|    1|  ap_ctrl_hs|  compute_R_and_t_Pipeline_VITIS_LOOP_333_8|  return value|
|ap_start       |   in|    1|  ap_ctrl_hs|  compute_R_and_t_Pipeline_VITIS_LOOP_333_8|  return value|
|ap_done        |  out|    1|  ap_ctrl_hs|  compute_R_and_t_Pipeline_VITIS_LOOP_333_8|  return value|
|ap_idle        |  out|    1|  ap_ctrl_hs|  compute_R_and_t_Pipeline_VITIS_LOOP_333_8|  return value|
|ap_ready       |  out|    1|  ap_ctrl_hs|  compute_R_and_t_Pipeline_VITIS_LOOP_333_8|  return value|
|epnp_address0  |  out|    8|   ap_memory|                                       epnp|         array|
|epnp_ce0       |  out|    1|   ap_memory|                                       epnp|         array|
|epnp_we0       |  out|   56|   ap_memory|                                       epnp|         array|
|epnp_d0        |  out|  448|   ap_memory|                                       epnp|         array|
|epnp_q0        |   in|  448|   ap_memory|                                       epnp|         array|
+---------------+-----+-----+------------+-------------------------------------------+--------------+

