

================================================================
== Vitis HLS Report for 'compute_R_and_t'
================================================================
* Date:           Sun Feb  5 16:57:06 2023

* Version:        2022.1 (Build 3526262 on Mon Apr 18 15:47:01 MDT 2022)
* Project:        hls_EstimateMotion
* Solution:       solution1 (Vivado IP Flow Target)
* Product family: virtexuplus
* Target device:  xcu50-fsvh2104-2L-e


================================================================
== Performance Estimates
================================================================
+ Timing: 
    * Summary: 
    +--------+----------+-----------+------------+
    |  Clock |  Target  | Estimated | Uncertainty|
    +--------+----------+-----------+------------+
    |ap_clk  |  60.00 ns|  42.900 ns|    16.20 ns|
    +--------+----------+-----------+------------+

+ Latency: 
    * Summary: 
    +---------+---------+----------+----------+-----+-----+---------+
    |  Latency (cycles) |  Latency (absolute) |  Interval | Pipeline|
    |   min   |   max   |    min   |    max   | min | max |   Type  |
    +---------+---------+----------+----------+-----+-----+---------+
    |        ?|        ?|         ?|         ?|    ?|    ?|       no|
    +---------+---------+----------+----------+-----+-----+---------+

    + Detail: 
        * Instance: 
        +-------------------------------------------------------------------------+--------------------------------------------------------------+---------+---------+----------+----------+-----+-----+---------+
        |                                                                         |                                                              |  Latency (cycles) |  Latency (absolute) |  Interval | Pipeline|
        |                                 Instance                                |                            Module                            |   min   |   max   |    min   |    max   | min | max |   Type  |
        +-------------------------------------------------------------------------+--------------------------------------------------------------+---------+---------+----------+----------+-----+-----+---------+
        |grp_compute_R_and_t_Pipeline_1_fu_582                                    |compute_R_and_t_Pipeline_1                                    |        4|        ?|  0.240 us|         ?|    4|    ?|       no|
        |grp_compute_R_and_t_Pipeline_VITIS_LOOP_311_1_fu_593                     |compute_R_and_t_Pipeline_VITIS_LOOP_311_1                     |       50|       50|  3.000 us|  3.000 us|   50|   50|       no|
        |grp_compute_R_and_t_Pipeline_VITIS_LOOP_318_4_VITIS_LOOP_320_5_fu_602    |compute_R_and_t_Pipeline_VITIS_LOOP_318_4_VITIS_LOOP_320_5    |       99|       99|  5.940 us|  5.940 us|   99|   99|       no|
        |grp_compute_R_and_t_Pipeline_VITIS_LOOP_329_6_VITIS_LOOP_330_7_fu_609    |compute_R_and_t_Pipeline_VITIS_LOOP_329_6_VITIS_LOOP_330_7    |       26|       26|  1.560 us|  1.560 us|   26|   26|       no|
        |grp_compute_R_and_t_Pipeline_VITIS_LOOP_333_8_fu_614                     |compute_R_and_t_Pipeline_VITIS_LOOP_333_8                     |       34|       34|  2.040 us|  2.040 us|   34|   34|       no|
        |grp_compute_R_and_t_Pipeline_VITIS_LOOP_347_9_VITIS_LOOP_349_10_fu_620   |compute_R_and_t_Pipeline_VITIS_LOOP_347_9_VITIS_LOOP_349_10   |       20|       20|  1.200 us|  1.200 us|   20|   20|       no|
        |grp_compute_R_and_t_Pipeline_8_fu_638                                    |compute_R_and_t_Pipeline_8                                    |       20|       20|  1.200 us|  1.200 us|   20|   20|       no|
        |grp_compute_R_and_t_Pipeline_9_fu_643                                    |compute_R_and_t_Pipeline_9                                    |       20|       20|  1.200 us|  1.200 us|   20|   20|       no|
        |grp_compute_R_and_t_Pipeline_10_fu_648                                   |compute_R_and_t_Pipeline_10                                   |       20|       20|  1.200 us|  1.200 us|   20|   20|       no|
        |grp_compute_R_and_t_Pipeline_12_fu_653                                   |compute_R_and_t_Pipeline_12                                   |       20|       20|  1.200 us|  1.200 us|   20|   20|       no|
        |grp_compute_R_and_t_Pipeline_VITIS_LOOP_356_11_fu_658                    |compute_R_and_t_Pipeline_VITIS_LOOP_356_11                    |       15|       15|  0.900 us|  0.900 us|   15|   15|       no|
        |grp_compute_R_and_t_Pipeline_VITIS_LOOP_367_12_fu_680                    |compute_R_and_t_Pipeline_VITIS_LOOP_367_12                    |       52|       52|  3.120 us|  3.120 us|   52|   52|       no|
        |grp_svd_7_fu_693                                                         |svd_7                                                         |        ?|        ?|         ?|         ?|    ?|    ?|       no|
        |grp_compute_R_and_t_Pipeline_13_fu_700                                   |compute_R_and_t_Pipeline_13                                   |        4|        ?|  0.240 us|         ?|    4|    ?|       no|
        |grp_compute_R_and_t_Pipeline_VITIS_LOOP_380_14_VITIS_LOOP_381_15_fu_712  |compute_R_and_t_Pipeline_VITIS_LOOP_380_14_VITIS_LOOP_381_15  |       22|       22|  1.320 us|  1.320 us|   22|   22|       no|
        |grp_dot_9_fu_722                                                         |dot_9                                                         |        6|        6|  0.360 us|  0.360 us|    6|    6|       no|
        |grp_compute_R_and_t_Pipeline_VITIS_LOOP_407_16_fu_732                    |compute_R_and_t_Pipeline_VITIS_LOOP_407_16                    |      148|      148|  8.880 us|  8.880 us|  148|  148|       no|
        +-------------------------------------------------------------------------+--------------------------------------------------------------+---------+---------+----------+----------+-----+-----+---------+

        * Loop: 
        +--------------------+---------+---------+----------+-----------+-----------+------+----------+
        |                    |  Latency (cycles) | Iteration|  Initiation Interval  | Trip |          |
        |      Loop Name     |   min   |   max   |  Latency |  achieved |   target  | Count| Pipelined|
        +--------------------+---------+---------+----------+-----------+-----------+------+----------+
        |- Loop 1            |       24|       24|         1|          -|          -|    24|        no|
        |- Loop 2            |       30|       30|         1|          -|          -|    30|        no|
        |- VITIS_LOOP_114_1  |        ?|        ?|     2 ~ ?|          -|          -|     ?|        no|
        |- VITIS_LOOP_114_1  |        ?|        ?|     2 ~ ?|          -|          -|     ?|        no|
        +--------------------+---------+---------+----------+-----------+-----------+------+----------+



================================================================
== Utilization Estimates
================================================================
* Summary: 
+---------------------+---------+------+---------+--------+-----+
|         Name        | BRAM_18K|  DSP |    FF   |   LUT  | URAM|
+---------------------+---------+------+---------+--------+-----+
|DSP                  |        -|    11|        -|       -|    -|
|Expression           |        -|     -|        0|   30548|    -|
|FIFO                 |        -|     -|        -|       -|    -|
|Instance             |        0|   560|    30209|  154823|    0|
|Memory               |        0|     -|      384|     390|    0|
|Multiplexer          |        -|     -|        -|    1721|    -|
|Register             |        -|     -|     4552|       -|    -|
+---------------------+---------+------+---------+--------+-----+
|Total                |        0|   571|    35145|  187482|    0|
+---------------------+---------+------+---------+--------+-----+
|Available SLR        |     1344|  2976|   871680|  435840|  320|
+---------------------+---------+------+---------+--------+-----+
|Utilization SLR (%)  |        0|    19|        4|      43|    0|
+---------------------+---------+------+---------+--------+-----+
|Available            |     2688|  5952|  1743360|  871680|  640|
+---------------------+---------+------+---------+--------+-----+
|Utilization (%)      |        0|     9|        2|      21|    0|
+---------------------+---------+------+---------+--------+-----+

+ Detail: 
    * Instance: 
    +-------------------------------------------------------------------------+--------------------------------------------------------------+---------+-----+-------+-------+-----+
    |                                 Instance                                |                            Module                            | BRAM_18K| DSP |   FF  |  LUT  | URAM|
    +-------------------------------------------------------------------------+--------------------------------------------------------------+---------+-----+-------+-------+-----+
    |grp_compute_R_and_t_Pipeline_1_fu_582                                    |compute_R_and_t_Pipeline_1                                    |        0|   15|    338|   2721|    0|
    |grp_compute_R_and_t_Pipeline_10_fu_648                                   |compute_R_and_t_Pipeline_10                                   |        0|    0|      7|     73|    0|
    |grp_compute_R_and_t_Pipeline_12_fu_653                                   |compute_R_and_t_Pipeline_12                                   |        0|    0|      7|     73|    0|
    |grp_compute_R_and_t_Pipeline_13_fu_700                                   |compute_R_and_t_Pipeline_13                                   |        0|   15|    351|   2672|    0|
    |grp_compute_R_and_t_Pipeline_8_fu_638                                    |compute_R_and_t_Pipeline_8                                    |        0|    0|      7|     73|    0|
    |grp_compute_R_and_t_Pipeline_9_fu_643                                    |compute_R_and_t_Pipeline_9                                    |        0|    0|      7|     73|    0|
    |grp_compute_R_and_t_Pipeline_VITIS_LOOP_311_1_fu_593                     |compute_R_and_t_Pipeline_VITIS_LOOP_311_1                     |        0|   35|   1102|  27095|    0|
    |grp_compute_R_and_t_Pipeline_VITIS_LOOP_318_4_VITIS_LOOP_320_5_fu_602    |compute_R_and_t_Pipeline_VITIS_LOOP_318_4_VITIS_LOOP_320_5    |        0|   26|   2387|  19228|    0|
    |grp_compute_R_and_t_Pipeline_VITIS_LOOP_329_6_VITIS_LOOP_330_7_fu_609    |compute_R_and_t_Pipeline_VITIS_LOOP_329_6_VITIS_LOOP_330_7    |        0|    0|     16|    267|    0|
    |grp_compute_R_and_t_Pipeline_VITIS_LOOP_333_8_fu_614                     |compute_R_and_t_Pipeline_VITIS_LOOP_333_8                     |        0|   17|    292|  12758|    0|
    |grp_compute_R_and_t_Pipeline_VITIS_LOOP_347_9_VITIS_LOOP_349_10_fu_620   |compute_R_and_t_Pipeline_VITIS_LOOP_347_9_VITIS_LOOP_349_10   |        0|    7|   1130|   5793|    0|
    |grp_compute_R_and_t_Pipeline_VITIS_LOOP_356_11_fu_658                    |compute_R_and_t_Pipeline_VITIS_LOOP_356_11                    |        0|    0|    782|    294|    0|
    |grp_compute_R_and_t_Pipeline_VITIS_LOOP_367_12_fu_680                    |compute_R_and_t_Pipeline_VITIS_LOOP_367_12                    |        0|   69|   1421|  17139|    0|
    |grp_compute_R_and_t_Pipeline_VITIS_LOOP_380_14_VITIS_LOOP_381_15_fu_712  |compute_R_and_t_Pipeline_VITIS_LOOP_380_14_VITIS_LOOP_381_15  |        0|   20|    304|   3474|    0|
    |grp_compute_R_and_t_Pipeline_VITIS_LOOP_407_16_fu_732                    |compute_R_and_t_Pipeline_VITIS_LOOP_407_16                    |        0|   30|   1598|  17604|    0|
    |dadddsub_64ns_64ns_64_1_full_dsp_1_U2051                                 |dadddsub_64ns_64ns_64_1_full_dsp_1                            |        0|    3|      0|    708|    0|
    |dcmp_64ns_64ns_1_1_no_dsp_1_U2058                                        |dcmp_64ns_64ns_1_1_no_dsp_1                                   |        0|    0|      0|      0|    0|
    |ddiv_64ns_64ns_64_5_no_dsp_1_U2057                                       |ddiv_64ns_64ns_64_5_no_dsp_1                                  |        0|    0|      0|      0|    0|
    |dmul_64ns_64ns_64_1_max_dsp_1_U2052                                      |dmul_64ns_64ns_64_1_max_dsp_1                                 |        0|    8|      0|    106|    0|
    |dmul_64ns_64ns_64_1_max_dsp_1_U2053                                      |dmul_64ns_64ns_64_1_max_dsp_1                                 |        0|    8|      0|    106|    0|
    |dmul_64ns_64ns_64_1_max_dsp_1_U2054                                      |dmul_64ns_64ns_64_1_max_dsp_1                                 |        0|    8|      0|    106|    0|
    |dmul_64ns_64ns_64_1_max_dsp_1_U2055                                      |dmul_64ns_64ns_64_1_max_dsp_1                                 |        0|    8|      0|    106|    0|
    |dmul_64ns_64ns_64_1_max_dsp_1_U2056                                      |dmul_64ns_64ns_64_1_max_dsp_1                                 |        0|    8|      0|    106|    0|
    |grp_dot_9_fu_722                                                         |dot_9                                                         |        0|   22|    247|   6808|    0|
    |dsqrt_64ns_64ns_64_3_no_dsp_1_U2070                                      |dsqrt_64ns_64ns_64_3_no_dsp_1                                 |        0|    0|      0|      0|    0|
    |grp_svd_7_fu_693                                                         |svd_7                                                         |        0|  261|  20213|  37440|    0|
    +-------------------------------------------------------------------------+--------------------------------------------------------------+---------+-----+-------+-------+-----+
    |Total                                                                    |                                                              |        0|  560|  30209| 154823|    0|
    +-------------------------------------------------------------------------+--------------------------------------------------------------+---------+-----+-------+-------+-----+

    * DSP: 
    +--------------------------------+--------------------------+-----------+
    |            Instance            |          Module          | Expression|
    +--------------------------------+--------------------------+-----------+
    |mul_mul_13ns_14ns_27_4_1_U2059  |mul_mul_13ns_14ns_27_4_1  |    i0 * i1|
    |mul_mul_13ns_14ns_27_4_1_U2060  |mul_mul_13ns_14ns_27_4_1  |    i0 * i1|
    |mul_mul_13ns_14ns_27_4_1_U2061  |mul_mul_13ns_14ns_27_4_1  |    i0 * i1|
    |mul_mul_13ns_14ns_27_4_1_U2062  |mul_mul_13ns_14ns_27_4_1  |    i0 * i1|
    |mul_mul_13ns_14ns_27_4_1_U2063  |mul_mul_13ns_14ns_27_4_1  |    i0 * i1|
    |mul_mul_13ns_14ns_27_4_1_U2064  |mul_mul_13ns_14ns_27_4_1  |    i0 * i1|
    |mul_mul_13ns_14ns_27_4_1_U2065  |mul_mul_13ns_14ns_27_4_1  |    i0 * i1|
    |mul_mul_13ns_14ns_27_4_1_U2066  |mul_mul_13ns_14ns_27_4_1  |    i0 * i1|
    |mul_mul_13ns_14ns_27_4_1_U2067  |mul_mul_13ns_14ns_27_4_1  |    i0 * i1|
    |mul_mul_13ns_14ns_27_4_1_U2068  |mul_mul_13ns_14ns_27_4_1  |    i0 * i1|
    |mul_mul_13ns_14ns_27_4_1_U2069  |mul_mul_13ns_14ns_27_4_1  |    i0 * i1|
    +--------------------------------+--------------------------+-----------+

    * Memory: 
    +--------------+------------------------------------------+---------+----+----+-----+------+-----+------+-------------+
    |    Memory    |                  Module                  | BRAM_18K| FF | LUT| URAM| Words| Bits| Banks| W*Bits*Banks|
    +--------------+------------------------------------------+---------+----+----+-----+------+-----+------+-------------+
    |ABt_U         |compute_R_and_t_ABt_RAM_AUTO_1R1W         |        0|  64|  65|    0|    10|   64|     1|          640|
    |ABt_V_U       |compute_R_and_t_ABt_RAM_AUTO_1R1W         |        0|  64|  65|    0|    10|   64|     1|          640|
    |ABt_U_U       |compute_R_and_t_ABt_U_RAM_1WNR_AUTO_1R1W  |        0|  64|  65|    0|    10|   64|     1|          640|
    |ccs_U         |compute_R_and_t_ccs_RAM_AUTO_1R1W         |        0|  64|  65|    0|    13|   64|     1|          832|
    |ref_tmp_U     |getSubset_ref_tmp_RAM_AUTO_1R1W           |        0|  64|  65|    0|    16|   64|     1|         1024|
    |ref_tmp298_U  |svd_3_1_ref_tmp_RAM_AUTO_1R1W             |        0|  64|  65|    0|    10|   64|     1|          640|
    +--------------+------------------------------------------+---------+----+----+-----+------+-----+------+-------------+
    |Total         |                                          |        0| 384| 390|    0|    69|  384|     6|         4416|
    +--------------+------------------------------------------+---------+----+----+-----+------+-----+------+-------------+

    * FIFO: 
    N/A

    * Expression: 
    +----------------------------------+----------+----+---+------+------------+------------+
    |           Variable Name          | Operation| DSP| FF|  LUT | Bitwidth P0| Bitwidth P1|
    +----------------------------------+----------+----+---+------+------------+------------+
    |add_ln114_24_fu_1216_p2           |         +|   0|  0|    39|          32|           1|
    |add_ln114_fu_1001_p2              |         +|   0|  0|    39|          32|           1|
    |add_ln387_1_fu_1271_p2            |         +|   0|  0|    19|          12|           6|
    |add_ln387_2_fu_1485_p2            |         +|   0|  0|    18|           9|           6|
    |add_ln387_3_fu_1288_p2            |         +|   0|  0|    18|          11|           7|
    |add_ln387_4_fu_1510_p2            |         +|   0|  0|    18|           9|           9|
    |add_ln387_5_fu_1902_p2            |         +|   0|  0|    18|           9|           7|
    |add_ln387_6_fu_1927_p2            |         +|   0|  0|    18|           9|           9|
    |add_ln387_fu_1454_p2              |         +|   0|  0|    18|           9|           9|
    |add_ln388_10_fu_1963_p2           |         +|   0|  0|    18|           9|           6|
    |add_ln388_11_fu_1968_p2           |         +|   0|  0|    18|           9|           9|
    |add_ln388_4_fu_1314_p2            |         +|   0|  0|    18|          11|           6|
    |add_ln388_5_fu_1619_p2            |         +|   0|  0|    18|           9|           4|
    |add_ln388_6_fu_1327_p2            |         +|   0|  0|    19|          12|           6|
    |add_ln388_7_fu_1644_p2            |         +|   0|  0|    18|           9|           9|
    |add_ln388_8_fu_1775_p2            |         +|   0|  0|    18|           9|           6|
    |add_ln388_9_fu_1800_p2            |         +|   0|  0|    18|           9|           9|
    |add_ln388_fu_1301_p2              |         +|   0|  0|    19|          12|           4|
    |add_ln389_1_fu_2003_p2            |         +|   0|  0|    18|           9|           5|
    |add_ln389_2_fu_1421_p2            |         +|   0|  0|    19|          12|           5|
    |add_ln389_3_fu_2028_p2            |         +|   0|  0|    18|           9|           9|
    |add_ln389_4_fu_1606_p2            |         +|   0|  0|    18|          11|           6|
    |add_ln389_5_fu_2066_p2            |         +|   0|  0|    18|           9|           5|
    |add_ln389_6_fu_2091_p2            |         +|   0|  0|    18|           9|           9|
    |add_ln389_7_fu_2161_p2            |         +|   0|  0|    18|           9|           6|
    |add_ln389_8_fu_2186_p2            |         +|   0|  0|    18|           9|           9|
    |add_ln389_fu_1408_p2              |         +|   0|  0|    19|          12|           5|
    |add_ln396_1_fu_2280_p2            |         +|   0|  0|    18|           9|           9|
    |add_ln396_fu_2275_p2              |         +|   0|  0|    18|           9|           6|
    |add_ln397_1_fu_2316_p2            |         +|   0|  0|    18|           9|           9|
    |add_ln397_fu_2311_p2              |         +|   0|  0|    18|           9|           6|
    |add_ln398_1_fu_2340_p2            |         +|   0|  0|    18|           9|           9|
    |add_ln398_fu_2335_p2              |         +|   0|  0|    18|           9|           7|
    |add_ln402_1_fu_2427_p2            |         +|   0|  0|    19|           8|           4|
    |add_ln402_2_fu_2495_p2            |         +|   0|  0|    19|           8|           8|
    |add_ln402_3_fu_2501_p2            |         +|   0|  0|    19|           8|           4|
    |add_ln402_4_fu_2507_p2            |         +|   0|  0|    19|           8|           8|
    |add_ln402_fu_2411_p2              |         +|   0|  0|    18|          11|           4|
    |add_ln403_1_fu_2560_p2            |         +|   0|  0|    19|           8|           5|
    |add_ln403_2_fu_2627_p2            |         +|   0|  0|    19|           8|           8|
    |add_ln403_3_fu_2633_p2            |         +|   0|  0|    19|           8|           5|
    |add_ln403_4_fu_2639_p2            |         +|   0|  0|    19|           8|           8|
    |add_ln403_fu_2547_p2              |         +|   0|  0|    18|          11|           5|
    |empty_1545_fu_888_p2              |         +|   0|  0|    12|           5|           1|
    |empty_1549_fu_951_p2              |         +|   0|  0|    12|           5|           1|
    |tmp18_fu_1262_p2                  |         +|   0|  0|    46|          39|          39|
    |empty_1554_fu_1031_p2             |         -|   0|  0|    45|          38|          38|
    |empty_1558_fu_1246_p2             |         -|   0|  0|    45|          38|          38|
    |sub_ln387_1_fu_1504_p2            |         -|   0|  0|    16|           9|           9|
    |sub_ln387_2_fu_1921_p2            |         -|   0|  0|    16|           9|           9|
    |sub_ln387_fu_1448_p2              |         -|   0|  0|    18|           9|           9|
    |sub_ln388_1_fu_1794_p2            |         -|   0|  0|    16|           9|           9|
    |sub_ln388_2_fu_1756_p2            |         -|   0|  0|    16|           9|           9|
    |sub_ln388_fu_1638_p2              |         -|   0|  0|    16|           9|           9|
    |sub_ln389_1_fu_2085_p2            |         -|   0|  0|    16|           9|           9|
    |sub_ln389_2_fu_2180_p2            |         -|   0|  0|    16|           9|           9|
    |sub_ln389_fu_2022_p2              |         -|   0|  0|    16|           9|           9|
    |sub_ln402_fu_2489_p2              |         -|   0|  0|    15|           8|           8|
    |sub_ln403_fu_2621_p2              |         -|   0|  0|    15|           8|           8|
    |and_ln327_fu_1095_p2              |       and|   0|  0|     2|           1|           1|
    |and_ln394_fu_2260_p2              |       and|   0|  0|     2|           1|           1|
    |ap_block_state24_on_subcall_done  |       and|   0|  0|     2|           1|           1|
    |ap_block_state7_on_subcall_done   |       and|   0|  0|     2|           1|           1|
    |empty_1552_fu_987_p2              |      icmp|   0|  0|    20|          32|           1|
    |empty_1557_fu_1192_p2             |      icmp|   0|  0|    20|          32|           1|
    |exitcond302_fu_957_p2             |      icmp|   0|  0|     9|           5|           3|
    |exitcond303_fu_894_p2             |      icmp|   0|  0|     9|           5|           5|
    |icmp_ln114_25_fu_1211_p2          |      icmp|   0|  0|    20|          32|          32|
    |icmp_ln114_fu_996_p2              |      icmp|   0|  0|    20|          32|          32|
    |icmp_ln327_1_fu_1083_p2           |      icmp|   0|  0|    24|          52|           1|
    |icmp_ln327_fu_1077_p2             |      icmp|   0|  0|    11|          11|           2|
    |icmp_ln394_1_fu_2248_p2           |      icmp|   0|  0|    24|          52|           1|
    |icmp_ln394_fu_2242_p2             |      icmp|   0|  0|    11|          11|           2|
    |lshr_ln387_1_fu_1532_p2           |      lshr|   0|  0|  1865|         448|         448|
    |lshr_ln387_2_fu_1949_p2           |      lshr|   0|  0|  1865|         448|         448|
    |lshr_ln387_fu_1475_p2             |      lshr|   0|  0|  1865|         448|         448|
    |lshr_ln388_1_fu_1822_p2           |      lshr|   0|  0|  1865|         448|         448|
    |lshr_ln388_2_fu_1989_p2           |      lshr|   0|  0|  1865|         448|         448|
    |lshr_ln388_fu_1666_p2             |      lshr|   0|  0|  1865|         448|         448|
    |lshr_ln389_1_fu_2113_p2           |      lshr|   0|  0|  1865|         448|         448|
    |lshr_ln389_2_fu_2208_p2           |      lshr|   0|  0|  1865|         448|         448|
    |lshr_ln389_fu_2050_p2             |      lshr|   0|  0|  1865|         448|         448|
    |ap_block_state14_on_subcall_done  |        or|   0|  0|     2|           1|           1|
    |ap_block_state16_on_subcall_done  |        or|   0|  0|     2|           1|           1|
    |or_ln327_fu_1089_p2               |        or|   0|  0|     2|           1|           1|
    |or_ln394_fu_2254_p2               |        or|   0|  0|     2|           1|           1|
    |empty_1544_fu_866_p2              |       shl|   0|  0|    16|           4|           8|
    |empty_1548_fu_929_p2              |       shl|   0|  0|    16|           4|           8|
    |shl_ln396_1_fu_2296_p2            |       shl|   0|  0|  1865|         448|         448|
    |shl_ln396_fu_2289_p2              |       shl|   0|  0|   165|           8|          56|
    |shl_ln397_1_fu_2321_p2            |       shl|   0|  0|  1865|         448|         448|
    |shl_ln397_fu_2353_p2              |       shl|   0|  0|   165|           8|          56|
    |shl_ln398_1_fu_2345_p2            |       shl|   0|  0|  1865|         448|         448|
    |shl_ln398_fu_2363_p2              |       shl|   0|  0|   165|           8|          56|
    |shl_ln401_2_fu_2404_p2            |       shl|   0|  0|  1865|         448|         448|
    |shl_ln401_fu_2386_p2              |       shl|   0|  0|   165|           8|          56|
    |shl_ln402_1_fu_2540_p2            |       shl|   0|  0|  1865|         448|         448|
    |shl_ln402_fu_2517_p2              |       shl|   0|  0|   165|           8|          56|
    |shl_ln403_1_fu_2671_p2            |       shl|   0|  0|  1865|         448|         448|
    |shl_ln403_fu_2648_p2              |       shl|   0|  0|   165|           8|          56|
    |xor_ln396_fu_2266_p2              |       xor|   0|  0|    65|          64|          65|
    |xor_ln397_fu_2302_p2              |       xor|   0|  0|    65|          64|          65|
    |xor_ln398_fu_2326_p2              |       xor|   0|  0|    65|          64|          65|
    |xor_ln401_fu_2370_p2              |       xor|   0|  0|     7|           6|           7|
    +----------------------------------+----------+----+---+------+------------+------------+
    |Total                             |          |   0|  0| 30548|        7918|        7854|
    +----------------------------------+----------+----+---+------+------------+------------+

    * Multiplexer: 
    +------------------------+-----+-----------+-----+-----------+
    |          Name          | LUT | Input Size| Bits| Total Bits|
    +------------------------+-----+-----------+-----+-----------+
    |ABt_U_address0          |   26|          5|    4|         20|
    |ABt_U_ce0               |   26|          5|    1|          5|
    |ABt_U_ce1               |    9|          2|    1|          2|
    |ABt_U_d0                |   20|          4|   64|        256|
    |ABt_U_we0               |   20|          4|    8|         32|
    |ABt_V_address0          |   26|          5|    4|         20|
    |ABt_V_address1          |   14|          3|    4|         12|
    |ABt_V_ce0               |   26|          5|    1|          5|
    |ABt_V_ce1               |   14|          3|    1|          3|
    |ABt_V_d0                |   20|          4|   64|        256|
    |ABt_V_we0               |   20|          4|    8|         32|
    |ABt_V_we1               |    9|          2|    8|         16|
    |ABt_address0            |   26|          5|    4|         20|
    |ABt_address1            |   14|          3|    4|         12|
    |ABt_ce0                 |   26|          5|    1|          5|
    |ABt_ce1                 |   14|          3|    1|          3|
    |ABt_d0                  |   20|          4|   64|        256|
    |ABt_we0                 |   20|          4|    8|         32|
    |ABt_we1                 |    9|          2|    8|         16|
    |ap_NS_fsm               |  249|         58|    1|         58|
    |ap_return               |    9|          2|   64|        128|
    |ccs_address0            |   31|          6|    4|         24|
    |ccs_address1            |   14|          3|    4|         12|
    |ccs_ce0                 |   26|          5|    1|          5|
    |ccs_ce1                 |   14|          3|    1|          3|
    |ccs_d0                  |   26|          5|   64|        320|
    |ccs_we0                 |   26|          5|    8|         40|
    |ccs_we1                 |    9|          2|    8|         16|
    |epnp_address0           |   97|         20|    8|        160|
    |epnp_address1           |   65|         15|    8|        120|
    |epnp_ce0                |   65|         12|    1|         12|
    |epnp_ce1                |   43|          8|    1|          8|
    |epnp_d0                 |   49|          9|  448|       4032|
    |epnp_d1                 |   20|          4|  448|       1792|
    |epnp_we0                |   49|          9|   56|        504|
    |epnp_we1                |   20|          4|   56|        224|
    |grp_dot_9_fu_722_v1     |   20|          4|   12|         48|
    |grp_fu_3581_ce          |   14|          3|    1|          3|
    |grp_fu_3581_p0          |   14|          3|   64|        192|
    |grp_fu_3581_p1          |   14|          3|   64|        192|
    |grp_fu_749_opcode       |   14|          3|    2|          6|
    |grp_fu_749_p0           |   31|          6|   64|        384|
    |grp_fu_749_p1           |   31|          6|   64|        384|
    |grp_fu_753_p0           |   20|          4|   64|        256|
    |grp_fu_753_p1           |   20|          4|   64|        256|
    |grp_fu_757_p0           |   20|          4|   64|        256|
    |grp_fu_757_p1           |   20|          4|   64|        256|
    |grp_fu_761_p0           |   20|          4|   64|        256|
    |grp_fu_761_p1           |   20|          4|   64|        256|
    |grp_fu_765_p0           |   14|          3|   64|        192|
    |grp_fu_765_p1           |   14|          3|   64|        192|
    |grp_fu_773_ce           |   20|          4|    1|          4|
    |grp_fu_773_p0           |   26|          5|   64|        320|
    |grp_fu_773_p1           |   26|          5|   64|        320|
    |grp_fu_778_p0           |   14|          3|   64|        192|
    |i_153_fu_354            |    9|          2|   32|         64|
    |i_fu_350                |    9|          2|   32|         64|
    |loop_index_i189_fu_346  |    9|          2|    5|         10|
    |loop_index_i_fu_242     |    9|          2|    5|         10|
    |ref_tmp298_address0     |   26|          5|    4|         20|
    |ref_tmp298_ce0          |   20|          4|    1|          4|
    |ref_tmp298_d0           |   14|          3|   64|        192|
    |ref_tmp298_we0          |   14|          3|    8|         24|
    |ref_tmp_address0        |   26|          5|    4|         20|
    |ref_tmp_ce0             |   14|          3|    1|          3|
    |ref_tmp_d0              |   14|          3|   64|        192|
    |ref_tmp_we0             |   14|          3|    8|         24|
    +------------------------+-----+-----------+-----+-----------+
    |Total                   | 1721|        354| 2643|      13053|
    +------------------------+-----+-----------+-----+-----------+

    * Register: 
    +--------------------------------------------------------------------------------------+-----+----+-----+-----------+
    |                                         Name                                         |  FF | LUT| Bits| Const Bits|
    +--------------------------------------------------------------------------------------+-----+----+-----+-----------+
    |add_ln114_24_reg_3168                                                                 |   32|   0|   32|          0|
    |add_ln114_reg_3040                                                                    |   32|   0|   32|          0|
    |add_ln388_6_reg_3213                                                                  |   12|   0|   12|          0|
    |add_ln389_2_reg_3263                                                                  |   12|   0|   12|          0|
    |add_ln397_1_reg_3481                                                                  |    9|   0|    9|          0|
    |add_ln398_1_reg_3491                                                                  |    9|   0|    9|          0|
    |and_ln327_reg_3066                                                                    |    1|   0|    1|          0|
    |and_ln394_reg_3477                                                                    |    1|   0|    1|          0|
    |ap_CS_fsm                                                                             |   57|   0|   57|          0|
    |ap_return_preg                                                                        |   64|   0|   64|          0|
    |bitcast_ln387_1_reg_3356                                                              |   64|   0|   64|          0|
    |bitcast_ln387_2_reg_3416                                                              |   64|   0|   64|          0|
    |bitcast_ln388_2_reg_3431                                                              |   64|   0|   64|          0|
    |bitcast_ln388_reg_3361                                                                |   64|   0|   64|          0|
    |empty_1541_reg_2977                                                                   |    6|   0|    6|          0|
    |empty_1542_reg_2982                                                                   |    9|   0|    9|          0|
    |empty_1551_reg_3023                                                                   |   32|   0|   32|          0|
    |empty_1552_reg_3033                                                                   |    1|   0|    1|          0|
    |empty_1553_reg_3056                                                                   |    8|   0|    8|          0|
    |empty_1554_reg_3045                                                                   |   35|   0|   38|          3|
    |empty_1555_reg_3051                                                                   |    4|   0|    7|          3|
    |empty_1556_reg_3136                                                                   |   32|   0|   32|          0|
    |empty_1557_reg_3146                                                                   |    1|   0|    1|          0|
    |empty_1558_reg_3173                                                                   |   35|   0|   38|          3|
    |empty_1559_reg_3178                                                                   |    4|   0|    7|          3|
    |empty_1560_reg_3538                                                                   |   64|   0|   64|          0|
    |empty_1561_reg_3558                                                                   |   64|   0|   64|          0|
    |empty_1562_reg_3563                                                                   |   64|   0|   64|          0|
    |empty_1563_reg_3568                                                                   |   64|   0|   64|          0|
    |empty_1564_reg_3573                                                                   |   64|   0|   64|          0|
    |empty_reg_2856                                                                        |   11|   0|   11|          0|
    |epnp_addr_73_reg_3284                                                                 |    8|   0|    8|          0|
    |epnp_addr_76_reg_3344                                                                 |    8|   0|    8|          0|
    |epnp_addr_79_reg_3441                                                                 |    8|   0|    8|          0|
    |epnp_load_62_reg_3319                                                                 |  448|   0|  448|          0|
    |epnp_load_65_reg_3366                                                                 |  448|   0|  448|          0|
    |grp_compute_R_and_t_Pipeline_10_fu_648_ap_start_reg                                   |    1|   0|    1|          0|
    |grp_compute_R_and_t_Pipeline_12_fu_653_ap_start_reg                                   |    1|   0|    1|          0|
    |grp_compute_R_and_t_Pipeline_13_fu_700_ap_start_reg                                   |    1|   0|    1|          0|
    |grp_compute_R_and_t_Pipeline_1_fu_582_ap_start_reg                                    |    1|   0|    1|          0|
    |grp_compute_R_and_t_Pipeline_8_fu_638_ap_start_reg                                    |    1|   0|    1|          0|
    |grp_compute_R_and_t_Pipeline_9_fu_643_ap_start_reg                                    |    1|   0|    1|          0|
    |grp_compute_R_and_t_Pipeline_VITIS_LOOP_311_1_fu_593_ap_start_reg                     |    1|   0|    1|          0|
    |grp_compute_R_and_t_Pipeline_VITIS_LOOP_318_4_VITIS_LOOP_320_5_fu_602_ap_start_reg    |    1|   0|    1|          0|
    |grp_compute_R_and_t_Pipeline_VITIS_LOOP_329_6_VITIS_LOOP_330_7_fu_609_ap_start_reg    |    1|   0|    1|          0|
    |grp_compute_R_and_t_Pipeline_VITIS_LOOP_333_8_fu_614_ap_start_reg                     |    1|   0|    1|          0|
    |grp_compute_R_and_t_Pipeline_VITIS_LOOP_347_9_VITIS_LOOP_349_10_fu_620_ap_start_reg   |    1|   0|    1|          0|
    |grp_compute_R_and_t_Pipeline_VITIS_LOOP_356_11_fu_658_ap_start_reg                    |    1|   0|    1|          0|
    |grp_compute_R_and_t_Pipeline_VITIS_LOOP_367_12_fu_680_ap_start_reg                    |    1|   0|    1|          0|
    |grp_compute_R_and_t_Pipeline_VITIS_LOOP_380_14_VITIS_LOOP_381_15_fu_712_ap_start_reg  |    1|   0|    1|          0|
    |grp_compute_R_and_t_Pipeline_VITIS_LOOP_407_16_fu_732_ap_start_reg                    |    1|   0|    1|          0|
    |grp_dot_9_fu_722_ap_start_reg                                                         |    1|   0|    1|          0|
    |grp_svd_7_fu_693_ap_start_reg                                                         |    1|   0|    1|          0|
    |i_153_fu_354                                                                          |   32|   0|   32|          0|
    |i_fu_350                                                                              |   32|   0|   32|          0|
    |loop_index_i189_fu_346                                                                |    5|   0|    5|          0|
    |loop_index_i_fu_242                                                                   |    5|   0|    5|          0|
    |mul184_reg_3436                                                                       |   64|   0|   64|          0|
    |mul188_reg_3457                                                                       |   64|   0|   64|          0|
    |p_cast54_reg_3141                                                                     |   32|   0|   32|          0|
    |p_cast60_reg_3543                                                                     |   64|   0|   64|          0|
    |p_cast62_reg_3548                                                                     |   64|   0|   64|          0|
    |p_cast64_reg_3553                                                                     |   64|   0|   64|          0|
    |p_cast_reg_3028                                                                       |   32|   0|   32|          0|
    |reg_793                                                                               |   64|   0|   64|          0|
    |reg_800                                                                               |   64|   0|   64|          0|
    |reg_806                                                                               |   64|   0|   64|          0|
    |reg_812                                                                               |   64|   0|   64|          0|
    |reg_818                                                                               |   64|   0|   64|          0|
    |reg_825                                                                               |   64|   0|   64|          0|
    |sext_ln114_reg_3155                                                                   |   13|   0|   13|          0|
    |shl_ln397_1_reg_3486                                                                  |  448|   0|  448|          0|
    |shl_ln398_1_reg_3496                                                                  |  448|   0|  448|          0|
    |sub27_reg_3518                                                                        |   64|   0|   64|          0|
    |sub28_reg_3528                                                                        |   64|   0|   64|          0|
    |sub_ln387_2_reg_3401                                                                  |    6|   0|    9|          3|
    |sub_ln388_2_reg_3350                                                                  |    6|   0|    9|          3|
    |sub_ln389_2_reg_3462                                                                  |    6|   0|    9|          3|
    |tmp18_reg_3183                                                                        |   39|   0|   39|          0|
    |tmp_1728_reg_3233                                                                     |    3|   0|    3|          0|
    |tmp_1729_reg_3238                                                                     |    6|   0|    6|          0|
    |tmp_1731_reg_3248                                                                     |    3|   0|    3|          0|
    |tmp_1732_reg_3253                                                                     |    6|   0|    6|          0|
    |tmp_1734_reg_3289                                                                     |    3|   0|    3|          0|
    |tmp_1735_reg_3294                                                                     |    6|   0|    6|          0|
    |tmp_1737_reg_3304                                                                     |    3|   0|    3|          0|
    |tmp_1738_reg_3309                                                                     |    6|   0|    6|          0|
    |tmp_1740_reg_3334                                                                     |    3|   0|    3|          0|
    |tmp_1741_reg_3339                                                                     |    6|   0|    6|          0|
    |tmp_1746_reg_3376                                                                     |    3|   0|    3|          0|
    |tmp_1747_reg_3381                                                                     |    6|   0|    6|          0|
    |tmp_1749_reg_3391                                                                     |    3|   0|    3|          0|
    |tmp_1750_reg_3396                                                                     |    6|   0|    6|          0|
    |tmp_1752_reg_3447                                                                     |    3|   0|    3|          0|
    |tmp_1753_reg_3452                                                                     |    6|   0|    6|          0|
    |trunc_ln114_reg_3150                                                                  |   10|   0|   10|          0|
    |trunc_ln387_1_reg_3279                                                                |   64|   0|   64|          0|
    |trunc_ln387_2_reg_3411                                                                |   64|   0|   64|          0|
    |trunc_ln387_reg_3274                                                                  |   64|   0|   64|          0|
    |trunc_ln388_2_reg_3218                                                                |   11|   0|   11|          0|
    |trunc_ln388_3_reg_3426                                                                |   64|   0|   64|          0|
    |trunc_ln388_reg_3324                                                                  |   64|   0|   64|          0|
    |trunc_ln389_2_reg_3472                                                                |   64|   0|   64|          0|
    |trunc_ln401_reg_3512                                                                  |    8|   0|    8|          0|
    |xor_ln401_reg_3501                                                                    |    6|   0|    6|          0|
    |zext_ln114_reg_3160                                                                   |   13|   0|   39|         26|
    |zext_ln387_8_reg_3406                                                                 |   64|   0|  448|        384|
    |zext_ln388_12_reg_3421                                                                |   64|   0|  448|        384|
    |zext_ln389_8_reg_3467                                                                 |   64|   0|  448|        384|
    +--------------------------------------------------------------------------------------+-----+----+-----+-----------+
    |Total                                                                                 | 4552|   0| 5751|       1199|
    +--------------------------------------------------------------------------------------+-----+----+-----+-----------+



================================================================
== Interface
================================================================
* Summary: 
+---------------+-----+-----+------------+-----------------+--------------+
|   RTL Ports   | Dir | Bits|  Protocol  |  Source Object  |    C Type    |
+---------------+-----+-----+------------+-----------------+--------------+
|ap_clk         |   in|    1|  ap_ctrl_hs|  compute_R_and_t|  return value|
|ap_rst         |   in|    1|  ap_ctrl_hs|  compute_R_and_t|  return value|
|ap_start       |   in|    1|  ap_ctrl_hs|  compute_R_and_t|  return value|
|ap_done        |  out|    1|  ap_ctrl_hs|  compute_R_and_t|  return value|
|ap_idle        |  out|    1|  ap_ctrl_hs|  compute_R_and_t|  return value|
|ap_ready       |  out|    1|  ap_ctrl_hs|  compute_R_and_t|  return value|
|ap_return      |  out|   64|  ap_ctrl_hs|  compute_R_and_t|  return value|
|epnp_address0  |  out|    8|   ap_memory|             epnp|         array|
|epnp_ce0       |  out|    1|   ap_memory|             epnp|         array|
|epnp_we0       |  out|   56|   ap_memory|             epnp|         array|
|epnp_d0        |  out|  448|   ap_memory|             epnp|         array|
|epnp_q0        |   in|  448|   ap_memory|             epnp|         array|
|epnp_address1  |  out|    8|   ap_memory|             epnp|         array|
|epnp_ce1       |  out|    1|   ap_memory|             epnp|         array|
|epnp_we1       |  out|   56|   ap_memory|             epnp|         array|
|epnp_d1        |  out|  448|   ap_memory|             epnp|         array|
|epnp_q1        |   in|  448|   ap_memory|             epnp|         array|
|betas          |   in|   12|     ap_none|            betas|        scalar|
|R              |   in|   12|     ap_none|                R|        scalar|
|t              |   in|   11|     ap_none|                t|        scalar|
+---------------+-----+-----+------------+-----------------+--------------+

