

================================================================
== Vitis HLS Report for 'gauss_newton'
================================================================
* Date:           Sun Feb  5 16:56:00 2023

* Version:        2022.1 (Build 3526262 on Mon Apr 18 15:47:01 MDT 2022)
* Project:        hls_EstimateMotion
* Solution:       solution1 (Vivado IP Flow Target)
* Product family: virtexuplus
* Target device:  xcu50-fsvh2104-2L-e


================================================================
== Performance Estimates
================================================================
+ Timing: 
    * Summary: 
    +--------+----------+-----------+------------+
    |  Clock |  Target  | Estimated | Uncertainty|
    +--------+----------+-----------+------------+
    |ap_clk  |  60.00 ns|  42.859 ns|    16.20 ns|
    +--------+----------+-----------+------------+

+ Latency: 
    * Summary: 
    +---------+---------+----------+----------+-----+-----+---------+
    |  Latency (cycles) |  Latency (absolute) |  Interval | Pipeline|
    |   min   |   max   |    min   |    max   | min | max |   Type  |
    +---------+---------+----------+----------+-----+-----+---------+
    |        ?|        ?|         ?|         ?|    ?|    ?|       no|
    +---------+---------+----------+----------+-----+-----+---------+

    + Detail: 
        * Instance: 
        +---------------------------------+----------------------+---------+---------+----------+----------+-----+-----+---------+
        |                                 |                      |  Latency (cycles) |  Latency (absolute) |  Interval | Pipeline|
        |             Instance            |        Module        |   min   |   max   |    min   |    max   | min | max |   Type  |
        +---------------------------------+----------------------+---------+---------+----------+----------+-----+-----+---------+
        |grp_solve_double_6u_4u_6_fu_683  |solve_double_6u_4u_6  |        ?|        ?|         ?|         ?|    ?|    ?|       no|
        +---------------------------------+----------------------+---------+---------+----------+----------+-----+-----+---------+

        * Loop: 
        +---------------------+---------+---------+----------+-----------+-----------+------+----------+
        |                     |  Latency (cycles) | Iteration|  Initiation Interval  | Trip |          |
        |      Loop Name      |   min   |   max   |  Latency |  achieved |   target  | Count| Pipelined|
        +---------------------+---------+---------+----------+-----------+-----------+------+----------+
        |- Loop 1             |       48|       48|         1|          -|          -|    48|        no|
        |- VITIS_LOOP_264_1   |        ?|        ?|         ?|          -|          -|     5|        no|
        | + VITIS_LOOP_266_2  |      102|      102|        17|          -|          -|     6|        no|
        | + VITIS_LOOP_300_3  |       20|       20|         5|          -|          -|     4|        no|
        +---------------------+---------+---------+----------+-----------+-----------+------+----------+



================================================================
== Utilization Estimates
================================================================
* Summary: 
+---------------------+---------+------+---------+--------+-----+
|         Name        | BRAM_18K|  DSP |    FF   |   LUT  | URAM|
+---------------------+---------+------+---------+--------+-----+
|DSP                  |        -|    15|        -|       -|    -|
|Expression           |        -|     -|        0|   34583|    -|
|FIFO                 |        -|     -|        -|       -|    -|
|Instance             |        0|   351|    17031|   50337|    0|
|Memory               |        0|     -|       64|      65|    0|
|Multiplexer          |        -|     -|        -|     952|    -|
|Register             |        -|     -|     3094|       -|    -|
+---------------------+---------+------+---------+--------+-----+
|Total                |        0|   366|    20189|   85937|    0|
+---------------------+---------+------+---------+--------+-----+
|Available SLR        |     1344|  2976|   871680|  435840|  320|
+---------------------+---------+------+---------+--------+-----+
|Utilization SLR (%)  |        0|    12|        2|      19|    0|
+---------------------+---------+------+---------+--------+-----+
|Available            |     2688|  5952|  1743360|  871680|  640|
+---------------------+---------+------+---------+--------+-----+
|Utilization (%)      |        0|     6|        1|       9|    0|
+---------------------+---------+------+---------+--------+-----+

+ Detail: 
    * Instance: 
    +------------------------------------------+------------------------------------+---------+-----+-------+-------+-----+
    |                 Instance                 |               Module               | BRAM_18K| DSP |   FF  |  LUT  | URAM|
    +------------------------------------------+------------------------------------+---------+-----+-------+-------+-----+
    |dadd_64ns_64ns_64_1_full_dsp_1_U1563      |dadd_64ns_64ns_64_1_full_dsp_1      |        0|    3|      0|    708|    0|
    |dadd_64ns_64ns_64_1_full_dsp_1_U1564      |dadd_64ns_64ns_64_1_full_dsp_1      |        0|    3|      0|    708|    0|
    |dadddsub_64ns_64ns_64_1_full_dsp_1_U1562  |dadddsub_64ns_64ns_64_1_full_dsp_1  |        0|    3|      0|    708|    0|
    |dmul_64ns_64ns_64_1_max_dsp_1_U1565       |dmul_64ns_64ns_64_1_max_dsp_1       |        0|    8|      0|    106|    0|
    |dmul_64ns_64ns_64_1_max_dsp_1_U1566       |dmul_64ns_64ns_64_1_max_dsp_1       |        0|    8|      0|    106|    0|
    |dmul_64ns_64ns_64_1_max_dsp_1_U1567       |dmul_64ns_64ns_64_1_max_dsp_1       |        0|    8|      0|    106|    0|
    |dmul_64ns_64ns_64_1_max_dsp_1_U1568       |dmul_64ns_64ns_64_1_max_dsp_1       |        0|    8|      0|    106|    0|
    |dmul_64ns_64ns_64_1_max_dsp_1_U1569       |dmul_64ns_64ns_64_1_max_dsp_1       |        0|    8|      0|    106|    0|
    |dmul_64ns_64ns_64_1_max_dsp_1_U1570       |dmul_64ns_64ns_64_1_max_dsp_1       |        0|    8|      0|    106|    0|
    |grp_solve_double_6u_4u_6_fu_683           |solve_double_6u_4u_6                |        0|  294|  17031|  47577|    0|
    +------------------------------------------+------------------------------------+---------+-----+-------+-------+-----+
    |Total                                     |                                    |        0|  351|  17031|  50337|    0|
    +------------------------------------------+------------------------------------+---------+-----+-------+-------+-----+

    * DSP: 
    +--------------------------------+--------------------------+-----------+
    |            Instance            |          Module          | Expression|
    +--------------------------------+--------------------------+-----------+
    |mul_mul_13ns_14ns_27_4_1_U1571  |mul_mul_13ns_14ns_27_4_1  |    i0 * i1|
    |mul_mul_13ns_14ns_27_4_1_U1572  |mul_mul_13ns_14ns_27_4_1  |    i0 * i1|
    |mul_mul_13ns_14ns_27_4_1_U1573  |mul_mul_13ns_14ns_27_4_1  |    i0 * i1|
    |mul_mul_13ns_14ns_27_4_1_U1574  |mul_mul_13ns_14ns_27_4_1  |    i0 * i1|
    |mul_mul_13ns_14ns_27_4_1_U1575  |mul_mul_13ns_14ns_27_4_1  |    i0 * i1|
    |mul_mul_13ns_14ns_27_4_1_U1576  |mul_mul_13ns_14ns_27_4_1  |    i0 * i1|
    |mul_mul_13ns_14ns_27_4_1_U1577  |mul_mul_13ns_14ns_27_4_1  |    i0 * i1|
    |mul_mul_13ns_14ns_27_4_1_U1578  |mul_mul_13ns_14ns_27_4_1  |    i0 * i1|
    |mul_mul_13ns_14ns_27_4_1_U1579  |mul_mul_13ns_14ns_27_4_1  |    i0 * i1|
    |mul_mul_13ns_14ns_27_4_1_U1580  |mul_mul_13ns_14ns_27_4_1  |    i0 * i1|
    |mul_mul_13ns_14ns_27_4_1_U1581  |mul_mul_13ns_14ns_27_4_1  |    i0 * i1|
    |mul_mul_13ns_14ns_27_4_1_U1582  |mul_mul_13ns_14ns_27_4_1  |    i0 * i1|
    |mul_mul_13ns_14ns_27_4_1_U1583  |mul_mul_13ns_14ns_27_4_1  |    i0 * i1|
    |mul_mul_13ns_14ns_27_4_1_U1584  |mul_mul_13ns_14ns_27_4_1  |    i0 * i1|
    |mul_mul_13ns_14ns_27_4_1_U1585  |mul_mul_13ns_14ns_27_4_1  |    i0 * i1|
    +--------------------------------+--------------------------+-----------+

    * Memory: 
    +-------+------------------------------+---------+----+----+-----+------+-----+------+-------------+
    | Memory|            Module            | BRAM_18K| FF | LUT| URAM| Words| Bits| Banks| W*Bits*Banks|
    +-------+------------------------------+---------+----+----+-----+------+-----+------+-------------+
    |A_U    |gauss_newton_A_RAM_AUTO_1R1W  |        0|  64|  65|    0|    25|   64|     1|         1600|
    +-------+------------------------------+---------+----+----+-----+------+-----+------+-------------+
    |Total  |                              |        0|  64|  65|    0|    25|   64|     1|         1600|
    +-------+------------------------------+---------+----+----+-----+------+-----+------+-------------+

    * FIFO: 
    N/A

    * Expression: 
    +----------------------------+----------+----+---+------+------------+------------+
    |        Variable Name       | Operation| DSP| FF|  LUT | Bitwidth P0| Bitwidth P1|
    +----------------------------+----------+----+---+------+------------+------------+
    |add_ln266_fu_1321_p2        |         +|   0|  0|    10|           3|           1|
    |add_ln268_1_fu_1347_p2      |         +|   0|  0|    16|           9|           9|
    |add_ln268_2_fu_1442_p2      |         +|   0|  0|    17|          10|          10|
    |add_ln268_3_fu_1476_p2      |         +|   0|  0|    17|          11|          11|
    |add_ln268_fu_1357_p2        |         +|   0|  0|    20|          13|          13|
    |add_ln269_1_fu_1626_p2      |         +|   0|  0|    18|          10|          10|
    |add_ln269_2_fu_1631_p2      |         +|   0|  0|    18|          10|          10|
    |add_ln269_fu_1371_p2        |         +|   0|  0|    20|          13|          13|
    |add_ln270_1_fu_1668_p2      |         +|   0|  0|    18|          10|          10|
    |add_ln270_2_fu_1673_p2      |         +|   0|  0|    18|          10|          10|
    |add_ln270_fu_1380_p2        |         +|   0|  0|    20|          13|          13|
    |add_ln271_1_fu_1878_p2      |         +|   0|  0|    18|          10|          10|
    |add_ln271_2_fu_1883_p2      |         +|   0|  0|    18|          10|          10|
    |add_ln271_fu_1430_p2        |         +|   0|  0|    20|          13|          13|
    |add_ln273_1_fu_1826_p2      |         +|   0|  0|    18|          10|          10|
    |add_ln273_2_fu_1831_p2      |         +|   0|  0|    18|          10|          10|
    |add_ln273_fu_1389_p2        |         +|   0|  0|    20|          13|          13|
    |add_ln274_1_fu_2014_p2      |         +|   0|  0|    18|          10|          10|
    |add_ln274_2_fu_2019_p2      |         +|   0|  0|    18|          10|          10|
    |add_ln274_fu_1617_p2        |         +|   0|  0|    20|          13|          13|
    |add_ln275_fu_1868_p2        |         +|   0|  0|    14|           7|           1|
    |add_ln278_1_fu_2115_p2      |         +|   0|  0|    18|          10|          10|
    |add_ln278_2_fu_2120_p2      |         +|   0|  0|    18|          10|          10|
    |add_ln278_fu_1758_p2        |         +|   0|  0|    20|          13|          13|
    |add_ln279_1_fu_2172_p2      |         +|   0|  0|    18|          10|          10|
    |add_ln279_2_fu_2231_p2      |         +|   0|  0|    18|          10|          10|
    |add_ln279_fu_1978_p2        |         +|   0|  0|    20|          13|          13|
    |add_ln283_1_fu_2237_p2      |         +|   0|  0|    18|          10|          10|
    |add_ln283_2_fu_2296_p2      |         +|   0|  0|    18|          10|          10|
    |add_ln283_fu_1987_p2        |         +|   0|  0|    20|          13|          13|
    |add_ln285_1_fu_2455_p2      |         +|   0|  0|    19|           8|           7|
    |add_ln285_2_fu_2481_p2      |         +|   0|  0|    19|           8|           8|
    |add_ln285_fu_2391_p2        |         +|   0|  0|    19|          12|          12|
    |add_ln300_fu_4379_p2        |         +|   0|  0|    10|           3|           1|
    |add_ln301_1_fu_4446_p2      |         +|   0|  0|    19|           8|           8|
    |add_ln301_2_fu_4505_p2      |         +|   0|  0|    19|           8|           8|
    |add_ln301_3_fu_4516_p2      |         +|   0|  0|    19|           8|           8|
    |add_ln301_4_fu_4511_p2      |         +|   0|  0|    19|           8|           8|
    |add_ln301_fu_4422_p2        |         +|   0|  0|    19|          12|          12|
    |empty_1332_fu_856_p2        |         +|   0|  0|    13|           6|           1|
    |empty_1334_fu_873_p2        |         +|   0|  0|    19|          12|           4|
    |empty_1335_fu_908_p2        |         +|   0|  0|    19|          12|           5|
    |empty_1336_fu_913_p2        |         +|   0|  0|    19|          12|           5|
    |k_160_fu_1309_p2            |         +|   0|  0|    10|           3|           1|
    |p_cast11_fu_1178_p2         |         +|   0|  0|    19|           8|           5|
    |p_cast12_fu_1208_p2         |         +|   0|  0|    19|           8|           8|
    |p_cast16_fu_1183_p2         |         +|   0|  0|    19|           8|           5|
    |p_cast17_fu_1264_p2         |         +|   0|  0|    19|           8|           8|
    |p_cast2_fu_1023_p2          |         +|   0|  0|    19|           8|           8|
    |p_cast6_fu_998_p2           |         +|   0|  0|    19|           8|           4|
    |p_cast7_fu_1078_p2          |         +|   0|  0|    19|           8|           8|
    |empty_1337_fu_1017_p2       |         -|   0|  0|    19|           8|           8|
    |empty_1341_fu_1072_p2       |         -|   0|  0|    15|           8|           8|
    |empty_1345_fu_1202_p2       |         -|   0|  0|    15|           8|           8|
    |empty_1349_fu_1258_p2       |         -|   0|  0|    15|           8|           8|
    |sub_ln268_fu_1470_p2        |         -|   0|  0|    17|          11|          11|
    |sub_ln269_fu_1557_p2        |         -|   0|  0|    17|          10|          10|
    |sub_ln270_fu_1611_p2        |         -|   0|  0|    17|          10|          10|
    |sub_ln271_fu_1820_p2        |         -|   0|  0|    17|          10|          10|
    |sub_ln273_fu_1752_p2        |         -|   0|  0|    17|          10|          10|
    |sub_ln274_fu_1968_p2        |         -|   0|  0|    17|          10|          10|
    |sub_ln278_fu_2104_p2        |         -|   0|  0|    17|          10|          10|
    |sub_ln279_fu_2225_p2        |         -|   0|  0|    17|          10|          10|
    |sub_ln283_fu_2290_p2        |         -|   0|  0|    17|          10|          10|
    |sub_ln285_fu_2475_p2        |         -|   0|  0|    15|           8|           8|
    |sub_ln301_fu_4499_p2        |         -|   0|  0|    15|           8|           8|
    |exitcond87_fu_862_p2        |      icmp|   0|  0|    10|           6|           6|
    |icmp_ln264_fu_1303_p2       |      icmp|   0|  0|     8|           3|           3|
    |icmp_ln266_fu_1315_p2       |      icmp|   0|  0|     8|           3|           3|
    |icmp_ln300_fu_4373_p2       |      icmp|   0|  0|     9|           3|           4|
    |empty_1338_fu_1044_p2       |      lshr|   0|  0|  1865|         448|         448|
    |empty_1342_fu_1100_p2       |      lshr|   0|  0|  1865|         448|         448|
    |empty_1346_fu_1230_p2       |      lshr|   0|  0|  1865|         448|         448|
    |empty_1350_fu_1286_p2       |      lshr|   0|  0|  1865|         448|         448|
    |grp_fu_733_p2               |      lshr|   0|  0|  1865|         448|         448|
    |lshr_ln269_fu_1652_p2       |      lshr|   0|  0|  1865|         448|         448|
    |lshr_ln270_fu_1694_p2       |      lshr|   0|  0|  1865|         448|         448|
    |lshr_ln271_fu_1904_p2       |      lshr|   0|  0|  1865|         448|         448|
    |lshr_ln273_fu_1852_p2       |      lshr|   0|  0|  1865|         448|         448|
    |lshr_ln274_fu_2040_p2       |      lshr|   0|  0|  1865|         448|         448|
    |lshr_ln278_fu_2141_p2       |      lshr|   0|  0|  1865|         448|         448|
    |lshr_ln279_fu_2317_p2       |      lshr|   0|  0|  1865|         448|         448|
    |lshr_ln283_fu_2348_p2       |      lshr|   0|  0|  1865|         448|         448|
    |lshr_ln285_fu_2503_p2       |      lshr|   0|  0|  1865|         448|         448|
    |lshr_ln301_1_fu_4541_p2     |      lshr|   0|  0|  1865|         448|         448|
    |lshr_ln301_fu_4413_p2       |      lshr|   0|  0|  1255|         320|         320|
    |or_ln272_fu_2162_p2         |        or|   0|  0|     5|           5|           1|
    |or_ln276_fu_2369_p2         |        or|   0|  0|     5|           5|           2|
    |or_ln280_fu_2410_p2         |        or|   0|  0|     5|           5|           2|
    |select_ln285_10_fu_2916_p3  |    select|   0|  0|     8|           1|           8|
    |select_ln285_11_fu_2952_p3  |    select|   0|  0|     8|           1|           8|
    |select_ln285_12_fu_2988_p3  |    select|   0|  0|     8|           1|           8|
    |select_ln285_13_fu_3024_p3  |    select|   0|  0|     8|           1|           8|
    |select_ln285_14_fu_3060_p3  |    select|   0|  0|     8|           1|           8|
    |select_ln285_15_fu_3096_p3  |    select|   0|  0|     8|           1|           8|
    |select_ln285_16_fu_3132_p3  |    select|   0|  0|     8|           1|           8|
    |select_ln285_17_fu_3168_p3  |    select|   0|  0|     8|           1|           8|
    |select_ln285_18_fu_3204_p3  |    select|   0|  0|     8|           1|           8|
    |select_ln285_19_fu_3240_p3  |    select|   0|  0|     8|           1|           8|
    |select_ln285_1_fu_2592_p3   |    select|   0|  0|     8|           1|           8|
    |select_ln285_20_fu_3276_p3  |    select|   0|  0|     8|           1|           8|
    |select_ln285_21_fu_3312_p3  |    select|   0|  0|     8|           1|           8|
    |select_ln285_22_fu_3348_p3  |    select|   0|  0|     8|           1|           8|
    |select_ln285_23_fu_3384_p3  |    select|   0|  0|     8|           1|           8|
    |select_ln285_24_fu_3420_p3  |    select|   0|  0|     8|           1|           8|
    |select_ln285_25_fu_3456_p3  |    select|   0|  0|     8|           1|           8|
    |select_ln285_26_fu_3492_p3  |    select|   0|  0|     8|           1|           8|
    |select_ln285_27_fu_3528_p3  |    select|   0|  0|     8|           1|           8|
    |select_ln285_28_fu_3564_p3  |    select|   0|  0|     8|           1|           8|
    |select_ln285_29_fu_3600_p3  |    select|   0|  0|     8|           1|           8|
    |select_ln285_2_fu_2628_p3   |    select|   0|  0|     8|           1|           8|
    |select_ln285_30_fu_3636_p3  |    select|   0|  0|     8|           1|           8|
    |select_ln285_31_fu_3672_p3  |    select|   0|  0|     8|           1|           8|
    |select_ln285_32_fu_3708_p3  |    select|   0|  0|     8|           1|           8|
    |select_ln285_33_fu_3744_p3  |    select|   0|  0|     8|           1|           8|
    |select_ln285_34_fu_3780_p3  |    select|   0|  0|     8|           1|           8|
    |select_ln285_35_fu_3816_p3  |    select|   0|  0|     8|           1|           8|
    |select_ln285_36_fu_3852_p3  |    select|   0|  0|     8|           1|           8|
    |select_ln285_37_fu_3888_p3  |    select|   0|  0|     8|           1|           8|
    |select_ln285_38_fu_3924_p3  |    select|   0|  0|     8|           1|           8|
    |select_ln285_39_fu_3960_p3  |    select|   0|  0|     8|           1|           8|
    |select_ln285_3_fu_2664_p3   |    select|   0|  0|     8|           1|           8|
    |select_ln285_40_fu_3996_p3  |    select|   0|  0|     8|           1|           8|
    |select_ln285_41_fu_4032_p3  |    select|   0|  0|     8|           1|           8|
    |select_ln285_42_fu_4068_p3  |    select|   0|  0|     8|           1|           8|
    |select_ln285_43_fu_4104_p3  |    select|   0|  0|     8|           1|           8|
    |select_ln285_44_fu_4140_p3  |    select|   0|  0|     8|           1|           8|
    |select_ln285_45_fu_4176_p3  |    select|   0|  0|     8|           1|           8|
    |select_ln285_46_fu_4212_p3  |    select|   0|  0|     8|           1|           8|
    |select_ln285_47_fu_4248_p3  |    select|   0|  0|     8|           1|           8|
    |select_ln285_4_fu_2700_p3   |    select|   0|  0|     8|           1|           8|
    |select_ln285_5_fu_2736_p3   |    select|   0|  0|     8|           1|           8|
    |select_ln285_6_fu_2772_p3   |    select|   0|  0|     8|           1|           8|
    |select_ln285_7_fu_2808_p3   |    select|   0|  0|     8|           1|           8|
    |select_ln285_8_fu_2844_p3   |    select|   0|  0|     8|           1|           8|
    |select_ln285_9_fu_2880_p3   |    select|   0|  0|     8|           1|           8|
    |select_ln285_fu_2556_p3     |    select|   0|  0|     8|           1|           8|
    |empty_1331_fu_834_p2        |       shl|   0|  0|    16|           4|           8|
    |epnp_d0                     |       shl|   0|  0|  1865|         448|         448|
    |shl_ln285_1_fu_2538_p2      |       shl|   0|  0|  1560|         384|         384|
    |shl_ln285_fu_2529_p2        |       shl|   0|  0|   149|           8|          48|
    |shl_ln301_fu_4567_p2        |       shl|   0|  0|   165|           8|          56|
    +----------------------------+----------+----+---+------+------------+------------+
    |Total                       |          |   0|  0| 34583|        8602|        8971|
    +----------------------------+----------+----+---+------+------------+------------+

    * Multiplexer: 
    +---------------------+-----+-----------+-----+-----------+
    |         Name        | LUT | Input Size| Bits| Total Bits|
    +---------------------+-----+-----------+-----+-----------+
    |A_address0           |   43|          8|    5|         40|
    |A_ce0                |   14|          3|    1|          3|
    |A_d0                 |   37|          7|   64|        448|
    |A_we0                |   14|          3|    8|         24|
    |B_1_fu_470           |    9|          2|  448|        896|
    |X_1_fu_466           |    9|          2|  320|        640|
    |ap_NS_fsm            |  148|         32|    1|         32|
    |epnp_address0        |   54|         10|    8|         80|
    |epnp_address1        |   49|          9|    8|         72|
    |epnp_we0             |    9|          2|   56|        112|
    |grp_fu_690_opcode    |   14|          3|    2|          6|
    |grp_fu_690_p0        |   31|          6|   64|        384|
    |grp_fu_690_p1        |   37|          7|   64|        448|
    |grp_fu_694_p0        |   37|          7|   64|        448|
    |grp_fu_694_p1        |   26|          5|   64|        320|
    |grp_fu_698_p0        |   20|          4|   64|        256|
    |grp_fu_698_p1        |   20|          4|   64|        256|
    |grp_fu_702_p0        |   54|         10|   64|        640|
    |grp_fu_702_p1        |   26|          5|   64|        320|
    |grp_fu_707_p0        |   54|         10|   64|        640|
    |grp_fu_707_p1        |   31|          6|   64|        384|
    |grp_fu_711_p0        |   43|          8|   64|        512|
    |grp_fu_711_p1        |   31|          6|   64|        384|
    |grp_fu_716_p0        |   26|          5|   64|        320|
    |grp_fu_716_p1        |   26|          5|   64|        320|
    |grp_fu_720_p0        |   20|          4|   64|        256|
    |grp_fu_720_p1        |   20|          4|   64|        256|
    |grp_fu_733_p1        |   14|          3|  448|       1344|
    |i_144_reg_672        |    9|          2|    3|          6|
    |i_reg_660            |    9|          2|    3|          6|
    |k_072_fu_462         |    9|          2|    3|          6|
    |loop_index_i_fu_454  |    9|          2|    6|         12|
    +---------------------+-----+-----------+-----+-----------+
    |Total                |  952|        188| 2408|       9871|
    +---------------------+-----+-----------+-----+-----------+

    * Register: 
    +----------------------------------------------+-----+----+-----+-----------+
    |                     Name                     |  FF | LUT| Bits| Const Bits|
    +----------------------------------------------+-----+----+-----+-----------+
    |B_1_fu_470                                    |  448|   0|  448|          0|
    |B_1_load_reg_4927                             |  448|   0|  448|          0|
    |X_1_fu_466                                    |  320|   0|  320|          0|
    |X_reg_5154                                    |  320|   0|  320|          0|
    |add69_reg_5123                                |   64|   0|   64|          0|
    |add_ln266_reg_4892                            |    3|   0|    3|          0|
    |add_ln268_1_reg_4902                          |    5|   0|    9|          4|
    |add_ln279_2_reg_5108                          |    7|   0|   10|          3|
    |add_ln283_2_reg_5118                          |    7|   0|   10|          3|
    |add_ln300_reg_5163                            |    3|   0|    3|          0|
    |add_ln301_2_reg_5189                          |    8|   0|    8|          0|
    |add_ln301_3_reg_5194                          |    8|   0|    8|          0|
    |ap_CS_fsm                                     |   31|   0|   31|          0|
    |empty_1340_reg_4816                           |   64|   0|   64|          0|
    |empty_1344_reg_4824                           |   64|   0|   64|          0|
    |empty_1348_reg_4863                           |   64|   0|   64|          0|
    |empty_1352_reg_4872                           |   64|   0|   64|          0|
    |empty_reg_4732                                |    8|   0|    8|          0|
    |epnp_addr_44_reg_5183                         |    8|   0|    8|          0|
    |grp_solve_double_6u_4u_6_fu_683_ap_start_reg  |    1|   0|    1|          0|
    |i_144_reg_672                                 |    3|   0|    3|          0|
    |i_reg_660                                     |    3|   0|    3|          0|
    |k_072_fu_462                                  |    3|   0|    3|          0|
    |k_160_reg_4884                                |    3|   0|    3|          0|
    |loop_index_i_fu_454                           |    6|   0|    6|          0|
    |mul102_reg_5075                               |   64|   0|   64|          0|
    |mul14_reg_5010                                |   64|   0|   64|          0|
    |mul155_reg_5050                               |   64|   0|   64|          0|
    |reg_738                                       |   64|   0|   64|          0|
    |reg_745                                       |   64|   0|   64|          0|
    |reg_755                                       |   64|   0|   64|          0|
    |reg_765                                       |   64|   0|   64|          0|
    |reg_771                                       |   64|   0|   64|          0|
    |reg_778                                       |   64|   0|   64|          0|
    |reg_786                                       |   64|   0|   64|          0|
    |reg_793                                       |   64|   0|   64|          0|
    |reg_800                                       |   64|   0|   64|          0|
    |shl_ln268_1_reg_5086                          |    3|   0|    5|          2|
    |shl_ln268_2_reg_4897                          |    3|   0|    9|          6|
    |shl_ln76_reg_5168                             |    2|   0|    5|          3|
    |shl_ln_reg_5128                               |    3|   0|    6|          3|
    |sub_ln269_reg_4990                            |    7|   0|   10|          3|
    |sub_ln270_reg_5000                            |    7|   0|   10|          3|
    |sub_ln271_reg_5040                            |    7|   0|   10|          3|
    |sub_ln273_reg_5025                            |    7|   0|   10|          3|
    |sub_ln274_reg_5060                            |    7|   0|   10|          3|
    |sub_ln278_reg_5098                            |    7|   0|   10|          3|
    |tmp_1452_reg_4791                             |    2|   0|    2|          0|
    |tmp_1453_reg_4796                             |    5|   0|    5|          0|
    |tmp_1455_reg_4806                             |    2|   0|    2|          0|
    |tmp_1456_reg_4811                             |    5|   0|    5|          0|
    |tmp_1458_reg_4838                             |    2|   0|    2|          0|
    |tmp_1459_reg_4843                             |    5|   0|    5|          0|
    |tmp_1461_reg_4853                             |    2|   0|    2|          0|
    |tmp_1462_reg_4858                             |    5|   0|    5|          0|
    |tmp_1464_reg_4958                             |    5|   0|    5|          0|
    |tmp_1490_reg_5144                             |    2|   0|    2|          0|
    |tmp_1491_reg_5149                             |    5|   0|    5|          0|
    |trunc_ln268_1_reg_4947                        |    7|   0|    7|          0|
    |trunc_ln270_reg_5015                          |   64|   0|   64|          0|
    |trunc_ln275_reg_5065                          |   64|   0|   64|          0|
    |trunc_ln301_1_reg_5173                        |   64|   0|   64|          0|
    |zext_ln268_1_reg_4907                         |    5|   0|   13|          8|
    |zext_ln268_2_reg_4968                         |    5|   0|   10|          5|
    |zext_ln268_6_reg_4980                         |   61|   0|  448|        387|
    +----------------------------------------------+-----+----+-----+-----------+
    |Total                                         | 3094|   0| 3536|        442|
    +----------------------------------------------+-----+----+-----+-----------+



================================================================
== Interface
================================================================
* Summary: 
+---------------+-----+-----+------------+--------------+--------------+
|   RTL Ports   | Dir | Bits|  Protocol  | Source Object|    C Type    |
+---------------+-----+-----+------------+--------------+--------------+
|ap_clk         |   in|    1|  ap_ctrl_hs|  gauss_newton|  return value|
|ap_rst         |   in|    1|  ap_ctrl_hs|  gauss_newton|  return value|
|ap_start       |   in|    1|  ap_ctrl_hs|  gauss_newton|  return value|
|ap_done        |  out|    1|  ap_ctrl_hs|  gauss_newton|  return value|
|ap_idle        |  out|    1|  ap_ctrl_hs|  gauss_newton|  return value|
|ap_ready       |  out|    1|  ap_ctrl_hs|  gauss_newton|  return value|
|epnp_address0  |  out|    8|   ap_memory|          epnp|         array|
|epnp_ce0       |  out|    1|   ap_memory|          epnp|         array|
|epnp_we0       |  out|   56|   ap_memory|          epnp|         array|
|epnp_d0        |  out|  448|   ap_memory|          epnp|         array|
|epnp_q0        |   in|  448|   ap_memory|          epnp|         array|
|epnp_address1  |  out|    8|   ap_memory|          epnp|         array|
|epnp_ce1       |  out|    1|   ap_memory|          epnp|         array|
|epnp_q1        |   in|  448|   ap_memory|          epnp|         array|
|betas          |   in|   12|     ap_none|         betas|        scalar|
+---------------+-----+-----+------------+--------------+--------------+

