

================================================================
== Vitis HLS Report for 'RANSAC_PnP'
================================================================
* Date:           Sun Feb  5 17:06:01 2023

* Version:        2022.1 (Build 3526262 on Mon Apr 18 15:47:01 MDT 2022)
* Project:        hls_EstimateMotion
* Solution:       solution1 (Vivado IP Flow Target)
* Product family: virtexuplus
* Target device:  xcu50-fsvh2104-2L-e


================================================================
== Performance Estimates
================================================================
+ Timing: 
    * Summary: 
    +--------+----------+-----------+------------+
    |  Clock |  Target  | Estimated | Uncertainty|
    +--------+----------+-----------+------------+
    |ap_clk  |  60.00 ns|  43.660 ns|    16.20 ns|
    +--------+----------+-----------+------------+

+ Latency: 
    * Summary: 
    +---------+---------+----------+----------+-----+-----+---------+
    |  Latency (cycles) |  Latency (absolute) |  Interval | Pipeline|
    |   min   |   max   |    min   |    max   | min | max |   Type  |
    +---------+---------+----------+----------+-----+-----+---------+
    |        ?|        ?|         ?|         ?|    ?|    ?|       no|
    +---------+---------+----------+----------+-----+-----+---------+

    + Detail: 
        * Instance: 
        +--------------------------------------------------+--------------------------------------+---------+---------+-----------+-----------+-------+-------+---------+
        |                                                  |                                      |  Latency (cycles) |   Latency (absolute)  |    Interval   | Pipeline|
        |                     Instance                     |                Module                |   min   |   max   |    min    |    max    |  min  |  max  |   Type  |
        +--------------------------------------------------+--------------------------------------+---------+---------+-----------+-----------+-------+-------+---------+
        |grp_getSubset_fu_1722                             |getSubset                             |        ?|        ?|          ?|          ?|      ?|      ?|       no|
        |grp_RANSAC_PnP_Pipeline_1_fu_1728                 |RANSAC_PnP_Pipeline_1                 |       35|       35|   2.100 us|   2.100 us|     35|     35|       no|
        |grp_RANSAC_PnP_Pipeline_32_fu_1733                |RANSAC_PnP_Pipeline_32                |       32|       32|   1.920 us|   1.920 us|     32|     32|       no|
        |grp_RANSAC_PnP_Pipeline_2_fu_1738                 |RANSAC_PnP_Pipeline_2                 |       35|       35|   2.100 us|   2.100 us|     35|     35|       no|
        |grp_RANSAC_PnP_Pipeline_3_fu_1743                 |RANSAC_PnP_Pipeline_3                 |       25|       25|   1.500 us|   1.500 us|     25|     25|       no|
        |grp_RANSAC_PnP_Pipeline_4_fu_1748                 |RANSAC_PnP_Pipeline_4                 |       45|       45|   2.700 us|   2.700 us|     45|     45|       no|
        |grp_RANSAC_PnP_Pipeline_5_fu_1753                 |RANSAC_PnP_Pipeline_5                 |       29|       29|   1.740 us|   1.740 us|     29|     29|       no|
        |grp_RANSAC_PnP_Pipeline_6_fu_1758                 |RANSAC_PnP_Pipeline_6                 |       35|       35|   2.100 us|   2.100 us|     35|     35|       no|
        |grp_RANSAC_PnP_Pipeline_7_fu_1763                 |RANSAC_PnP_Pipeline_7                 |       23|       23|   1.380 us|   1.380 us|     23|     23|       no|
        |grp_RANSAC_PnP_Pipeline_8_fu_1768                 |RANSAC_PnP_Pipeline_8                 |       11|       11|   0.660 us|   0.660 us|     11|     11|       no|
        |grp_RANSAC_PnP_Pipeline_9_fu_1773                 |RANSAC_PnP_Pipeline_9                 |       23|       23|   1.380 us|   1.380 us|     23|     23|       no|
        |grp_RANSAC_PnP_Pipeline_10_fu_1778                |RANSAC_PnP_Pipeline_10                |       23|       23|   1.380 us|   1.380 us|     23|     23|       no|
        |grp_RANSAC_PnP_Pipeline_11_fu_1783                |RANSAC_PnP_Pipeline_11                |       23|       23|   1.380 us|   1.380 us|     23|     23|       no|
        |grp_RANSAC_PnP_Pipeline_12_fu_1788                |RANSAC_PnP_Pipeline_12                |       23|       23|   1.380 us|   1.380 us|     23|     23|       no|
        |grp_RANSAC_PnP_Pipeline_13_fu_1793                |RANSAC_PnP_Pipeline_13                |      245|      245|  14.700 us|  14.700 us|    245|    245|       no|
        |grp_RANSAC_PnP_Pipeline_14_fu_1798                |RANSAC_PnP_Pipeline_14                |      293|      293|  17.580 us|  17.580 us|    293|    293|       no|
        |grp_RANSAC_PnP_Pipeline_15_fu_1803                |RANSAC_PnP_Pipeline_15                |       29|       29|   1.740 us|   1.740 us|     29|     29|       no|
        |grp_RANSAC_PnP_Pipeline_16_fu_1808                |RANSAC_PnP_Pipeline_16                |      293|      293|  17.580 us|  17.580 us|    293|    293|       no|
        |grp_RANSAC_PnP_Pipeline_17_fu_1813                |RANSAC_PnP_Pipeline_17                |      293|      293|  17.580 us|  17.580 us|    293|    293|       no|
        |grp_RANSAC_PnP_Pipeline_18_fu_1818                |RANSAC_PnP_Pipeline_18                |      125|      125|   7.500 us|   7.500 us|    125|    125|       no|
        |grp_RANSAC_PnP_Pipeline_19_fu_1823                |RANSAC_PnP_Pipeline_19                |       17|       17|   1.020 us|   1.020 us|     17|     17|       no|
        |grp_RANSAC_PnP_Pipeline_20_fu_1828                |RANSAC_PnP_Pipeline_20                |      194|      194|  11.640 us|  11.640 us|    194|    194|       no|
        |grp_RANSAC_PnP_Pipeline_21_fu_1833                |RANSAC_PnP_Pipeline_21                |       37|       37|   2.220 us|   2.220 us|     37|     37|       no|
        |grp_RANSAC_PnP_Pipeline_22_fu_1838                |RANSAC_PnP_Pipeline_22                |      104|      104|   6.240 us|   6.240 us|    104|    104|       no|
        |grp_RANSAC_PnP_Pipeline_23_fu_1843                |RANSAC_PnP_Pipeline_23                |       29|       29|   1.740 us|   1.740 us|     29|     29|       no|
        |grp_RANSAC_PnP_Pipeline_24_fu_1848                |RANSAC_PnP_Pipeline_24                |       53|       53|   3.180 us|   3.180 us|     53|     53|       no|
        |grp_RANSAC_PnP_Pipeline_25_fu_1853                |RANSAC_PnP_Pipeline_25                |       10|       10|   0.600 us|   0.600 us|     10|     10|       no|
        |grp_RANSAC_PnP_Pipeline_26_fu_1858                |RANSAC_PnP_Pipeline_26                |       41|       41|   2.460 us|   2.460 us|     41|     41|       no|
        |grp_RANSAC_PnP_Pipeline_27_fu_1863                |RANSAC_PnP_Pipeline_27                |       11|       11|   0.660 us|   0.660 us|     11|     11|       no|
        |grp_RANSAC_PnP_Pipeline_28_fu_1868                |RANSAC_PnP_Pipeline_28                |       62|       62|   3.720 us|   3.720 us|     62|     62|       no|
        |grp_RANSAC_PnP_Pipeline_29_fu_1873                |RANSAC_PnP_Pipeline_29                |       15|       15|   0.900 us|   0.900 us|     15|     15|       no|
        |grp_RANSAC_PnP_Pipeline_30_fu_1878                |RANSAC_PnP_Pipeline_30                |       23|       23|   1.380 us|   1.380 us|     23|     23|       no|
        |grp_RANSAC_PnP_Pipeline_31_fu_1883                |RANSAC_PnP_Pipeline_31                |       11|       11|   0.660 us|   0.660 us|     11|     11|       no|
        |grp_RANSAC_PnP_Pipeline_33_fu_1888                |RANSAC_PnP_Pipeline_33                |        4|        ?|   0.240 us|          ?|      4|      ?|       no|
        |grp_RANSAC_PnP_Pipeline_34_fu_1898                |RANSAC_PnP_Pipeline_34                |       22|       22|   1.320 us|   1.320 us|     22|     22|       no|
        |grp_RANSAC_PnP_Pipeline_35_fu_1903                |RANSAC_PnP_Pipeline_35                |        4|        ?|   0.240 us|          ?|      4|      ?|       no|
        |grp_RANSAC_PnP_Pipeline_36_fu_1913                |RANSAC_PnP_Pipeline_36                |        4|        ?|   0.240 us|          ?|      4|      ?|       no|
        |grp_RANSAC_PnP_Pipeline_37_fu_1923                |RANSAC_PnP_Pipeline_37                |        4|        ?|   0.240 us|          ?|      4|      ?|       no|
        |grp_compute_1_fu_1933                             |compute_1                             |        ?|        ?|          ?|          ?|      ?|      ?|       no|
        |grp_projectPoint_fu_1938                          |projectPoint                          |        ?|        ?|          ?|          ?|      ?|      ?|       no|
        |grp_RANSAC_PnP_Pipeline_38_fu_1953                |RANSAC_PnP_Pipeline_38                |        4|        ?|   0.240 us|          ?|      4|      ?|       no|
        |grp_RANSAC_PnP_Pipeline_39_fu_1964                |RANSAC_PnP_Pipeline_39                |     1003|     1003|  60.180 us|  60.180 us|   1003|   1003|       no|
        |grp_RANSAC_PnP_Pipeline_40_fu_1971                |RANSAC_PnP_Pipeline_40                |        4|        ?|   0.240 us|          ?|      4|      ?|       no|
        |grp_RANSAC_PnP_Pipeline_VITIS_LOOP_159_2_fu_1982  |RANSAC_PnP_Pipeline_VITIS_LOOP_159_2  |        7|        ?|   0.420 us|          ?|      7|      ?|       no|
        |grp_RANSAC_PnP_Pipeline_VITIS_LOOP_167_3_fu_1989  |RANSAC_PnP_Pipeline_VITIS_LOOP_167_3  |        3|        ?|   0.180 us|          ?|      3|      ?|       no|
        |grp_RANSAC_PnP_Pipeline_VITIS_LOOP_175_4_fu_1998  |RANSAC_PnP_Pipeline_VITIS_LOOP_175_4  |        ?|        ?|          ?|          ?|      ?|      ?|       no|
        |grp_pow_generic_double_s_fu_2005                  |pow_generic_double_s                  |        6|        6|   0.360 us|   0.360 us|      1|      1|      yes|
        |grp_RANSAC_PnP_Pipeline_44_fu_2034                |RANSAC_PnP_Pipeline_44                |     3003|     3003|   0.180 ms|   0.180 ms|   3003|   3003|       no|
        |grp_RANSAC_PnP_Pipeline_45_fu_2041                |RANSAC_PnP_Pipeline_45                |        4|        ?|   0.240 us|          ?|      4|      ?|       no|
        |grp_RANSAC_PnP_Pipeline_46_fu_2052                |RANSAC_PnP_Pipeline_46                |     2003|     2003|   0.120 ms|   0.120 ms|   2003|   2003|       no|
        |grp_RANSAC_PnP_Pipeline_47_fu_2059                |RANSAC_PnP_Pipeline_47                |        4|        ?|   0.240 us|          ?|      4|      ?|       no|
        |grp_RANSAC_PnP_Pipeline_VITIS_LOOP_198_5_fu_2070  |RANSAC_PnP_Pipeline_VITIS_LOOP_198_5  |        ?|        ?|          ?|          ?|      ?|      ?|       no|
        |grp_RANSAC_PnP_Pipeline_49_fu_2079                |RANSAC_PnP_Pipeline_49                |     2005|     2005|   0.120 ms|   0.120 ms|   2005|   2005|       no|
        |grp_RANSAC_PnP_Pipeline_50_fu_2086                |RANSAC_PnP_Pipeline_50                |     3005|     3005|   0.180 ms|   0.180 ms|   3005|   3005|       no|
        |grp_RANSAC_PnP_Pipeline_51_fu_2093                |RANSAC_PnP_Pipeline_51                |     2005|     2005|   0.120 ms|   0.120 ms|   2005|   2005|       no|
        |grp_RANSAC_PnP_Pipeline_52_fu_2100                |RANSAC_PnP_Pipeline_52                |    24005|    24005|   1.440 ms|   1.440 ms|  24005|  24005|       no|
        |grp_RANSAC_PnP_Pipeline_53_fu_2105                |RANSAC_PnP_Pipeline_53                |      293|      293|  17.580 us|  17.580 us|    293|    293|       no|
        |grp_RANSAC_PnP_Pipeline_54_fu_2110                |RANSAC_PnP_Pipeline_54                |       29|       29|   1.740 us|   1.740 us|     29|     29|       no|
        |grp_RANSAC_PnP_Pipeline_55_fu_2115                |RANSAC_PnP_Pipeline_55                |      293|      293|  17.580 us|  17.580 us|    293|    293|       no|
        |grp_RANSAC_PnP_Pipeline_56_fu_2120                |RANSAC_PnP_Pipeline_56                |      293|      293|  17.580 us|  17.580 us|    293|    293|       no|
        |grp_RANSAC_PnP_Pipeline_57_fu_2125                |RANSAC_PnP_Pipeline_57                |       23|       23|   1.380 us|   1.380 us|     23|     23|       no|
        |grp_RANSAC_PnP_Pipeline_58_fu_2130                |RANSAC_PnP_Pipeline_58                |        8|        8|   0.480 us|   0.480 us|      8|      8|       no|
        |grp_RANSAC_PnP_Pipeline_59_fu_2135                |RANSAC_PnP_Pipeline_59                |       11|       11|   0.660 us|   0.660 us|     11|     11|       no|
        |grp_RANSAC_PnP_Pipeline_60_fu_2140                |RANSAC_PnP_Pipeline_60                |       23|       23|   1.380 us|   1.380 us|     23|     23|       no|
        |grp_RANSAC_PnP_Pipeline_61_fu_2145                |RANSAC_PnP_Pipeline_61                |       23|       23|   1.380 us|   1.380 us|     23|     23|       no|
        |grp_RANSAC_PnP_Pipeline_62_fu_2150                |RANSAC_PnP_Pipeline_62                |       20|       20|   1.200 us|   1.200 us|     20|     20|       no|
        |grp_RANSAC_PnP_Pipeline_63_fu_2155                |RANSAC_PnP_Pipeline_63                |       11|       11|   0.660 us|   0.660 us|     11|     11|       no|
        |grp_RANSAC_PnP_Pipeline_64_fu_2160                |RANSAC_PnP_Pipeline_64                |        8|        8|   0.480 us|   0.480 us|      8|      8|       no|
        |grp_RANSAC_PnP_Pipeline_65_fu_2165                |RANSAC_PnP_Pipeline_65                |    12005|    12005|   0.720 ms|   0.720 ms|  12005|  12005|       no|
        |grp_RANSAC_PnP_Pipeline_66_fu_2170                |RANSAC_PnP_Pipeline_66                |     2005|     2005|   0.120 ms|   0.120 ms|   2005|   2005|       no|
        |grp_RANSAC_PnP_Pipeline_67_fu_2177                |RANSAC_PnP_Pipeline_67                |       17|       17|   1.020 us|   1.020 us|     17|     17|       no|
        |grp_RANSAC_PnP_Pipeline_70_fu_2182                |RANSAC_PnP_Pipeline_70                |     3003|     3003|   0.180 ms|   0.180 ms|   3003|   3003|       no|
        |grp_RANSAC_PnP_Pipeline_68_fu_2189                |RANSAC_PnP_Pipeline_68                |     6005|     6005|   0.360 ms|   0.360 ms|   6005|   6005|       no|
        |grp_RANSAC_PnP_Pipeline_69_fu_2194                |RANSAC_PnP_Pipeline_69                |     6005|     6005|   0.360 ms|   0.360 ms|   6005|   6005|       no|
        |grp_RANSAC_PnP_Pipeline_71_fu_2199                |RANSAC_PnP_Pipeline_71                |        4|        ?|   0.240 us|          ?|      4|      ?|       no|
        |grp_RANSAC_PnP_Pipeline_72_fu_2209                |RANSAC_PnP_Pipeline_72                |     2003|     2003|   0.120 ms|   0.120 ms|   2003|   2003|       no|
        |grp_RANSAC_PnP_Pipeline_73_fu_2216                |RANSAC_PnP_Pipeline_73                |        4|        ?|   0.240 us|          ?|      4|      ?|       no|
        |grp_RANSAC_PnP_Pipeline_VITIS_LOOP_200_1_fu_2226  |RANSAC_PnP_Pipeline_VITIS_LOOP_200_1  |        ?|        ?|          ?|          ?|      ?|      ?|       no|
        |grp_compute_fu_2234                               |compute                               |        ?|        ?|          ?|          ?|      ?|      ?|       no|
        +--------------------------------------------------+--------------------------------------+---------+---------+-----------+-----------+-------+-------+---------+

        * Loop: 
        +---------------------+---------+---------+----------+-----------+-----------+------+----------+
        |                     |  Latency (cycles) | Iteration|  Initiation Interval  | Trip |          |
        |      Loop Name      |   min   |   max   |  Latency |  achieved |   target  | Count| Pipelined|
        +---------------------+---------+---------+----------+-----------+-----------+------+----------+
        |- VITIS_LOOP_150_1   |        ?|        ?|         ?|          -|          -|     ?|        no|
        | + VITIS_LOOP_114_1  |        ?|        ?|     2 ~ ?|          -|          -|     ?|        no|
        | + VITIS_LOOP_114_1  |        ?|        ?|     2 ~ ?|          -|          -|     ?|        no|
        | + VITIS_LOOP_114_1  |        ?|        ?|     2 ~ ?|          -|          -|     ?|        no|
        | + VITIS_LOOP_114_1  |        ?|        ?|     2 ~ ?|          -|          -|     ?|        no|
        | + VITIS_LOOP_114_1  |        ?|        ?|     2 ~ ?|          -|          -|     ?|        no|
        | + VITIS_LOOP_114_1  |        ?|        ?|     2 ~ ?|          -|          -|     ?|        no|
        |- VITIS_LOOP_114_1   |        ?|        ?|     2 ~ ?|          -|          -|     ?|        no|
        |- VITIS_LOOP_114_1   |        ?|        ?|     2 ~ ?|          -|          -|     ?|        no|
        |- VITIS_LOOP_114_1   |        ?|        ?|     2 ~ ?|          -|          -|     ?|        no|
        |- VITIS_LOOP_114_1   |        ?|        ?|     2 ~ ?|          -|          -|     ?|        no|
        +---------------------+---------+---------+----------+-----------+-----------+------+----------+



================================================================
== Utilization Estimates
================================================================
* Summary: 
+---------------------+---------+------+---------+---------+-----+
|         Name        | BRAM_18K|  DSP |    FF   |   LUT   | URAM|
+---------------------+---------+------+---------+---------+-----+
|DSP                  |        -|     -|        -|        -|    -|
|Expression           |        -|     -|        0|     2957|    -|
|FIFO                 |        -|     -|        -|        -|    -|
|Instance             |      145|  8398|   344764|  1796597|    0|
|Memory               |      136|     -|      452|      501|    2|
|Multiplexer          |        -|     -|        -|     5144|    -|
|Register             |        -|     -|     4956|        -|    -|
+---------------------+---------+------+---------+---------+-----+
|Total                |      281|  8398|   350172|  1805199|    2|
+---------------------+---------+------+---------+---------+-----+
|Available SLR        |     1344|  2976|   871680|   435840|  320|
+---------------------+---------+------+---------+---------+-----+
|Utilization SLR (%)  |       20|   282|       40|      414|   ~0|
+---------------------+---------+------+---------+---------+-----+
|Available            |     2688|  5952|  1743360|   871680|  640|
+---------------------+---------+------+---------+---------+-----+
|Utilization (%)      |       10|   141|       20|      207|   ~0|
+---------------------+---------+------+---------+---------+-----+

+ Detail: 
    * Instance: 
    +--------------------------------------------------+--------------------------------------+---------+------+--------+--------+-----+
    |                     Instance                     |                Module                | BRAM_18K|  DSP |   FF   |   LUT  | URAM|
    +--------------------------------------------------+--------------------------------------+---------+------+--------+--------+-----+
    |grp_RANSAC_PnP_Pipeline_1_fu_1728                 |RANSAC_PnP_Pipeline_1                 |        0|     1|      82|     304|    0|
    |grp_RANSAC_PnP_Pipeline_10_fu_1778                |RANSAC_PnP_Pipeline_10                |        0|     1|      82|     312|    0|
    |grp_RANSAC_PnP_Pipeline_11_fu_1783                |RANSAC_PnP_Pipeline_11                |        0|     1|      82|     330|    0|
    |grp_RANSAC_PnP_Pipeline_12_fu_1788                |RANSAC_PnP_Pipeline_12                |        0|     1|      82|     330|    0|
    |grp_RANSAC_PnP_Pipeline_13_fu_1793                |RANSAC_PnP_Pipeline_13                |        0|     1|      88|     323|    0|
    |grp_RANSAC_PnP_Pipeline_14_fu_1798                |RANSAC_PnP_Pipeline_14                |        0|     1|      90|     343|    0|
    |grp_RANSAC_PnP_Pipeline_15_fu_1803                |RANSAC_PnP_Pipeline_15                |        0|     1|      82|     337|    0|
    |grp_RANSAC_PnP_Pipeline_16_fu_1808                |RANSAC_PnP_Pipeline_16                |        0|     1|      90|     324|    0|
    |grp_RANSAC_PnP_Pipeline_17_fu_1813                |RANSAC_PnP_Pipeline_17                |        0|     1|      90|     344|    0|
    |grp_RANSAC_PnP_Pipeline_18_fu_1818                |RANSAC_PnP_Pipeline_18                |        0|     1|      86|     340|    0|
    |grp_RANSAC_PnP_Pipeline_19_fu_1823                |RANSAC_PnP_Pipeline_19                |        0|     1|      80|     331|    0|
    |grp_RANSAC_PnP_Pipeline_2_fu_1738                 |RANSAC_PnP_Pipeline_2                 |        0|     1|      82|     319|    0|
    |grp_RANSAC_PnP_Pipeline_20_fu_1828                |RANSAC_PnP_Pipeline_20                |        0|    38|     103|   13389|    0|
    |grp_RANSAC_PnP_Pipeline_21_fu_1833                |RANSAC_PnP_Pipeline_21                |        0|     1|      82|     296|    0|
    |grp_RANSAC_PnP_Pipeline_22_fu_1838                |RANSAC_PnP_Pipeline_22                |        0|    20|      44|    8973|    0|
    |grp_RANSAC_PnP_Pipeline_23_fu_1843                |RANSAC_PnP_Pipeline_23                |        0|     1|      82|     337|    0|
    |grp_RANSAC_PnP_Pipeline_24_fu_1848                |RANSAC_PnP_Pipeline_24                |        0|     1|      84|     337|    0|
    |grp_RANSAC_PnP_Pipeline_25_fu_1853                |RANSAC_PnP_Pipeline_25                |        0|     0|       5|     146|    0|
    |grp_RANSAC_PnP_Pipeline_26_fu_1858                |RANSAC_PnP_Pipeline_26                |        0|     1|      84|     336|    0|
    |grp_RANSAC_PnP_Pipeline_27_fu_1863                |RANSAC_PnP_Pipeline_27                |        0|     1|      78|     288|    0|
    |grp_RANSAC_PnP_Pipeline_28_fu_1868                |RANSAC_PnP_Pipeline_28                |        0|     0|       8|     366|    0|
    |grp_RANSAC_PnP_Pipeline_29_fu_1873                |RANSAC_PnP_Pipeline_29                |        0|     1|      80|     326|    0|
    |grp_RANSAC_PnP_Pipeline_3_fu_1743                 |RANSAC_PnP_Pipeline_3                 |        0|     1|      82|     328|    0|
    |grp_RANSAC_PnP_Pipeline_30_fu_1878                |RANSAC_PnP_Pipeline_30                |        0|     1|      82|     294|    0|
    |grp_RANSAC_PnP_Pipeline_31_fu_1883                |RANSAC_PnP_Pipeline_31                |        0|     1|      78|     330|    0|
    |grp_RANSAC_PnP_Pipeline_32_fu_1733                |RANSAC_PnP_Pipeline_32                |        0|     0|       7|      73|    0|
    |grp_RANSAC_PnP_Pipeline_33_fu_1888                |RANSAC_PnP_Pipeline_33                |        0|    15|     338|    2721|    0|
    |grp_RANSAC_PnP_Pipeline_34_fu_1898                |RANSAC_PnP_Pipeline_34                |        0|     0|       7|      73|    0|
    |grp_RANSAC_PnP_Pipeline_35_fu_1903                |RANSAC_PnP_Pipeline_35                |        0|    15|     290|    2721|    0|
    |grp_RANSAC_PnP_Pipeline_36_fu_1913                |RANSAC_PnP_Pipeline_36                |        0|    15|     338|    2719|    0|
    |grp_RANSAC_PnP_Pipeline_37_fu_1923                |RANSAC_PnP_Pipeline_37                |        0|    15|     290|    2719|    0|
    |grp_RANSAC_PnP_Pipeline_38_fu_1953                |RANSAC_PnP_Pipeline_38                |        0|     0|     114|    1253|    0|
    |grp_RANSAC_PnP_Pipeline_39_fu_1964                |RANSAC_PnP_Pipeline_39                |        0|     0|      24|     273|    0|
    |grp_RANSAC_PnP_Pipeline_4_fu_1748                 |RANSAC_PnP_Pipeline_4                 |        0|     1|      84|     319|    0|
    |grp_RANSAC_PnP_Pipeline_40_fu_1971                |RANSAC_PnP_Pipeline_40                |        0|     0|     114|    1260|    0|
    |grp_RANSAC_PnP_Pipeline_44_fu_2034                |RANSAC_PnP_Pipeline_44                |        0|     0|      28|     276|    0|
    |grp_RANSAC_PnP_Pipeline_45_fu_2041                |RANSAC_PnP_Pipeline_45                |        0|     0|     114|    1254|    0|
    |grp_RANSAC_PnP_Pipeline_46_fu_2052                |RANSAC_PnP_Pipeline_46                |        0|     0|      26|     274|    0|
    |grp_RANSAC_PnP_Pipeline_47_fu_2059                |RANSAC_PnP_Pipeline_47                |        0|     0|     114|    1253|    0|
    |grp_RANSAC_PnP_Pipeline_49_fu_2079                |RANSAC_PnP_Pipeline_49                |        0|     1|     191|    2266|    0|
    |grp_RANSAC_PnP_Pipeline_5_fu_1753                 |RANSAC_PnP_Pipeline_5                 |        0|     1|      82|     336|    0|
    |grp_RANSAC_PnP_Pipeline_50_fu_2086                |RANSAC_PnP_Pipeline_50                |        0|     1|     197|    2270|    0|
    |grp_RANSAC_PnP_Pipeline_51_fu_2093                |RANSAC_PnP_Pipeline_51                |        0|     1|     193|    2268|    0|
    |grp_RANSAC_PnP_Pipeline_52_fu_2100                |RANSAC_PnP_Pipeline_52                |        0|     1|     102|     363|    0|
    |grp_RANSAC_PnP_Pipeline_53_fu_2105                |RANSAC_PnP_Pipeline_53                |        0|     1|      90|     345|    0|
    |grp_RANSAC_PnP_Pipeline_54_fu_2110                |RANSAC_PnP_Pipeline_54                |        0|     1|      82|     333|    0|
    |grp_RANSAC_PnP_Pipeline_55_fu_2115                |RANSAC_PnP_Pipeline_55                |        0|     1|      90|     345|    0|
    |grp_RANSAC_PnP_Pipeline_56_fu_2120                |RANSAC_PnP_Pipeline_56                |        0|     1|      90|     345|    0|
    |grp_RANSAC_PnP_Pipeline_57_fu_2125                |RANSAC_PnP_Pipeline_57                |        0|     1|      82|     332|    0|
    |grp_RANSAC_PnP_Pipeline_58_fu_2130                |RANSAC_PnP_Pipeline_58                |        0|     0|       5|     116|    0|
    |grp_RANSAC_PnP_Pipeline_59_fu_2135                |RANSAC_PnP_Pipeline_59                |        0|     1|      78|     308|    0|
    |grp_RANSAC_PnP_Pipeline_6_fu_1758                 |RANSAC_PnP_Pipeline_6                 |        0|     1|      82|     336|    0|
    |grp_RANSAC_PnP_Pipeline_60_fu_2140                |RANSAC_PnP_Pipeline_60                |        0|     1|      82|     332|    0|
    |grp_RANSAC_PnP_Pipeline_61_fu_2145                |RANSAC_PnP_Pipeline_61                |        0|     1|      82|     332|    0|
    |grp_RANSAC_PnP_Pipeline_62_fu_2150                |RANSAC_PnP_Pipeline_62                |        0|     0|       7|     351|    0|
    |grp_RANSAC_PnP_Pipeline_63_fu_2155                |RANSAC_PnP_Pipeline_63                |        0|     1|      78|     291|    0|
    |grp_RANSAC_PnP_Pipeline_64_fu_2160                |RANSAC_PnP_Pipeline_64                |        0|     0|       5|     116|    0|
    |grp_RANSAC_PnP_Pipeline_65_fu_2165                |RANSAC_PnP_Pipeline_65                |        0|     1|     100|     360|    0|
    |grp_RANSAC_PnP_Pipeline_66_fu_2170                |RANSAC_PnP_Pipeline_66                |        0|     1|     116|    2249|    0|
    |grp_RANSAC_PnP_Pipeline_67_fu_2177                |RANSAC_PnP_Pipeline_67                |        0|     1|      80|     337|    0|
    |grp_RANSAC_PnP_Pipeline_68_fu_2189                |RANSAC_PnP_Pipeline_68                |        0|     1|      98|     356|    0|
    |grp_RANSAC_PnP_Pipeline_69_fu_2194                |RANSAC_PnP_Pipeline_69                |        0|     1|      98|     355|    0|
    |grp_RANSAC_PnP_Pipeline_7_fu_1763                 |RANSAC_PnP_Pipeline_7                 |        0|     1|      82|     335|    0|
    |grp_RANSAC_PnP_Pipeline_70_fu_2182                |RANSAC_PnP_Pipeline_70                |        0|     0|      28|     276|    0|
    |grp_RANSAC_PnP_Pipeline_71_fu_2199                |RANSAC_PnP_Pipeline_71                |        0|    15|     338|    2728|    0|
    |grp_RANSAC_PnP_Pipeline_72_fu_2209                |RANSAC_PnP_Pipeline_72                |        0|     0|      26|     274|    0|
    |grp_RANSAC_PnP_Pipeline_73_fu_2216                |RANSAC_PnP_Pipeline_73                |        0|    15|     290|    2621|    0|
    |grp_RANSAC_PnP_Pipeline_8_fu_1768                 |RANSAC_PnP_Pipeline_8                 |        0|     1|      78|     271|    0|
    |grp_RANSAC_PnP_Pipeline_9_fu_1773                 |RANSAC_PnP_Pipeline_9                 |        0|     1|      82|     335|    0|
    |grp_RANSAC_PnP_Pipeline_VITIS_LOOP_159_2_fu_1982  |RANSAC_PnP_Pipeline_VITIS_LOOP_159_2  |        0|    11|     288|    6217|    0|
    |grp_RANSAC_PnP_Pipeline_VITIS_LOOP_167_3_fu_1989  |RANSAC_PnP_Pipeline_VITIS_LOOP_167_3  |        0|     0|      52|    1142|    0|
    |grp_RANSAC_PnP_Pipeline_VITIS_LOOP_175_4_fu_1998  |RANSAC_PnP_Pipeline_VITIS_LOOP_175_4  |        0|     0|      21|      74|    0|
    |grp_RANSAC_PnP_Pipeline_VITIS_LOOP_198_5_fu_2070  |RANSAC_PnP_Pipeline_VITIS_LOOP_198_5  |        0|     0|     378|   10666|    0|
    |grp_RANSAC_PnP_Pipeline_VITIS_LOOP_200_1_fu_2226  |RANSAC_PnP_Pipeline_VITIS_LOOP_200_1  |        0|    53|    1536|   16949|    0|
    |grp_compute_fu_2234                               |compute                               |      130|  4224|  154668|  733041|    0|
    |grp_compute_1_fu_1933                             |compute_1                             |       10|  3714|  171945|  917422|    0|
    |dcmp_64ns_64ns_1_1_no_dsp_1_U4747                 |dcmp_64ns_64ns_1_1_no_dsp_1           |        0|     0|       0|       0|    0|
    |dcmp_64ns_64ns_1_1_no_dsp_1_U4748                 |dcmp_64ns_64ns_1_1_no_dsp_1           |        0|     0|       0|       0|    0|
    |ddiv_64ns_64ns_64_5_no_dsp_1_U4752                |ddiv_64ns_64ns_64_5_no_dsp_1          |        0|     0|       0|       0|    0|
    |dlog_64ns_64ns_64_3_full_dsp_1_U4750              |dlog_64ns_64ns_64_3_full_dsp_1        |        0|    57|     192|    1187|    0|
    |dmul_64ns_64ns_64_1_max_dsp_1_U4745               |dmul_64ns_64ns_64_1_max_dsp_1         |        0|     8|       0|     106|    0|
    |dsqrt_64ns_64ns_64_3_no_dsp_1_U4751               |dsqrt_64ns_64ns_64_3_no_dsp_1         |        0|     0|       0|       0|    0|
    |dsub_64ns_64ns_64_1_full_dsp_1_U4744              |dsub_64ns_64ns_64_1_full_dsp_1        |        0|     3|       0|     708|    0|
    |grp_getSubset_fu_1722                             |getSubset                             |        0|     3|    1535|   14732|    0|
    |grp_pow_generic_double_s_fu_2005                  |pow_generic_double_s                  |        5|    82|    2050|    6795|    0|
    |grp_projectPoint_fu_1938                          |projectPoint                          |        0|    39|    4609|   17454|    0|
    |grp_pythag_fu_5139                                |pythag                                |        0|    11|     660|    1351|    0|
    |sitodp_32ns_64_1_no_dsp_1_U4749                   |sitodp_32ns_64_1_no_dsp_1             |        0|     0|       0|       0|    0|
    +--------------------------------------------------+--------------------------------------+---------+------+--------+--------+-----+
    |Total                                             |                                      |      145|  8398|  344764| 1796597|    0|
    +--------------------------------------------------+--------------------------------------+---------+------+--------+--------+-----+

    * DSP: 
    N/A

    * Memory: 
    +------------------+---------------------------------------+---------+----+----+-----+------+-----+------+-------------+
    |      Memory      |                 Module                | BRAM_18K| FF | LUT| URAM| Words| Bits| Banks| W*Bits*Banks|
    +------------------+---------------------------------------+---------+----+----+-----+------+-----+------+-------------+
    |ref_tmp3_i_U      |ProjectPoints_ref_tmp_RAM_AUTO_1R1W    |        4|   0|   0|    0|  1001|   64|     1|        64064|
    |ref_tmp117_U      |ProjectPoints_ref_tmp_RAM_AUTO_1R1W    |        4|   0|   0|    0|  1001|   64|     1|        64064|
    |agg_tmp3_0_U      |RANSAC_PnP_agg_tmp3_0_RAM_AUTO_1R1W    |        0|  64|  65|    0|     9|   64|     1|          576|
    |best_mask_U       |RANSAC_PnP_best_mask_RAM_AUTO_1R1W     |        0|   2|  17|    0|   500|    1|     1|          500|
    |mask_U            |RANSAC_PnP_best_mask_RAM_AUTO_1R1W     |        0|   2|  17|    0|   500|    1|     1|          500|
    |epnp_U            |RANSAC_PnP_epnp_RAM_AUTO_1R1W          |        8|   0|   0|    0|   149|  448|     1|        66752|
    |ipoint_val_U      |RANSAC_PnP_ipoint_val_RAM_AUTO_1R1W    |        0|  64|  65|    0|    10|   64|     1|          640|
    |mask_table_U      |RANSAC_PnP_mask_table_ROM_AUTO_1R      |        0|  64|  65|    0|    64|   52|     1|         3328|
    |one_half_table_U  |RANSAC_PnP_one_half_table_ROM_AUTO_1R  |        0|  64|  65|    0|    64|   53|     1|         3392|
    |opoint_val_U      |RANSAC_PnP_opoint_val_RAM_AUTO_1R1W    |        0|  64|  65|    0|    15|   64|     1|          960|
    |pnp_iter_U        |RANSAC_PnP_pnp_iter_RAM_AUTO_1R1W      |      114|   0|  12|    0|  4147|  448|     1|      1857856|
    |ref_tmp5_U        |RANSAC_PnP_ref_tmp5_RAM_AUTO_1R1W      |        2|   0|   0|    0|   501|   64|     1|        32064|
    |ref_tmp_U         |RANSAC_PnP_ref_tmp_RAM_AUTO_1R1W       |        4|   0|   0|    0|  1001|   64|     1|        64064|
    |ref_tmp_i220_U    |RANSAC_PnP_ref_tmp_i220_RAM_AUTO_1R1W  |        0|   0|   0|    1|  1501|   64|     1|        96064|
    |ref_tmp115_U      |RANSAC_PnP_ref_tmp_i220_RAM_AUTO_1R1W  |        0|   0|   0|    1|  1501|   64|     1|        96064|
    |ref_tmp12_i_U     |getSubset_ref_tmp2_RAM_AUTO_1R1W       |        0|  64|  65|    0|    11|   64|     1|          704|
    |ref_tmp_i_U       |getSubset_ref_tmp_RAM_AUTO_1R1W        |        0|  64|  65|    0|    16|   64|     1|         1024|
    +------------------+---------------------------------------+---------+----+----+-----+------+-----+------+-------------+
    |Total             |                                       |      136| 452| 501|    2| 11991| 1707|    17|      2352616|
    +------------------+---------------------------------------+---------+----+----+-----+------+-----+------+-------------+

    * FIFO: 
    N/A

    * Expression: 
    +-----------------------------------+----------+----+---+-----+------------+------------+
    |           Variable Name           | Operation| DSP| FF| LUT | Bitwidth P0| Bitwidth P1|
    +-----------------------------------+----------+----+---+-----+------------+------------+
    |add_ln114_43_fu_2653_p2            |         +|   0|  0|   39|          32|           1|
    |add_ln114_44_fu_2721_p2            |         +|   0|  0|   39|          32|           1|
    |add_ln114_45_fu_3801_p2            |         +|   0|  0|   39|          32|           1|
    |add_ln114_46_fu_2774_p2            |         +|   0|  0|   39|          32|           1|
    |add_ln114_47_fu_3933_p2            |         +|   0|  0|   39|          32|           1|
    |add_ln114_48_fu_2854_p2            |         +|   0|  0|   39|          32|           1|
    |add_ln114_49_fu_4013_p2            |         +|   0|  0|   39|          32|           1|
    |add_ln114_50_fu_3034_p2            |         +|   0|  0|   39|          32|           1|
    |add_ln114_51_fu_3110_p2            |         +|   0|  0|   39|          32|           1|
    |add_ln114_fu_3717_p2               |         +|   0|  0|   39|          32|           1|
    |add_ln515_fu_3580_p2               |         +|   0|  0|   19|          12|          11|
    |data_V_58_fu_3492_p2               |         +|   0|  0|   71|          64|          64|
    |ii_2_fu_2441_p2                    |         +|   0|  0|   39|          32|           1|
    |empty_5114_fu_2683_p2              |         -|   0|  0|   45|          38|          38|
    |empty_5121_fu_2792_p2              |         -|   0|  0|   12|           4|           4|
    |empty_5122_fu_2823_p2              |         -|   0|  0|   45|          38|          38|
    |empty_5139_fu_3747_p2              |         -|   0|  0|   23|          16|          16|
    |empty_5150_fu_3963_p2              |         -|   0|  0|   45|          38|          38|
    |result_V_8_fu_3662_p2              |         -|   0|  0|   39|           1|          32|
    |sub_ln1512_fu_3594_p2              |         -|   0|  0|   18|          10|          11|
    |sub_ln179_fu_3182_p2               |         -|   0|  0|   39|          32|          32|
    |and_ln180_fu_3224_p2               |       and|   0|  0|    2|           1|           1|
    |and_ln181_fu_3274_p2               |       and|   0|  0|    2|           1|           1|
    |and_ln184_fu_3320_p2               |       and|   0|  0|    2|           1|           1|
    |and_ln190_1_fu_3420_p2             |       and|   0|  0|    2|           1|           1|
    |and_ln190_fu_3368_p2               |       and|   0|  0|    2|           1|           1|
    |ap_block_state101_on_subcall_done  |       and|   0|  0|    2|           1|           1|
    |ap_block_state103_on_subcall_done  |       and|   0|  0|    2|           1|           1|
    |ap_block_state105_on_subcall_done  |       and|   0|  0|    2|           1|           1|
    |ap_block_state119_on_subcall_done  |       and|   0|  0|    2|           1|           1|
    |ap_block_state125_on_subcall_done  |       and|   0|  0|    2|           1|           1|
    |ap_block_state158_on_subcall_done  |       and|   0|  0|    2|           1|           1|
    |ap_block_state164_on_subcall_done  |       and|   0|  0|    2|           1|           1|
    |ap_block_state231_on_subcall_done  |       and|   0|  0|    2|           1|           1|
    |ap_block_state237_on_subcall_done  |       and|   0|  0|    2|           1|           1|
    |ap_block_state95_on_subcall_done   |       and|   0|  0|    2|           1|           1|
    |xs_sig_V_fu_3507_p2                |       and|   0|  0|   52|          52|          52|
    |cmp8134_fu_2423_p2                 |      icmp|   0|  0|   20|          32|           1|
    |empty_5113_fu_2642_p2              |      icmp|   0|  0|   20|          32|           1|
    |empty_5117_fu_2710_p2              |      icmp|   0|  0|   20|          32|           1|
    |empty_5119_fu_2750_p2              |      icmp|   0|  0|   20|          32|           1|
    |empty_5123_fu_2831_p2              |      icmp|   0|  0|   20|          32|           1|
    |empty_5125_fu_3023_p2              |      icmp|   0|  0|   20|          32|           1|
    |empty_5131_fu_3099_p2              |      icmp|   0|  0|   20|          32|           1|
    |empty_5136_fu_3703_p2              |      icmp|   0|  0|   20|          32|           1|
    |empty_5143_fu_3787_p2              |      icmp|   0|  0|   20|          32|           1|
    |empty_5149_fu_3919_p2              |      icmp|   0|  0|   20|          32|           1|
    |empty_5153_fu_3999_p2              |      icmp|   0|  0|   20|          32|           1|
    |icmp_ln1035_1_fu_3454_p2           |      icmp|   0|  0|   11|          11|          11|
    |icmp_ln1035_fu_3448_p2             |      icmp|   0|  0|   11|          11|          10|
    |icmp_ln114_44_fu_2648_p2           |      icmp|   0|  0|   20|          32|          32|
    |icmp_ln114_45_fu_2716_p2           |      icmp|   0|  0|   20|          32|          32|
    |icmp_ln114_46_fu_3796_p2           |      icmp|   0|  0|   20|          32|          32|
    |icmp_ln114_47_fu_2769_p2           |      icmp|   0|  0|   20|          32|          32|
    |icmp_ln114_48_fu_3928_p2           |      icmp|   0|  0|   20|          32|          32|
    |icmp_ln114_49_fu_2849_p2           |      icmp|   0|  0|   20|          32|          32|
    |icmp_ln114_50_fu_4008_p2           |      icmp|   0|  0|   20|          32|          32|
    |icmp_ln114_51_fu_3029_p2           |      icmp|   0|  0|   20|          32|          32|
    |icmp_ln114_52_fu_3105_p2           |      icmp|   0|  0|   20|          32|          32|
    |icmp_ln114_fu_3712_p2              |      icmp|   0|  0|   20|          32|          32|
    |icmp_ln150_fu_2435_p2              |      icmp|   0|  0|   20|          32|          32|
    |icmp_ln173_1_fu_3176_p2            |      icmp|   0|  0|   19|          31|          31|
    |icmp_ln173_fu_3163_p2              |      icmp|   0|  0|   20|          32|           3|
    |icmp_ln180_1_fu_3212_p2            |      icmp|   0|  0|   24|          52|           1|
    |icmp_ln180_fu_3206_p2              |      icmp|   0|  0|   11|          11|           2|
    |icmp_ln181_1_fu_3262_p2            |      icmp|   0|  0|   24|          52|           1|
    |icmp_ln181_fu_3256_p2              |      icmp|   0|  0|   11|          11|           2|
    |icmp_ln184_1_fu_3310_p2            |      icmp|   0|  0|   24|          52|           1|
    |icmp_ln184_fu_3304_p2              |      icmp|   0|  0|   11|          11|           2|
    |icmp_ln190_1_fu_3356_p2            |      icmp|   0|  0|   24|          52|           1|
    |icmp_ln190_2_fu_3402_p2            |      icmp|   0|  0|   11|          11|           2|
    |icmp_ln190_3_fu_3408_p2            |      icmp|   0|  0|   24|          52|           1|
    |icmp_ln190_fu_3350_p2              |      icmp|   0|  0|   11|          11|           2|
    |icmp_ln97_fu_3859_p2               |      icmp|   0|  0|   20|          32|           9|
    |r_V_fu_3620_p2                     |      lshr|   0|  0|  460|         137|         137|
    |ap_block_state222_on_subcall_done  |        or|   0|  0|    2|           1|           1|
    |ap_block_state5_on_subcall_done    |        or|   0|  0|    2|           1|           1|
    |empty_5147_fu_3845_p2              |        or|   0|  0|    5|           5|           4|
    |empty_5155_fu_4040_p2              |        or|   0|  0|   36|          36|           4|
    |or_ln180_fu_3218_p2                |        or|   0|  0|    2|           1|           1|
    |or_ln181_fu_3268_p2                |        or|   0|  0|    2|           1|           1|
    |or_ln184_fu_3316_p2                |        or|   0|  0|    2|           1|           1|
    |or_ln190_1_fu_3414_p2              |        or|   0|  0|    2|           1|           1|
    |or_ln190_fu_3362_p2                |        or|   0|  0|    2|           1|           1|
    |ep_1_fu_3230_p3                    |    select|   0|  0|   63|           1|          64|
    |ep_2_fu_3279_p3                    |    select|   0|  0|   63|           1|          64|
    |result_V_fu_3668_p3                |    select|   0|  0|   32|           1|          32|
    |select_ln173_fu_3169_p3            |    select|   0|  0|   31|           1|          31|
    |select_ln190_fu_3325_p3            |    select|   0|  0|   63|           1|           1|
    |ush_fu_3604_p3                     |    select|   0|  0|   12|           1|          12|
    |val_fu_3654_p3                     |    select|   0|  0|   32|           1|          32|
    |r_V_73_fu_3626_p2                  |       shl|   0|  0|  460|         137|         137|
    |empty_5129_fu_3078_p2              |       xor|   0|  0|    6|           5|           6|
    |xor_ln1497_fu_3501_p2              |       xor|   0|  0|   52|          52|           2|
    |xor_ln190_fu_3374_p2               |       xor|   0|  0|   65|          64|          65|
    +-----------------------------------+----------+----+---+-----+------------+------------+
    |Total                              |          |   0|  0| 2957|        2258|        1402|
    +-----------------------------------+----------+----+---+-----+------------+------------+

    * Multiplexer: 
    +---------------------------------------------+------+-----------+-----+-----------+
    |                     Name                    |  LUT | Input Size| Bits| Total Bits|
    +---------------------------------------------+------+-----------+-----+-----------+
    |agg_tmp3_0_address0                          |    37|          7|    4|         28|
    |agg_tmp3_0_address1                          |    26|          5|    4|         20|
    |agg_tmp3_0_ce0                               |    14|          3|    1|          3|
    |agg_tmp3_0_d0                                |    31|          6|   64|        384|
    |agg_tmp3_0_d1                                |    26|          5|   64|        320|
    |ap_NS_fsm                                    |  1286|        242|    1|        242|
    |ap_phi_mux_dc_56_phi_fu_1712_p8              |     9|          2|   64|        128|
    |ap_phi_mux_goodCount_0_lcssa_phi_fu_1702_p4  |     9|          2|   31|         62|
    |best_mask_address0                           |    14|          3|    9|         27|
    |best_mask_ce0                                |    14|          3|    1|          3|
    |best_mask_we0                                |     9|          2|    1|          2|
    |dc_56_reg_1709                               |    20|          4|   64|        256|
    |em_address0                                  |   118|         24|   11|        264|
    |em_address1                                  |    43|          8|   11|         88|
    |em_ce0                                       |    65|         13|    1|         13|
    |em_ce1                                       |    31|          6|    1|          6|
    |em_d0                                        |    59|         11|  256|       2816|
    |em_d1                                        |    14|          3|  256|        768|
    |em_we0                                       |    59|         11|   32|        352|
    |em_we1                                       |    14|          3|   32|         96|
    |epnp_address0                                |   279|         65|    8|        520|
    |epnp_ce0                                     |   169|         38|    1|         38|
    |epnp_ce1                                     |     9|          2|    1|          2|
    |epnp_d0                                      |   273|         64|  448|      28672|
    |epnp_we0                                     |   197|         45|   56|       2520|
    |epnp_we1                                     |     9|          2|   56|        112|
    |goodCount_0_lcssa_reg_1698                   |     9|          2|   31|         62|
    |grp_fu_2257_p1                               |    14|          3|   64|        192|
    |grp_fu_2267_ce                               |    26|          5|    1|          5|
    |grp_fu_2267_p0                               |    31|          6|   64|        384|
    |grp_fu_2267_p1                               |    31|          6|   64|        384|
    |grp_fu_2272_opcode                           |    26|          5|    5|         25|
    |grp_fu_2272_p0                               |    26|          5|   64|        320|
    |grp_fu_2272_p1                               |    20|          4|   64|        256|
    |grp_fu_2285_p0                               |    20|          4|   32|        128|
    |grp_fu_5131_ce                               |    14|          3|    1|          3|
    |grp_fu_5131_p0                               |    14|          3|   64|        192|
    |grp_fu_5131_p1                               |    14|          3|   64|        192|
    |grp_fu_5135_ce                               |    20|          4|    1|          4|
    |grp_fu_5135_p0                               |    20|          4|   64|        256|
    |grp_fu_5135_p1                               |    20|          4|   64|        256|
    |grp_pythag_fu_5139_a                         |    14|          3|   64|        192|
    |grp_pythag_fu_5139_ap_start                  |    14|          3|    1|          3|
    |grp_pythag_fu_5139_b                         |    14|          3|   64|        192|
    |i_198_fu_746                                 |     9|          2|   32|         64|
    |i_200_fu_750                                 |     9|          2|   32|         64|
    |i_201_fu_754                                 |     9|          2|   32|         64|
    |i_203_reg_1632                               |     9|          2|   32|         64|
    |i_204_reg_1643                               |     9|          2|   32|         64|
    |i_205_reg_1654                               |     9|          2|   32|         64|
    |i_206_reg_1665                               |     9|          2|   32|         64|
    |i_207_reg_1676                               |     9|          2|   32|         64|
    |i_208_reg_1687                               |     9|          2|   32|         64|
    |i_fu_742                                     |     9|          2|   32|         64|
    |ii_fu_662                                    |     9|          2|   32|         64|
    |ipoint_val_address0                          |    37|          7|    4|         28|
    |ipoint_val_address1                          |    31|          6|    4|         24|
    |ipoint_val_ce0                               |    14|          3|    1|          3|
    |ipoint_val_d0                                |    31|          6|   64|        384|
    |ipoint_val_d1                                |    31|          6|   64|        384|
    |mask_address0                                |    14|          3|    9|         27|
    |mask_ce0                                     |    14|          3|    1|          3|
    |mask_we0                                     |     9|          2|    1|          2|
    |maxGoodCount_fu_666                          |     9|          2|   31|         62|
    |niters_fu_670                                |     9|          2|   32|         64|
    |opoint_val_address0                          |    54|         10|    4|         40|
    |opoint_val_address1                          |    43|          8|    4|         32|
    |opoint_val_ce0                               |    14|          3|    1|          3|
    |opoint_val_d0                                |    49|          9|   64|        576|
    |opoint_val_d1                                |    43|          8|   64|        512|
    |pnp_iter_address0                            |   213|         49|   13|        637|
    |pnp_iter_address1                            |    14|          3|   13|         39|
    |pnp_iter_ce0                                 |   134|         27|    1|         27|
    |pnp_iter_ce1                                 |    14|          3|    1|          3|
    |pnp_iter_d0                                  |   201|         46|  448|      20608|
    |pnp_iter_d1                                  |    14|          3|  448|       1344|
    |pnp_iter_we0                                 |   152|         33|   56|       1848|
    |pnp_iter_we1                                 |    14|          3|   56|        168|
    |ref_tmp115_address0                          |    26|          5|   11|         55|
    |ref_tmp115_ce0                               |    20|          4|    1|          4|
    |ref_tmp115_d0                                |    14|          3|   64|        192|
    |ref_tmp115_we0                               |    14|          3|    8|         24|
    |ref_tmp117_address0                          |    26|          5|   10|         50|
    |ref_tmp117_ce0                               |    20|          4|    1|          4|
    |ref_tmp117_d0                                |    14|          3|   64|        192|
    |ref_tmp117_we0                               |    14|          3|    8|         24|
    |ref_tmp12_i_address0                         |    20|          4|    4|         16|
    |ref_tmp12_i_ce0                              |    20|          4|    1|          4|
    |ref_tmp12_i_d0                               |    14|          3|   64|        192|
    |ref_tmp12_i_we0                              |    14|          3|    8|         24|
    |ref_tmp3_i_address0                          |    26|          5|   10|         50|
    |ref_tmp3_i_ce0                               |    20|          4|    1|          4|
    |ref_tmp3_i_d0                                |    14|          3|   64|        192|
    |ref_tmp3_i_we0                               |    14|          3|    8|         24|
    |ref_tmp5_address0                            |    20|          4|    9|         36|
    |ref_tmp5_ce0                                 |    20|          4|    1|          4|
    |ref_tmp5_d0                                  |    14|          3|   64|        192|
    |ref_tmp5_we0                                 |    14|          3|    8|         24|
    |ref_tmp_address0                             |    20|          4|   10|         40|
    |ref_tmp_ce0                                  |    20|          4|    1|          4|
    |ref_tmp_ce1                                  |     9|          2|    1|          2|
    |ref_tmp_i220_address0                        |    26|          5|   11|         55|
    |ref_tmp_i220_ce0                             |    20|          4|    1|          4|
    |ref_tmp_i220_d0                              |    14|          3|   64|        192|
    |ref_tmp_i220_we0                             |    14|          3|    8|         24|
    |ref_tmp_i_address0                           |    20|          4|    4|         16|
    |ref_tmp_i_ce0                                |    20|          4|    1|          4|
    |ref_tmp_i_d0                                 |    14|          3|   64|        192|
    |ref_tmp_i_we0                                |    14|          3|    8|         24|
    |ref_tmp_we0                                  |     9|          2|    8|         16|
    |ref_tmp_we1                                  |     9|          2|    8|         16|
    |reg_2374                                     |     9|          2|  256|        512|
    |tmpArray_address0                            |    65|         12|   19|        228|
    |tmpArray_ce0                                 |    65|         12|    1|         12|
    +---------------------------------------------+------+-----------+-----+-----------+
    |Total                                        |  5144|       1058| 4864|      70958|
    +---------------------------------------------+------+-----------+-----+-----------+

    * Register: 
    +---------------------------------------------------------------+-----+----+-----+-----------+
    |                              Name                             |  FF | LUT| Bits| Const Bits|
    +---------------------------------------------------------------+-----+----+-----+-----------+
    |add_ln114_43_reg_4591                                          |   32|   0|   32|          0|
    |add_ln114_44_reg_4624                                          |   32|   0|   32|          0|
    |add_ln114_45_reg_4988                                          |   32|   0|   32|          0|
    |add_ln114_46_reg_4652                                          |   32|   0|   32|          0|
    |add_ln114_47_reg_5065                                          |   32|   0|   32|          0|
    |add_ln114_48_reg_4680                                          |   32|   0|   32|          0|
    |add_ln114_49_reg_5110                                          |   32|   0|   32|          0|
    |add_ln114_50_reg_4753                                          |   32|   0|   32|          0|
    |add_ln114_51_reg_4790                                          |   32|   0|   32|          0|
    |add_ln114_reg_4939                                             |   32|   0|   32|          0|
    |and_ln190_1_reg_4885                                           |    1|   0|    1|          0|
    |and_ln190_reg_4875                                             |    1|   0|    1|          0|
    |ap_CS_fsm                                                      |  241|   0|  241|          0|
    |bitcast_ln156_10_reg_4726                                      |   64|   0|   64|          0|
    |bitcast_ln156_11_reg_4731                                      |   64|   0|   64|          0|
    |bitcast_ln156_9_reg_4721                                       |   64|   0|   64|          0|
    |cmp8134_reg_4305                                               |    1|   0|    1|          0|
    |conv1_reg_4300                                                 |   64|   0|   64|          0|
    |conv_reg_4819                                                  |   64|   0|   64|          0|
    |count_cast_reg_4289                                            |   31|   0|   31|          0|
    |count_reg_4282                                                 |   32|   0|   32|          0|
    |data_V_reg_4894                                                |   64|   0|   64|          0|
    |dc_56_reg_1709                                                 |   64|   0|   64|          0|
    |denom_1_reg_4862                                               |   64|   0|   64|          0|
    |denom_reg_4840                                                 |   64|   0|   64|          0|
    |em_load_21_reg_4543                                            |  256|   0|  256|          0|
    |em_load_22_reg_4564                                            |  256|   0|  256|          0|
    |em_load_23_reg_4569                                            |  256|   0|  256|          0|
    |empty_5113_reg_4584                                            |    1|   0|    1|          0|
    |empty_5114_reg_4596                                            |   35|   0|   38|          3|
    |empty_5115_reg_4602                                            |    4|   0|    7|          3|
    |empty_5116_reg_4607                                            |   32|   0|   32|          0|
    |empty_5117_reg_4617                                            |    1|   0|    1|          0|
    |empty_5119_reg_4640                                            |    1|   0|    1|          0|
    |empty_5121_reg_4657                                            |    4|   0|    4|          0|
    |empty_5122_reg_4662                                            |   35|   0|   38|          3|
    |empty_5123_reg_4668                                            |    1|   0|    1|          0|
    |empty_5124_reg_4736                                            |   32|   0|   32|          0|
    |empty_5125_reg_4746                                            |    1|   0|    1|          0|
    |empty_5129_reg_4768                                            |    5|   0|    5|          0|
    |empty_5130_reg_4773                                            |   32|   0|   32|          0|
    |empty_5131_reg_4783                                            |    1|   0|    1|          0|
    |empty_5135_reg_4922                                            |   32|   0|   32|          0|
    |empty_5136_reg_4932                                            |    1|   0|    1|          0|
    |empty_5139_reg_4944                                            |   13|   0|   16|          3|
    |empty_5140_reg_4949                                            |   11|   0|   14|          3|
    |empty_5141_reg_4954                                            |    2|   0|    5|          3|
    |empty_5142_reg_4971                                            |   32|   0|   32|          0|
    |empty_5143_reg_4981                                            |    1|   0|    1|          0|
    |empty_5147_reg_5003                                            |    1|   0|    5|          4|
    |empty_5148_reg_5048                                            |   32|   0|   32|          0|
    |empty_5149_reg_5058                                            |    1|   0|    1|          0|
    |empty_5150_reg_5070                                            |   35|   0|   38|          3|
    |empty_5151_reg_5076                                            |   11|   0|   14|          3|
    |empty_5152_reg_5093                                            |   32|   0|   32|          0|
    |empty_5153_reg_5103                                            |    1|   0|    1|          0|
    |empty_5155_reg_5120                                            |   32|   0|   36|          4|
    |empty_reg_4574                                                 |   32|   0|   32|          0|
    |ep_1_reg_4824                                                  |   64|   0|   64|          0|
    |goodCount_0_lcssa_reg_1698                                     |   31|   0|   31|          0|
    |grp_RANSAC_PnP_Pipeline_10_fu_1778_ap_start_reg                |    1|   0|    1|          0|
    |grp_RANSAC_PnP_Pipeline_11_fu_1783_ap_start_reg                |    1|   0|    1|          0|
    |grp_RANSAC_PnP_Pipeline_12_fu_1788_ap_start_reg                |    1|   0|    1|          0|
    |grp_RANSAC_PnP_Pipeline_13_fu_1793_ap_start_reg                |    1|   0|    1|          0|
    |grp_RANSAC_PnP_Pipeline_14_fu_1798_ap_start_reg                |    1|   0|    1|          0|
    |grp_RANSAC_PnP_Pipeline_15_fu_1803_ap_start_reg                |    1|   0|    1|          0|
    |grp_RANSAC_PnP_Pipeline_16_fu_1808_ap_start_reg                |    1|   0|    1|          0|
    |grp_RANSAC_PnP_Pipeline_17_fu_1813_ap_start_reg                |    1|   0|    1|          0|
    |grp_RANSAC_PnP_Pipeline_18_fu_1818_ap_start_reg                |    1|   0|    1|          0|
    |grp_RANSAC_PnP_Pipeline_19_fu_1823_ap_start_reg                |    1|   0|    1|          0|
    |grp_RANSAC_PnP_Pipeline_1_fu_1728_ap_start_reg                 |    1|   0|    1|          0|
    |grp_RANSAC_PnP_Pipeline_20_fu_1828_ap_start_reg                |    1|   0|    1|          0|
    |grp_RANSAC_PnP_Pipeline_21_fu_1833_ap_start_reg                |    1|   0|    1|          0|
    |grp_RANSAC_PnP_Pipeline_22_fu_1838_ap_start_reg                |    1|   0|    1|          0|
    |grp_RANSAC_PnP_Pipeline_23_fu_1843_ap_start_reg                |    1|   0|    1|          0|
    |grp_RANSAC_PnP_Pipeline_24_fu_1848_ap_start_reg                |    1|   0|    1|          0|
    |grp_RANSAC_PnP_Pipeline_25_fu_1853_ap_start_reg                |    1|   0|    1|          0|
    |grp_RANSAC_PnP_Pipeline_26_fu_1858_ap_start_reg                |    1|   0|    1|          0|
    |grp_RANSAC_PnP_Pipeline_27_fu_1863_ap_start_reg                |    1|   0|    1|          0|
    |grp_RANSAC_PnP_Pipeline_28_fu_1868_ap_start_reg                |    1|   0|    1|          0|
    |grp_RANSAC_PnP_Pipeline_29_fu_1873_ap_start_reg                |    1|   0|    1|          0|
    |grp_RANSAC_PnP_Pipeline_2_fu_1738_ap_start_reg                 |    1|   0|    1|          0|
    |grp_RANSAC_PnP_Pipeline_30_fu_1878_ap_start_reg                |    1|   0|    1|          0|
    |grp_RANSAC_PnP_Pipeline_31_fu_1883_ap_start_reg                |    1|   0|    1|          0|
    |grp_RANSAC_PnP_Pipeline_32_fu_1733_ap_start_reg                |    1|   0|    1|          0|
    |grp_RANSAC_PnP_Pipeline_33_fu_1888_ap_start_reg                |    1|   0|    1|          0|
    |grp_RANSAC_PnP_Pipeline_34_fu_1898_ap_start_reg                |    1|   0|    1|          0|
    |grp_RANSAC_PnP_Pipeline_35_fu_1903_ap_start_reg                |    1|   0|    1|          0|
    |grp_RANSAC_PnP_Pipeline_36_fu_1913_ap_start_reg                |    1|   0|    1|          0|
    |grp_RANSAC_PnP_Pipeline_37_fu_1923_ap_start_reg                |    1|   0|    1|          0|
    |grp_RANSAC_PnP_Pipeline_38_fu_1953_ap_start_reg                |    1|   0|    1|          0|
    |grp_RANSAC_PnP_Pipeline_39_fu_1964_ap_start_reg                |    1|   0|    1|          0|
    |grp_RANSAC_PnP_Pipeline_3_fu_1743_ap_start_reg                 |    1|   0|    1|          0|
    |grp_RANSAC_PnP_Pipeline_40_fu_1971_ap_start_reg                |    1|   0|    1|          0|
    |grp_RANSAC_PnP_Pipeline_44_fu_2034_ap_start_reg                |    1|   0|    1|          0|
    |grp_RANSAC_PnP_Pipeline_45_fu_2041_ap_start_reg                |    1|   0|    1|          0|
    |grp_RANSAC_PnP_Pipeline_46_fu_2052_ap_start_reg                |    1|   0|    1|          0|
    |grp_RANSAC_PnP_Pipeline_47_fu_2059_ap_start_reg                |    1|   0|    1|          0|
    |grp_RANSAC_PnP_Pipeline_49_fu_2079_ap_start_reg                |    1|   0|    1|          0|
    |grp_RANSAC_PnP_Pipeline_4_fu_1748_ap_start_reg                 |    1|   0|    1|          0|
    |grp_RANSAC_PnP_Pipeline_50_fu_2086_ap_start_reg                |    1|   0|    1|          0|
    |grp_RANSAC_PnP_Pipeline_51_fu_2093_ap_start_reg                |    1|   0|    1|          0|
    |grp_RANSAC_PnP_Pipeline_52_fu_2100_ap_start_reg                |    1|   0|    1|          0|
    |grp_RANSAC_PnP_Pipeline_53_fu_2105_ap_start_reg                |    1|   0|    1|          0|
    |grp_RANSAC_PnP_Pipeline_54_fu_2110_ap_start_reg                |    1|   0|    1|          0|
    |grp_RANSAC_PnP_Pipeline_55_fu_2115_ap_start_reg                |    1|   0|    1|          0|
    |grp_RANSAC_PnP_Pipeline_56_fu_2120_ap_start_reg                |    1|   0|    1|          0|
    |grp_RANSAC_PnP_Pipeline_57_fu_2125_ap_start_reg                |    1|   0|    1|          0|
    |grp_RANSAC_PnP_Pipeline_58_fu_2130_ap_start_reg                |    1|   0|    1|          0|
    |grp_RANSAC_PnP_Pipeline_59_fu_2135_ap_start_reg                |    1|   0|    1|          0|
    |grp_RANSAC_PnP_Pipeline_5_fu_1753_ap_start_reg                 |    1|   0|    1|          0|
    |grp_RANSAC_PnP_Pipeline_60_fu_2140_ap_start_reg                |    1|   0|    1|          0|
    |grp_RANSAC_PnP_Pipeline_61_fu_2145_ap_start_reg                |    1|   0|    1|          0|
    |grp_RANSAC_PnP_Pipeline_62_fu_2150_ap_start_reg                |    1|   0|    1|          0|
    |grp_RANSAC_PnP_Pipeline_63_fu_2155_ap_start_reg                |    1|   0|    1|          0|
    |grp_RANSAC_PnP_Pipeline_64_fu_2160_ap_start_reg                |    1|   0|    1|          0|
    |grp_RANSAC_PnP_Pipeline_65_fu_2165_ap_start_reg                |    1|   0|    1|          0|
    |grp_RANSAC_PnP_Pipeline_66_fu_2170_ap_start_reg                |    1|   0|    1|          0|
    |grp_RANSAC_PnP_Pipeline_67_fu_2177_ap_start_reg                |    1|   0|    1|          0|
    |grp_RANSAC_PnP_Pipeline_68_fu_2189_ap_start_reg                |    1|   0|    1|          0|
    |grp_RANSAC_PnP_Pipeline_69_fu_2194_ap_start_reg                |    1|   0|    1|          0|
    |grp_RANSAC_PnP_Pipeline_6_fu_1758_ap_start_reg                 |    1|   0|    1|          0|
    |grp_RANSAC_PnP_Pipeline_70_fu_2182_ap_start_reg                |    1|   0|    1|          0|
    |grp_RANSAC_PnP_Pipeline_71_fu_2199_ap_start_reg                |    1|   0|    1|          0|
    |grp_RANSAC_PnP_Pipeline_72_fu_2209_ap_start_reg                |    1|   0|    1|          0|
    |grp_RANSAC_PnP_Pipeline_73_fu_2216_ap_start_reg                |    1|   0|    1|          0|
    |grp_RANSAC_PnP_Pipeline_7_fu_1763_ap_start_reg                 |    1|   0|    1|          0|
    |grp_RANSAC_PnP_Pipeline_8_fu_1768_ap_start_reg                 |    1|   0|    1|          0|
    |grp_RANSAC_PnP_Pipeline_9_fu_1773_ap_start_reg                 |    1|   0|    1|          0|
    |grp_RANSAC_PnP_Pipeline_VITIS_LOOP_159_2_fu_1982_ap_start_reg  |    1|   0|    1|          0|
    |grp_RANSAC_PnP_Pipeline_VITIS_LOOP_167_3_fu_1989_ap_start_reg  |    1|   0|    1|          0|
    |grp_RANSAC_PnP_Pipeline_VITIS_LOOP_175_4_fu_1998_ap_start_reg  |    1|   0|    1|          0|
    |grp_RANSAC_PnP_Pipeline_VITIS_LOOP_198_5_fu_2070_ap_start_reg  |    1|   0|    1|          0|
    |grp_RANSAC_PnP_Pipeline_VITIS_LOOP_200_1_fu_2226_ap_start_reg  |    1|   0|    1|          0|
    |grp_compute_1_fu_1933_ap_start_reg                             |    1|   0|    1|          0|
    |grp_compute_fu_2234_ap_start_reg                               |    1|   0|    1|          0|
    |grp_getSubset_fu_1722_ap_start_reg                             |    1|   0|    1|          0|
    |grp_pow_generic_double_s_fu_2005_ap_start_reg                  |    1|   0|    1|          0|
    |grp_projectPoint_fu_1938_ap_start_reg                          |    1|   0|    1|          0|
    |i_198_fu_746                                                   |   32|   0|   32|          0|
    |i_200_fu_750                                                   |   32|   0|   32|          0|
    |i_201_fu_754                                                   |   32|   0|   32|          0|
    |i_203_reg_1632                                                 |   32|   0|   32|          0|
    |i_204_reg_1643                                                 |   32|   0|   32|          0|
    |i_205_reg_1654                                                 |   32|   0|   32|          0|
    |i_206_reg_1665                                                 |   32|   0|   32|          0|
    |i_207_reg_1676                                                 |   32|   0|   32|          0|
    |i_208_reg_1687                                                 |   32|   0|   32|          0|
    |i_fu_742                                                       |   32|   0|   32|          0|
    |icmp_ln1035_1_reg_4903                                         |    1|   0|    1|          0|
    |icmp_ln1035_reg_4899                                           |    1|   0|    1|          0|
    |icmp_ln173_1_reg_4815                                          |    1|   0|    1|          0|
    |icmp_ln184_1_reg_4852                                          |    1|   0|    1|          0|
    |icmp_ln184_reg_4847                                            |    1|   0|    1|          0|
    |ii_2_reg_4520                                                  |   32|   0|   32|          0|
    |ii_fu_662                                                      |   32|   0|   32|          0|
    |ipoint_n_reg_4553                                              |   32|   0|   32|          0|
    |lshr_ln114_4_cast_reg_4672                                     |   32|   0|   32|          0|
    |lshr_ln114_cast_reg_4644                                       |   32|   0|   32|          0|
    |maxGoodCount_fu_666                                            |   31|   0|   32|          1|
    |mul102_reg_4879                                                |   64|   0|   64|          0|
    |niters_fu_670                                                  |   32|   0|   32|          0|
    |opoint_n_reg_4537                                              |   32|   0|   32|          0|
    |p_cast156_reg_4927                                             |   32|   0|   32|          0|
    |p_cast172_reg_4976                                             |   32|   0|   32|          0|
    |p_cast191_reg_4998                                             |    9|   0|   13|          4|
    |p_cast206_reg_4612                                             |   32|   0|   32|          0|
    |p_cast207_reg_4635                                             |    3|   0|    7|          4|
    |p_cast208_reg_5053                                             |   32|   0|   32|          0|
    |p_cast209_reg_5098                                             |   32|   0|   32|          0|
    |p_cast210_reg_4741                                             |   32|   0|   32|          0|
    |p_cast211_reg_4778                                             |   32|   0|   32|          0|
    |p_cast212_reg_5115                                             |    9|   0|   13|          4|
    |p_cast213_reg_4763                                             |    9|   0|   13|          4|
    |p_cast215_reg_4800                                             |    9|   0|   12|          3|
    |p_cast216_reg_4805                                             |    2|   0|    5|          3|
    |p_cast_reg_4579                                                |   32|   0|   32|          0|
    |reg_2366                                                       |   64|   0|   64|          0|
    |reg_2370                                                       |   64|   0|   64|          0|
    |reg_2374                                                       |  256|   0|  256|          0|
    |reg_2379                                                       |   64|   0|   64|          0|
    |reg_2383                                                       |   64|   0|   64|          0|
    |select_ln190_reg_4869                                          |   64|   0|   64|          0|
    |tmp_3004_reg_4629                                              |   32|   0|   36|          4|
    |tmp_3005_reg_4993                                              |   12|   0|   16|          4|
    |tmp_3008_reg_4685                                              |    3|   0|    4|          1|
    |tmp_3009_reg_4690                                              |   32|   0|   36|          4|
    |tmp_3010_reg_5126                                              |  192|   0|  192|          0|
    |tmp_3012_reg_4758                                              |   12|   0|   16|          4|
    |tmp_3013_reg_4795                                              |   13|   0|   16|          3|
    |tmp_535_reg_4830                                               |    1|   0|    1|          0|
    |tmp_537_reg_4857                                               |    1|   0|    1|          0|
    |tmp_reg_4835                                                   |   64|   0|   64|          0|
    |trunc_ln145_reg_4559                                           |   31|   0|   31|          0|
    |trunc_ln153_22_reg_4548                                        |   64|   0|   64|          0|
    |trunc_ln156_2_reg_4696                                         |   64|   0|   64|          0|
    |trunc_ln156_7_reg_4701                                         |   64|   0|   64|          0|
    |trunc_ln156_8_reg_4706                                         |   64|   0|   64|          0|
    |trunc_ln156_9_reg_4711                                         |   32|   0|   32|          0|
    |trunc_ln156_s_reg_4716                                         |   32|   0|   32|          0|
    |trunc_ln197_reg_5043                                           |   32|   0|   32|          0|
    |trunc_ln214_reg_5038                                           |   64|   0|   64|          0|
    |zext_ln173_reg_4810                                            |   31|   0|   32|          1|
    +---------------------------------------------------------------+-----+----+-----+-----------+
    |Total                                                          | 4956|   0| 5032|         76|
    +---------------------------------------------------------------+-----+----+-----+-----------+



================================================================
== Interface
================================================================
* Summary: 
+--------------------+-----+-----+------------+--------------+--------------+
|      RTL Ports     | Dir | Bits|  Protocol  | Source Object|    C Type    |
+--------------------+-----+-----+------------+--------------+--------------+
|ap_clk              |   in|    1|  ap_ctrl_hs|    RANSAC_PnP|  return value|
|ap_rst              |   in|    1|  ap_ctrl_hs|    RANSAC_PnP|  return value|
|ap_start            |   in|    1|  ap_ctrl_hs|    RANSAC_PnP|  return value|
|ap_done             |  out|    1|  ap_ctrl_hs|    RANSAC_PnP|  return value|
|ap_idle             |  out|    1|  ap_ctrl_hs|    RANSAC_PnP|  return value|
|ap_ready            |  out|    1|  ap_ctrl_hs|    RANSAC_PnP|  return value|
|grp_fu_750_p_din0   |  out|   64|  ap_ctrl_hs|    RANSAC_PnP|  return value|
|grp_fu_750_p_din1   |  out|   64|  ap_ctrl_hs|    RANSAC_PnP|  return value|
|grp_fu_750_p_dout0  |   in|   64|  ap_ctrl_hs|    RANSAC_PnP|  return value|
|grp_fu_750_p_ce     |  out|    1|  ap_ctrl_hs|    RANSAC_PnP|  return value|
|em_address0         |  out|   11|   ap_memory|            em|         array|
|em_ce0              |  out|    1|   ap_memory|            em|         array|
|em_we0              |  out|   32|   ap_memory|            em|         array|
|em_d0               |  out|  256|   ap_memory|            em|         array|
|em_q0               |   in|  256|   ap_memory|            em|         array|
|em_address1         |  out|   11|   ap_memory|            em|         array|
|em_ce1              |  out|    1|   ap_memory|            em|         array|
|em_we1              |  out|   32|   ap_memory|            em|         array|
|em_d1               |  out|  256|   ap_memory|            em|         array|
|em_q1               |   in|  256|   ap_memory|            em|         array|
|tmpArray_address0   |  out|   19|   ap_memory|      tmpArray|         array|
|tmpArray_ce0        |  out|    1|   ap_memory|      tmpArray|         array|
|tmpArray_q0         |   in|    1|   ap_memory|      tmpArray|         array|
+--------------------+-----+-----+------------+--------------+--------------+

