

================================================================
== Vitis HLS Report for 'Rodrigues_Pipeline_VITIS_LOOP_163_2'
================================================================
* Date:           Sun Feb  5 17:04:53 2023

* Version:        2022.1 (Build 3526262 on Mon Apr 18 15:47:01 MDT 2022)
* Project:        hls_EstimateMotion
* Solution:       solution1 (Vivado IP Flow Target)
* Product family: virtexuplus
* Target device:  xcu50-fsvh2104-2L-e


================================================================
== Performance Estimates
================================================================
+ Timing: 
    * Summary: 
    +--------+----------+----------+------------+
    |  Clock |  Target  | Estimated| Uncertainty|
    +--------+----------+----------+------------+
    |ap_clk  |  60.00 ns|  8.126 ns|    16.20 ns|
    +--------+----------+----------+------------+

+ Latency: 
    * Summary: 
    +---------+---------+----------+----------+-----+-----+---------+
    |  Latency (cycles) |  Latency (absolute) |  Interval | Pipeline|
    |   min   |   max   |    min   |    max   | min | max |   Type  |
    +---------+---------+----------+----------+-----+-----+---------+
    |        ?|        ?|         ?|         ?|    ?|    ?|       no|
    +---------+---------+----------+----------+-----+-----+---------+

    + Detail: 
        * Instance: 
        N/A

        * Loop: 
        +--------------------+---------+---------+----------+-----------+-----------+------+----------+
        |                    |  Latency (cycles) | Iteration|  Initiation Interval  | Trip |          |
        |      Loop Name     |   min   |   max   |  Latency |  achieved |   target  | Count| Pipelined|
        +--------------------+---------+---------+----------+-----------+-----------+------+----------+
        |- VITIS_LOOP_163_2  |        ?|        ?|         2|          1|          1|     ?|       yes|
        +--------------------+---------+---------+----------+-----------+-----------+------+----------+



================================================================
== Utilization Estimates
================================================================
* Summary: 
+---------------------+---------+------+---------+--------+-----+
|         Name        | BRAM_18K|  DSP |    FF   |   LUT  | URAM|
+---------------------+---------+------+---------+--------+-----+
|DSP                  |        -|     -|        -|       -|    -|
|Expression           |        -|     -|        0|    3517|    -|
|FIFO                 |        -|     -|        -|       -|    -|
|Instance             |        -|     4|        0|      27|    -|
|Memory               |        -|     -|        -|       -|    -|
|Multiplexer          |        -|     -|        -|      45|    -|
|Register             |        -|     -|      400|       -|    -|
+---------------------+---------+------+---------+--------+-----+
|Total                |        0|     4|      400|    3589|    0|
+---------------------+---------+------+---------+--------+-----+
|Available SLR        |     1344|  2976|   871680|  435840|  320|
+---------------------+---------+------+---------+--------+-----+
|Utilization SLR (%)  |        0|    ~0|       ~0|      ~0|    0|
+---------------------+---------+------+---------+--------+-----+
|Available            |     2688|  5952|  1743360|  871680|  640|
+---------------------+---------+------+---------+--------+-----+
|Utilization (%)      |        0|    ~0|       ~0|      ~0|    0|
+---------------------+---------+------+---------+--------+-----+

+ Detail: 
    * Instance: 
    +----------------------------+----------------------+---------+----+---+----+-----+
    |          Instance          |        Module        | BRAM_18K| DSP| FF| LUT| URAM|
    +----------------------------+----------------------+---------+----+---+----+-----+
    |mul_37ns_39ns_74_1_1_U4375  |mul_37ns_39ns_74_1_1  |        0|   4|  0|  27|    0|
    +----------------------------+----------------------+---------+----+---+----+-----+
    |Total                       |                      |        0|   4|  0|  27|    0|
    +----------------------------+----------------------+---------+----+---+----+-----+

    * DSP: 
    N/A

    * Memory: 
    N/A

    * FIFO: 
    N/A

    * Expression: 
    +----------------------------+----------+----+---+------+------------+------------+
    |        Variable Name       | Operation| DSP| FF|  LUT | Bitwidth P0| Bitwidth P1|
    +----------------------------+----------+----+---+------+------------+------------+
    |add_ln163_fu_331_p2         |         +|   0|  0|    39|          32|           1|
    |add_ln164_14_fu_363_p2      |         +|   0|  0|    44|          37|          37|
    |add_ln164_16_fu_460_p2      |         +|   0|  0|    46|          39|          39|
    |add_ln164_17_fu_466_p2      |         +|   0|  0|    39|          32|          32|
    |add_ln164_fu_353_p2         |         +|   0|  0|    43|          36|          17|
    |newSecond_fu_428_p2         |         +|   0|  0|    38|          38|          38|
    |newFirst_fu_422_p2          |         -|   0|  0|    38|          38|          38|
    |sub_ln164_7_fu_446_p2       |         -|   0|  0|    45|          38|          38|
    |icmp_ln163_fu_325_p2        |      icmp|   0|  0|    20|          32|          32|
    |lshr_ln164_fu_495_p2        |      lshr|   0|  0|  1865|         448|         448|
    |select_ln164_10_fu_907_p3   |    select|   0|  0|     8|           1|           8|
    |select_ln164_11_fu_943_p3   |    select|   0|  0|     8|           1|           8|
    |select_ln164_12_fu_979_p3   |    select|   0|  0|     8|           1|           8|
    |select_ln164_13_fu_1015_p3  |    select|   0|  0|     8|           1|           8|
    |select_ln164_14_fu_1051_p3  |    select|   0|  0|     8|           1|           8|
    |select_ln164_15_fu_1087_p3  |    select|   0|  0|     8|           1|           8|
    |select_ln164_16_fu_1123_p3  |    select|   0|  0|     8|           1|           8|
    |select_ln164_17_fu_1159_p3  |    select|   0|  0|     8|           1|           8|
    |select_ln164_18_fu_1195_p3  |    select|   0|  0|     8|           1|           8|
    |select_ln164_19_fu_1231_p3  |    select|   0|  0|     8|           1|           8|
    |select_ln164_1_fu_583_p3    |    select|   0|  0|     8|           1|           8|
    |select_ln164_20_fu_1267_p3  |    select|   0|  0|     8|           1|           8|
    |select_ln164_21_fu_1303_p3  |    select|   0|  0|     8|           1|           8|
    |select_ln164_22_fu_1339_p3  |    select|   0|  0|     8|           1|           8|
    |select_ln164_23_fu_1375_p3  |    select|   0|  0|     8|           1|           8|
    |select_ln164_24_fu_1411_p3  |    select|   0|  0|     8|           1|           8|
    |select_ln164_25_fu_1447_p3  |    select|   0|  0|     8|           1|           8|
    |select_ln164_26_fu_1483_p3  |    select|   0|  0|     8|           1|           8|
    |select_ln164_27_fu_1519_p3  |    select|   0|  0|     8|           1|           8|
    |select_ln164_28_fu_1555_p3  |    select|   0|  0|     8|           1|           8|
    |select_ln164_29_fu_1591_p3  |    select|   0|  0|     8|           1|           8|
    |select_ln164_2_fu_619_p3    |    select|   0|  0|     8|           1|           8|
    |select_ln164_30_fu_1627_p3  |    select|   0|  0|     8|           1|           8|
    |select_ln164_31_fu_1663_p3  |    select|   0|  0|     8|           1|           8|
    |select_ln164_3_fu_655_p3    |    select|   0|  0|     8|           1|           8|
    |select_ln164_4_fu_691_p3    |    select|   0|  0|     8|           1|           8|
    |select_ln164_5_fu_727_p3    |    select|   0|  0|     8|           1|           8|
    |select_ln164_6_fu_763_p3    |    select|   0|  0|     8|           1|           8|
    |select_ln164_7_fu_799_p3    |    select|   0|  0|     8|           1|           8|
    |select_ln164_8_fu_835_p3    |    select|   0|  0|     8|           1|           8|
    |select_ln164_9_fu_871_p3    |    select|   0|  0|     8|           1|           8|
    |select_ln164_fu_547_p3      |    select|   0|  0|     8|           1|           8|
    |shl_ln164_1_fu_529_p2       |       shl|   0|  0|   950|         256|         256|
    |shl_ln164_fu_509_p2         |       shl|   0|  0|    92|           8|          32|
    |ap_enable_pp0               |       xor|   0|  0|     2|           1|           2|
    +----------------------------+----------+----+---+------+------------+------------+
    |Total                       |          |   0|  0|  3517|        1067|        1266|
    +----------------------------+----------+----+---+------+------------+------------+

    * Multiplexer: 
    +-------------------------+----+-----------+-----+-----------+
    |           Name          | LUT| Input Size| Bits| Total Bits|
    +-------------------------+----+-----------+-----+-----------+
    |C_4_fu_250               |   9|          2|  256|        512|
    |ap_done_int              |   9|          2|    1|          2|
    |ap_enable_reg_pp0_iter1  |   9|          2|    1|          2|
    |ap_sig_allocacmp_j_160   |   9|          2|   32|         64|
    |j_fu_246                 |   9|          2|   32|         64|
    +-------------------------+----+-----------+-----+-----------+
    |Total                    |  45|         10|  322|        644|
    +-------------------------+----+-----------+-----+-----------+

    * Register: 
    +-------------------------+-----+----+-----+-----------+
    |           Name          |  FF | LUT| Bits| Const Bits|
    +-------------------------+-----+----+-----+-----------+
    |C_4_fu_250               |  256|   0|  256|          0|
    |add_ln164_16_reg_1776    |   39|   0|   39|          0|
    |add_ln164_17_reg_1781    |   32|   0|   32|          0|
    |ap_CS_fsm                |    1|   0|    1|          0|
    |ap_done_reg              |    1|   0|    1|          0|
    |ap_enable_reg_pp0_iter1  |    1|   0|    1|          0|
    |j_fu_246                 |   32|   0|   32|          0|
    |newSecond_reg_1771       |   38|   0|   38|          0|
    +-------------------------+-----+----+-----+-----------+
    |Total                    |  400|   0|  400|          0|
    +-------------------------+-----+----+-----+-----------+



================================================================
== Interface
================================================================
* Summary: 
+-------------------+-----+-----+------------+-------------------------------------+--------------+
|     RTL Ports     | Dir | Bits|  Protocol  |            Source Object            |    C Type    |
+-------------------+-----+-----+------------+-------------------------------------+--------------+
|ap_clk             |   in|    1|  ap_ctrl_hs|  Rodrigues_Pipeline_VITIS_LOOP_163_2|  return value|
|ap_rst             |   in|    1|  ap_ctrl_hs|  Rodrigues_Pipeline_VITIS_LOOP_163_2|  return value|
|ap_start           |   in|    1|  ap_ctrl_hs|  Rodrigues_Pipeline_VITIS_LOOP_163_2|  return value|
|ap_done            |  out|    1|  ap_ctrl_hs|  Rodrigues_Pipeline_VITIS_LOOP_163_2|  return value|
|ap_idle            |  out|    1|  ap_ctrl_hs|  Rodrigues_Pipeline_VITIS_LOOP_163_2|  return value|
|ap_ready           |  out|    1|  ap_ctrl_hs|  Rodrigues_Pipeline_VITIS_LOOP_163_2|  return value|
|C                  |   in|  256|     ap_none|                                    C|        scalar|
|p_cast36           |   in|   32|     ap_none|                             p_cast36|        scalar|
|zext_ln164_43      |   in|   35|     ap_none|                        zext_ln164_43|        scalar|
|pnp_iter_address0  |  out|   13|   ap_memory|                             pnp_iter|         array|
|pnp_iter_ce0       |  out|    1|   ap_memory|                             pnp_iter|         array|
|pnp_iter_q0        |   in|  448|   ap_memory|                             pnp_iter|         array|
|zext_ln164         |   in|   35|     ap_none|                           zext_ln164|        scalar|
|trunc_ln164_s      |   in|   32|     ap_none|                        trunc_ln164_s|        scalar|
|C_4_out            |  out|  256|      ap_vld|                              C_4_out|       pointer|
|C_4_out_ap_vld     |  out|    1|      ap_vld|                              C_4_out|       pointer|
+-------------------+-----+-----+------------+-------------------------------------+--------------+

