

================================================================
== Vitis HLS Report for 'svd_7_Pipeline_VITIS_LOOP_588_41'
================================================================
* Date:           Sun Feb  5 16:56:46 2023

* Version:        2022.1 (Build 3526262 on Mon Apr 18 15:47:01 MDT 2022)
* Project:        hls_EstimateMotion
* Solution:       solution1 (Vivado IP Flow Target)
* Product family: virtexuplus
* Target device:  xcu50-fsvh2104-2L-e


================================================================
== Performance Estimates
================================================================
+ Timing: 
    * Summary: 
    +--------+----------+----------+------------+
    |  Clock |  Target  | Estimated| Uncertainty|
    +--------+----------+----------+------------+
    |ap_clk  |  60.00 ns|  1.437 ns|    16.20 ns|
    +--------+----------+----------+------------+

+ Latency: 
    * Summary: 
    +---------+---------+----------+----------+-----+-----+---------+
    |  Latency (cycles) |  Latency (absolute) |  Interval | Pipeline|
    |   min   |   max   |    min   |    max   | min | max |   Type  |
    +---------+---------+----------+----------+-----+-----+---------+
    |        ?|        ?|         ?|         ?|    ?|    ?|       no|
    +---------+---------+----------+----------+-----+-----+---------+

    + Detail: 
        * Instance: 
        N/A

        * Loop: 
        +---------------------+---------+---------+----------+-----------+-----------+------+----------+
        |                     |  Latency (cycles) | Iteration|  Initiation Interval  | Trip |          |
        |      Loop Name      |   min   |   max   |  Latency |  achieved |   target  | Count| Pipelined|
        +---------------------+---------+---------+----------+-----------+-----------+------+----------+
        |- VITIS_LOOP_588_41  |        ?|        ?|         2|          1|          1|     ?|       yes|
        +---------------------+---------+---------+----------+-----------+-----------+------+----------+



================================================================
== Utilization Estimates
================================================================
* Summary: 
+---------------------+---------+------+---------+--------+-----+
|         Name        | BRAM_18K|  DSP |    FF   |   LUT  | URAM|
+---------------------+---------+------+---------+--------+-----+
|DSP                  |        -|     -|        -|       -|    -|
|Expression           |        -|     -|        0|      95|    -|
|FIFO                 |        -|     -|        -|       -|    -|
|Instance             |        -|     -|        -|       -|    -|
|Memory               |        -|     -|        -|       -|    -|
|Multiplexer          |        -|     -|        -|      63|    -|
|Register             |        -|     -|      229|       -|    -|
+---------------------+---------+------+---------+--------+-----+
|Total                |        0|     0|      229|     158|    0|
+---------------------+---------+------+---------+--------+-----+
|Available SLR        |     1344|  2976|   871680|  435840|  320|
+---------------------+---------+------+---------+--------+-----+
|Utilization SLR (%)  |        0|     0|       ~0|      ~0|    0|
+---------------------+---------+------+---------+--------+-----+
|Available            |     2688|  5952|  1743360|  871680|  640|
+---------------------+---------+------+---------+--------+-----+
|Utilization (%)      |        0|     0|       ~0|      ~0|    0|
+---------------------+---------+------+---------+--------+-----+

+ Detail: 
    * Instance: 
    N/A

    * DSP: 
    N/A

    * Memory: 
    N/A

    * FIFO: 
    N/A

    * Expression: 
    +----------------------+----------+----+---+----+------------+------------+
    |     Variable Name    | Operation| DSP| FF| LUT| Bitwidth P0| Bitwidth P1|
    +----------------------+----------+----+---+----+------------+------------+
    |add_ln588_fu_171_p2   |         +|   0|  0|  39|          32|           1|
    |add_ln589_fu_207_p2   |         +|   0|  0|  16|           7|           7|
    |sub_ln589_fu_201_p2   |         -|   0|  0|  16|           7|           7|
    |ap_condition_208      |       and|   0|  0|   2|           1|           1|
    |icmp_ln588_fu_165_p2  |      icmp|   0|  0|  20|          32|          32|
    |ap_enable_pp0         |       xor|   0|  0|   2|           1|           2|
    +----------------------+----------+----+---+----+------------+------------+
    |Total                 |          |   0|  0|  95|          80|          50|
    +----------------------+----------+----+---+----+------------+------------+

    * Multiplexer: 
    +-------------------------+----+-----------+-----+-----------+
    |           Name          | LUT| Input Size| Bits| Total Bits|
    +-------------------------+----+-----------+-----+-----------+
    |ap_done_int              |   9|          2|    1|          2|
    |ap_enable_reg_pp0_iter1  |   9|          2|    1|          2|
    |ap_sig_allocacmp_k       |   9|          2|   32|         64|
    |k_19_fu_62               |   9|          2|   32|         64|
    |sv_1_2_fu_70             |   9|          2|   64|        128|
    |sv_1_3_fu_74             |   9|          2|   64|        128|
    |sv_1_fu_66               |   9|          2|   64|        128|
    +-------------------------+----+-----------+-----+-----------+
    |Total                    |  63|         14|  258|        516|
    +-------------------------+----+-----------+-----+-----------+

    * Register: 
    +-------------------------+----+----+-----+-----------+
    |           Name          | FF | LUT| Bits| Const Bits|
    +-------------------------+----+----+-----+-----------+
    |ap_CS_fsm                |   1|   0|    1|          0|
    |ap_done_reg              |   1|   0|    1|          0|
    |ap_enable_reg_pp0_iter1  |   1|   0|    1|          0|
    |k_19_fu_62               |  32|   0|   32|          0|
    |sv_1_2_fu_70             |  64|   0|   64|          0|
    |sv_1_3_fu_74             |  64|   0|   64|          0|
    |sv_1_fu_66               |  64|   0|   64|          0|
    |trunc_ln589_reg_295      |   2|   0|    2|          0|
    +-------------------------+----+----+-----+-----------+
    |Total                    | 229|   0|  229|          0|
    +-------------------------+----+----+-----+-----------+



================================================================
== Interface
================================================================
* Summary: 
+-------------------+-----+-----+------------+----------------------------------+--------------+
|     RTL Ports     | Dir | Bits|  Protocol  |           Source Object          |    C Type    |
+-------------------+-----+-----+------------+----------------------------------+--------------+
|ap_clk             |   in|    1|  ap_ctrl_hs|  svd.7_Pipeline_VITIS_LOOP_588_41|  return value|
|ap_rst             |   in|    1|  ap_ctrl_hs|  svd.7_Pipeline_VITIS_LOOP_588_41|  return value|
|ap_start           |   in|    1|  ap_ctrl_hs|  svd.7_Pipeline_VITIS_LOOP_588_41|  return value|
|ap_done            |  out|    1|  ap_ctrl_hs|  svd.7_Pipeline_VITIS_LOOP_588_41|  return value|
|ap_idle            |  out|    1|  ap_ctrl_hs|  svd.7_Pipeline_VITIS_LOOP_588_41|  return value|
|ap_ready           |  out|    1|  ap_ctrl_hs|  svd.7_Pipeline_VITIS_LOOP_588_41|  return value|
|sv_2_1             |   in|   64|     ap_none|                            sv_2_1|        scalar|
|sv_1_1             |   in|   64|     ap_none|                            sv_1_1|        scalar|
|sv_0_1             |   in|   64|     ap_none|                            sv_0_1|        scalar|
|trunc_ln411_1      |   in|   32|     ap_none|                     trunc_ln411_1|        scalar|
|shl_ln20           |   in|    7|     ap_none|                          shl_ln20|        scalar|
|ABt_V_address0     |  out|    4|   ap_memory|                             ABt_V|         array|
|ABt_V_ce0          |  out|    1|   ap_memory|                             ABt_V|         array|
|ABt_V_q0           |   in|   64|   ap_memory|                             ABt_V|         array|
|sv_2_2_out         |  out|   64|      ap_vld|                        sv_2_2_out|       pointer|
|sv_2_2_out_ap_vld  |  out|    1|      ap_vld|                        sv_2_2_out|       pointer|
|sv_1_2_out         |  out|   64|      ap_vld|                        sv_1_2_out|       pointer|
|sv_1_2_out_ap_vld  |  out|    1|      ap_vld|                        sv_1_2_out|       pointer|
|sv_0_2_out         |  out|   64|      ap_vld|                        sv_0_2_out|       pointer|
|sv_0_2_out_ap_vld  |  out|    1|      ap_vld|                        sv_0_2_out|       pointer|
+-------------------+-----+-----+------------+----------------------------------+--------------+

