

================================================================
== Vitis HLS Report for 'svd_2'
================================================================
* Date:           Sun Feb  5 16:55:44 2023

* Version:        2022.1 (Build 3526262 on Mon Apr 18 15:47:01 MDT 2022)
* Project:        hls_EstimateMotion
* Solution:       solution1 (Vivado IP Flow Target)
* Product family: virtexuplus
* Target device:  xcu50-fsvh2104-2L-e


================================================================
== Performance Estimates
================================================================
+ Timing: 
    * Summary: 
    +--------+----------+-----------+------------+
    |  Clock |  Target  | Estimated | Uncertainty|
    +--------+----------+-----------+------------+
    |ap_clk  |  60.00 ns|  41.814 ns|    16.20 ns|
    +--------+----------+-----------+------------+

+ Latency: 
    * Summary: 
    +---------+---------+----------+----------+-----+-----+---------+
    |  Latency (cycles) |  Latency (absolute) |  Interval | Pipeline|
    |   min   |   max   |    min   |    max   | min | max |   Type  |
    +---------+---------+----------+----------+-----+-----+---------+
    |        ?|        ?|         ?|         ?|    ?|    ?|       no|
    +---------+---------+----------+----------+-----+-----+---------+

    + Detail: 
        * Instance: 
        +----------------------------------------------------------------+----------------------------------------------------+---------+---------+-----------+----------+-----+-----+---------+
        |                                                                |                                                    |  Latency (cycles) |  Latency (absolute)  |  Interval | Pipeline|
        |                            Instance                            |                       Module                       |   min   |   max   |    min    |    max   | min | max |   Type  |
        +----------------------------------------------------------------+----------------------------------------------------+---------+---------+-----------+----------+-----+-----+---------+
        |grp_svd_2_Pipeline_1_fu_1536                                    |svd_2_Pipeline_1                                    |        4|        ?|   0.240 us|         ?|    4|    ?|       no|
        |grp_svd_2_Pipeline_2_fu_1545                                    |svd_2_Pipeline_2                                    |       74|       74|   4.440 us|  4.440 us|   74|   74|       no|
        |grp_svd_2_Pipeline_3_fu_1550                                    |svd_2_Pipeline_3                                    |        4|        ?|   0.240 us|         ?|    4|    ?|       no|
        |grp_svd_2_Pipeline_VITIS_LOOP_349_2_fu_1559                     |svd_2_Pipeline_VITIS_LOOP_349_2                     |        ?|        ?|          ?|         ?|    ?|    ?|       no|
        |grp_svd_2_Pipeline_VITIS_LOOP_355_3_fu_1567                     |svd_2_Pipeline_VITIS_LOOP_355_3                     |        ?|        ?|          ?|         ?|    ?|    ?|       no|
        |grp_svd_2_Pipeline_VITIS_LOOP_366_5_fu_1577                     |svd_2_Pipeline_VITIS_LOOP_366_5                     |        ?|        ?|          ?|         ?|    ?|    ?|       no|
        |grp_svd_2_Pipeline_VITIS_LOOP_372_7_fu_1586                     |svd_2_Pipeline_VITIS_LOOP_372_7                     |        ?|        ?|          ?|         ?|    ?|    ?|       no|
        |grp_svd_2_Pipeline_VITIS_LOOP_369_6_fu_1595                     |svd_2_Pipeline_VITIS_LOOP_369_6                     |        ?|        ?|          ?|         ?|    ?|    ?|       no|
        |grp_svd_2_Pipeline_VITIS_LOOP_380_8_fu_1605                     |svd_2_Pipeline_VITIS_LOOP_380_8                     |        ?|        ?|          ?|         ?|    ?|    ?|       no|
        |grp_svd_2_Pipeline_VITIS_LOOP_384_9_fu_1614                     |svd_2_Pipeline_VITIS_LOOP_384_9                     |        ?|        ?|          ?|         ?|    ?|    ?|       no|
        |grp_svd_2_Pipeline_VITIS_LOOP_393_10_fu_1624                    |svd_2_Pipeline_VITIS_LOOP_393_10                    |        ?|        ?|          ?|         ?|    ?|    ?|       no|
        |grp_svd_2_Pipeline_VITIS_LOOP_397_12_fu_1634                    |svd_2_Pipeline_VITIS_LOOP_397_12                    |        ?|        ?|          ?|         ?|    ?|    ?|       no|
        |grp_svd_2_Pipeline_VITIS_LOOP_402_14_fu_1644                    |svd_2_Pipeline_VITIS_LOOP_402_14                    |        ?|        ?|          ?|         ?|    ?|    ?|       no|
        |grp_svd_2_Pipeline_VITIS_LOOP_399_13_fu_1653                    |svd_2_Pipeline_VITIS_LOOP_399_13                    |        ?|        ?|          ?|         ?|    ?|    ?|       no|
        |grp_svd_2_Pipeline_VITIS_LOOP_415_16_fu_1663                    |svd_2_Pipeline_VITIS_LOOP_415_16                    |        ?|        ?|          ?|         ?|    ?|    ?|       no|
        |grp_svd_2_Pipeline_VITIS_LOOP_419_18_fu_1676                    |svd_2_Pipeline_VITIS_LOOP_419_18                    |        ?|        ?|          ?|         ?|    ?|    ?|       no|
        |grp_svd_2_Pipeline_VITIS_LOOP_425_20_fu_1688                    |svd_2_Pipeline_VITIS_LOOP_425_20                    |        ?|        ?|          ?|         ?|    ?|    ?|       no|
        |grp_svd_2_Pipeline_VITIS_LOOP_421_19_fu_1698                    |svd_2_Pipeline_VITIS_LOOP_421_19                    |        ?|        ?|          ?|         ?|    ?|    ?|       no|
        |grp_svd_2_Pipeline_VITIS_LOOP_436_22_fu_1709                    |svd_2_Pipeline_VITIS_LOOP_436_22                    |        ?|        ?|          ?|         ?|    ?|    ?|       no|
        |grp_svd_2_Pipeline_VITIS_LOOP_443_24_fu_1717                    |svd_2_Pipeline_VITIS_LOOP_443_24                    |        ?|        ?|          ?|         ?|    ?|    ?|       no|
        |grp_svd_2_Pipeline_VITIS_LOOP_449_26_fu_1727                    |svd_2_Pipeline_VITIS_LOOP_449_26                    |        ?|        ?|          ?|         ?|    ?|    ?|       no|
        |grp_svd_2_Pipeline_VITIS_LOOP_446_25_fu_1735                    |svd_2_Pipeline_VITIS_LOOP_446_25                    |        ?|        ?|          ?|         ?|    ?|    ?|       no|
        |grp_svd_2_Pipeline_VITIS_LOOP_453_27_fu_1744                    |svd_2_Pipeline_VITIS_LOOP_453_27                    |        ?|        ?|          ?|         ?|    ?|    ?|       no|
        |grp_svd_2_Pipeline_VITIS_LOOP_575_37_fu_1751                    |svd_2_Pipeline_VITIS_LOOP_575_37                    |        ?|        ?|          ?|         ?|    ?|    ?|       no|
        |grp_svd_2_Pipeline_VITIS_LOOP_463_30_fu_1757                    |svd_2_Pipeline_VITIS_LOOP_463_30                    |        ?|        ?|          ?|         ?|    ?|    ?|       no|
        |grp_pythag_fu_1770                                              |pythag                                              |        1|       10|  60.000 ns|  0.600 us|    1|   10|       no|
        |grp_svd_2_Pipeline_VITIS_LOOP_492_32_fu_1781                    |svd_2_Pipeline_VITIS_LOOP_492_32                    |        ?|        ?|          ?|         ?|    ?|    ?|       no|
        |grp_svd_2_Pipeline_VITIS_LOOP_507_33_fu_1792                    |svd_2_Pipeline_VITIS_LOOP_507_33                    |        ?|        ?|          ?|         ?|    ?|    ?|       no|
        |grp_svd_2_Pipeline_VITIS_LOOP_537_35_fu_1800                    |svd_2_Pipeline_VITIS_LOOP_537_35                    |        ?|        ?|          ?|         ?|    ?|    ?|       no|
        |grp_svd_2_Pipeline_VITIS_LOOP_554_36_fu_1810                    |svd_2_Pipeline_VITIS_LOOP_554_36                    |        ?|        ?|          ?|         ?|    ?|    ?|       no|
        |grp_svd_2_Pipeline_VITIS_LOOP_586_40_fu_1822                    |svd_2_Pipeline_VITIS_LOOP_586_40                    |        ?|        ?|          ?|         ?|    ?|    ?|       no|
        |grp_svd_2_Pipeline_VITIS_LOOP_588_41_fu_1837                    |svd_2_Pipeline_VITIS_LOOP_588_41                    |        ?|        ?|          ?|         ?|    ?|    ?|       no|
        |grp_svd_2_Pipeline_VITIS_LOOP_594_43_fu_1846                    |svd_2_Pipeline_VITIS_LOOP_594_43                    |        ?|        ?|          ?|         ?|    ?|    ?|       no|
        |grp_svd_2_Pipeline_VITIS_LOOP_596_44_fu_1854                    |svd_2_Pipeline_VITIS_LOOP_596_44                    |        2|       16|   0.120 us|  0.960 us|    2|   16|       no|
        |grp_svd_2_Pipeline_VITIS_LOOP_603_45_fu_1863                    |svd_2_Pipeline_VITIS_LOOP_603_45                    |        ?|        ?|          ?|         ?|    ?|    ?|       no|
        |grp_svd_2_Pipeline_VITIS_LOOP_605_46_fu_1874                    |svd_2_Pipeline_VITIS_LOOP_605_46                    |        2|        9|   0.120 us|  0.540 us|    2|    9|       no|
        |grp_svd_2_Pipeline_VITIS_LOOP_612_48_fu_1883                    |svd_2_Pipeline_VITIS_LOOP_612_48                    |        ?|        ?|          ?|         ?|    ?|    ?|       no|
        |grp_svd_2_Pipeline_VITIS_LOOP_615_49_fu_1891                    |svd_2_Pipeline_VITIS_LOOP_615_49                    |        ?|        ?|          ?|         ?|    ?|    ?|       no|
        |grp_svd_2_Pipeline_VITIS_LOOP_620_50_fu_1901                    |svd_2_Pipeline_VITIS_LOOP_620_50                    |        ?|        ?|          ?|         ?|    ?|    ?|       no|
        |grp_svd_2_Pipeline_VITIS_LOOP_622_51_fu_1908                    |svd_2_Pipeline_VITIS_LOOP_622_51                    |        ?|        ?|          ?|         ?|    ?|    ?|       no|
        |grp_svd_2_Pipeline_VITIS_LOOP_629_52_fu_1916                    |svd_2_Pipeline_VITIS_LOOP_629_52                    |        ?|        ?|          ?|         ?|    ?|    ?|       no|
        |grp_svd_2_Pipeline_VITIS_LOOP_633_53_VITIS_LOOP_634_54_fu_1922  |svd_2_Pipeline_VITIS_LOOP_633_53_VITIS_LOOP_634_54  |        ?|        ?|          ?|         ?|    ?|    ?|       no|
        +----------------------------------------------------------------+----------------------------------------------------+---------+---------+-----------+----------+-----+-----+---------+

        * Loop: 
        +------------------------+---------+---------+----------+-----------+-----------+--------+----------+
        |                        |  Latency (cycles) | Iteration|  Initiation Interval  |  Trip  |          |
        |        Loop Name       |   min   |   max   |  Latency |  achieved |   target  |  Count | Pipelined|
        +------------------------+---------+---------+----------+-----------+-----------+--------+----------+
        |- Loop 1                |       32|       32|         1|          -|          -|      32|        no|
        |- VITIS_LOOP_114_1      |        ?|        ?|     2 ~ ?|          -|          -|       ?|        no|
        |- VITIS_LOOP_114_1      |        ?|        ?|     2 ~ ?|          -|          -|       ?|        no|
        |- VITIS_LOOP_341_1      |        ?|        ?|         ?|          -|          -|       ?|        no|
        | + VITIS_LOOP_364_4     |        ?|        ?|         ?|          -|          -|       ?|        no|
        | + VITIS_LOOP_395_11    |        ?|        ?|         ?|          -|          -|       ?|        no|
        |- VITIS_LOOP_409_15     |        ?|        ?|         ?|          -|          -|       ?|        no|
        | + VITIS_LOOP_417_17    |        ?|        ?|         ?|          -|          -|       ?|        no|
        |- VITIS_LOOP_432_21     |        ?|        ?|         ?|          -|          -|       ?|        no|
        | + VITIS_LOOP_441_23    |        ?|        ?|         ?|          -|          -|       ?|        no|
        |- VITIS_LOOP_458_28     |        ?|        ?|         ?|          -|          -|       ?|        no|
        | + VITIS_LOOP_460_29    |        ?|        ?|         ?|          -|          -|  1 ~ 30|        no|
        |  ++ VITIS_LOOP_480_31  |        ?|        ?|         ?|          -|          -|       ?|        no|
        |  ++ VITIS_LOOP_522_34  |        ?|        ?|         ?|          -|          -|       ?|        no|
        |- VITIS_LOOP_580_38     |        ?|        ?|         ?|          -|          -|       ?|        no|
        | + VITIS_LOOP_583_39    |        ?|        ?|         ?|          -|          -|       ?|        no|
        |  ++ VITIS_LOOP_591_42  |        ?|        ?|    5 ~ 19|          -|          -|       ?|        no|
        |- VITIS_LOOP_609_47     |        ?|        ?|         ?|          -|          -|       ?|        no|
        +------------------------+---------+---------+----------+-----------+-----------+--------+----------+



================================================================
== Utilization Estimates
================================================================
* Summary: 
+---------------------+---------+------+---------+--------+-----+
|         Name        | BRAM_18K|  DSP |    FF   |   LUT  | URAM|
+---------------------+---------+------+---------+--------+-----+
|DSP                  |        -|     -|        -|       -|    -|
|Expression           |        -|     -|        0|    3692|    -|
|FIFO                 |        -|     -|        -|       -|    -|
|Instance             |        -|   261|     7620|   27361|    -|
|Memory               |        0|     -|      384|     390|    0|
|Multiplexer          |        -|     -|        -|    4155|    -|
|Register             |        -|     -|     7309|       -|    -|
+---------------------+---------+------+---------+--------+-----+
|Total                |        0|   261|    15313|   35598|    0|
+---------------------+---------+------+---------+--------+-----+
|Available SLR        |     1344|  2976|   871680|  435840|  320|
+---------------------+---------+------+---------+--------+-----+
|Utilization SLR (%)  |        0|     8|        1|       8|    0|
+---------------------+---------+------+---------+--------+-----+
|Available            |     2688|  5952|  1743360|  871680|  640|
+---------------------+---------+------+---------+--------+-----+
|Utilization (%)      |        0|     4|       ~0|       4|    0|
+---------------------+---------+------+---------+--------+-----+

+ Detail: 
    * Instance: 
    +----------------------------------------------------------------+----------------------------------------------------+---------+----+-----+------+-----+
    |                            Instance                            |                       Module                       | BRAM_18K| DSP|  FF |  LUT | URAM|
    +----------------------------------------------------------------+----------------------------------------------------+---------+----+-----+------+-----+
    |dadd_64ns_64ns_64_1_full_dsp_1_U1491                            |dadd_64ns_64ns_64_1_full_dsp_1                      |        0|   3|    0|   708|    0|
    |dadddsub_64ns_64ns_64_1_full_dsp_1_U1488                        |dadddsub_64ns_64ns_64_1_full_dsp_1                  |        0|   3|    0|   708|    0|
    |dadddsub_64ns_64ns_64_1_full_dsp_1_U1489                        |dadddsub_64ns_64ns_64_1_full_dsp_1                  |        0|   3|    0|   708|    0|
    |dcmp_64ns_64ns_1_1_no_dsp_1_U1498                               |dcmp_64ns_64ns_1_1_no_dsp_1                         |        0|   0|    0|     0|    0|
    |ddiv_64ns_64ns_64_5_no_dsp_1_U1496                              |ddiv_64ns_64ns_64_5_no_dsp_1                        |        0|   0|    0|     0|    0|
    |ddiv_64ns_64ns_64_5_no_dsp_1_U1497                              |ddiv_64ns_64ns_64_5_no_dsp_1                        |        0|   0|    0|     0|    0|
    |dmul_64ns_64ns_64_1_max_dsp_1_U1492                             |dmul_64ns_64ns_64_1_max_dsp_1                       |        0|   8|    0|   106|    0|
    |dmul_64ns_64ns_64_1_max_dsp_1_U1493                             |dmul_64ns_64ns_64_1_max_dsp_1                       |        0|   8|    0|   106|    0|
    |dmul_64ns_64ns_64_1_max_dsp_1_U1494                             |dmul_64ns_64ns_64_1_max_dsp_1                       |        0|   8|    0|   106|    0|
    |dmul_64ns_64ns_64_1_max_dsp_1_U1495                             |dmul_64ns_64ns_64_1_max_dsp_1                       |        0|   8|    0|   106|    0|
    |dsqrt_64ns_64ns_64_3_no_dsp_1_U1499                             |dsqrt_64ns_64ns_64_3_no_dsp_1                       |        0|   0|    0|     0|    0|
    |dsub_64ns_64ns_64_1_full_dsp_1_U1490                            |dsub_64ns_64ns_64_1_full_dsp_1                      |        0|   3|    0|   708|    0|
    |mul_32ns_32ns_64_1_1_U1501                                      |mul_32ns_32ns_64_1_1                                |        0|   3|    0|    20|    0|
    |mul_32s_34ns_65_1_1_U1500                                       |mul_32s_34ns_65_1_1                                 |        0|   3|    0|    22|    0|
    |grp_pythag_fu_1770                                              |pythag                                              |        0|  11|  660|  1351|    0|
    |grp_svd_2_Pipeline_1_fu_1536                                    |svd_2_Pipeline_1                                    |        0|   0|  106|   162|    0|
    |grp_svd_2_Pipeline_2_fu_1545                                    |svd_2_Pipeline_2                                    |        0|   0|    9|    76|    0|
    |grp_svd_2_Pipeline_3_fu_1550                                    |svd_2_Pipeline_3                                    |        0|   0|  107|   163|    0|
    |grp_svd_2_Pipeline_VITIS_LOOP_349_2_fu_1559                     |svd_2_Pipeline_VITIS_LOOP_349_2                     |        0|   3|  167|   875|    0|
    |grp_svd_2_Pipeline_VITIS_LOOP_355_3_fu_1567                     |svd_2_Pipeline_VITIS_LOOP_355_3                     |        0|  11|  346|   977|    0|
    |grp_svd_2_Pipeline_VITIS_LOOP_366_5_fu_1577                     |svd_2_Pipeline_VITIS_LOOP_366_5                     |        0|  11|  236|   997|    0|
    |grp_svd_2_Pipeline_VITIS_LOOP_369_6_fu_1595                     |svd_2_Pipeline_VITIS_LOOP_369_6                     |        0|  11|  281|  1154|    0|
    |grp_svd_2_Pipeline_VITIS_LOOP_372_7_fu_1586                     |svd_2_Pipeline_VITIS_LOOP_372_7                     |        0|   8|   13|   196|    0|
    |grp_svd_2_Pipeline_VITIS_LOOP_380_8_fu_1605                     |svd_2_Pipeline_VITIS_LOOP_380_8                     |        0|   3|  164|   867|    0|
    |grp_svd_2_Pipeline_VITIS_LOOP_384_9_fu_1614                     |svd_2_Pipeline_VITIS_LOOP_384_9                     |        0|  11|  373|   996|    0|
    |grp_svd_2_Pipeline_VITIS_LOOP_393_10_fu_1624                    |svd_2_Pipeline_VITIS_LOOP_393_10                    |        0|   0|  139|   141|    0|
    |grp_svd_2_Pipeline_VITIS_LOOP_397_12_fu_1634                    |svd_2_Pipeline_VITIS_LOOP_397_12                    |        0|  11|  231|   985|    0|
    |grp_svd_2_Pipeline_VITIS_LOOP_399_13_fu_1653                    |svd_2_Pipeline_VITIS_LOOP_399_13                    |        0|  11|  240|  1033|    0|
    |grp_svd_2_Pipeline_VITIS_LOOP_402_14_fu_1644                    |svd_2_Pipeline_VITIS_LOOP_402_14                    |        0|   8|   40|   215|    0|
    |grp_svd_2_Pipeline_VITIS_LOOP_415_16_fu_1663                    |svd_2_Pipeline_VITIS_LOOP_415_16                    |        0|   0|  220|   218|    0|
    |grp_svd_2_Pipeline_VITIS_LOOP_419_18_fu_1676                    |svd_2_Pipeline_VITIS_LOOP_419_18                    |        0|  11|  199|  1000|    0|
    |grp_svd_2_Pipeline_VITIS_LOOP_421_19_fu_1698                    |svd_2_Pipeline_VITIS_LOOP_421_19                    |        0|  11|  204|  1043|    0|
    |grp_svd_2_Pipeline_VITIS_LOOP_425_20_fu_1688                    |svd_2_Pipeline_VITIS_LOOP_425_20                    |        0|   0|   75|   218|    0|
    |grp_svd_2_Pipeline_VITIS_LOOP_436_22_fu_1709                    |svd_2_Pipeline_VITIS_LOOP_436_22                    |        0|   0|   34|    98|    0|
    |grp_svd_2_Pipeline_VITIS_LOOP_443_24_fu_1717                    |svd_2_Pipeline_VITIS_LOOP_443_24                    |        0|  11|  199|   988|    0|
    |grp_svd_2_Pipeline_VITIS_LOOP_446_25_fu_1735                    |svd_2_Pipeline_VITIS_LOOP_446_25                    |        0|  11|  345|  1213|    0|
    |grp_svd_2_Pipeline_VITIS_LOOP_449_26_fu_1727                    |svd_2_Pipeline_VITIS_LOOP_449_26                    |        0|   8|  207|   365|    0|
    |grp_svd_2_Pipeline_VITIS_LOOP_453_27_fu_1744                    |svd_2_Pipeline_VITIS_LOOP_453_27                    |        0|   0|   72|   140|    0|
    |grp_svd_2_Pipeline_VITIS_LOOP_463_30_fu_1757                    |svd_2_Pipeline_VITIS_LOOP_463_30                    |        0|   3|  309|   983|    0|
    |grp_svd_2_Pipeline_VITIS_LOOP_492_32_fu_1781                    |svd_2_Pipeline_VITIS_LOOP_492_32                    |        0|  19|  476|  1151|    0|
    |grp_svd_2_Pipeline_VITIS_LOOP_507_33_fu_1792                    |svd_2_Pipeline_VITIS_LOOP_507_33                    |        0|   0|   41|   224|    0|
    |grp_svd_2_Pipeline_VITIS_LOOP_537_35_fu_1800                    |svd_2_Pipeline_VITIS_LOOP_537_35                    |        0|  19|  305|  1177|    0|
    |grp_svd_2_Pipeline_VITIS_LOOP_554_36_fu_1810                    |svd_2_Pipeline_VITIS_LOOP_554_36                    |        0|  19|  351|  1119|    0|
    |grp_svd_2_Pipeline_VITIS_LOOP_575_37_fu_1751                    |svd_2_Pipeline_VITIS_LOOP_575_37                    |        0|   0|   34|   111|    0|
    |grp_svd_2_Pipeline_VITIS_LOOP_586_40_fu_1822                    |svd_2_Pipeline_VITIS_LOOP_586_40                    |        0|   0|  293|   153|    0|
    |grp_svd_2_Pipeline_VITIS_LOOP_588_41_fu_1837                    |svd_2_Pipeline_VITIS_LOOP_588_41                    |        0|   0|    9|   104|    0|
    |grp_svd_2_Pipeline_VITIS_LOOP_594_43_fu_1846                    |svd_2_Pipeline_VITIS_LOOP_594_43                    |        0|   0|   13|   106|    0|
    |grp_svd_2_Pipeline_VITIS_LOOP_596_44_fu_1854                    |svd_2_Pipeline_VITIS_LOOP_596_44                    |        0|   0|   41|   171|    0|
    |grp_svd_2_Pipeline_VITIS_LOOP_603_45_fu_1863                    |svd_2_Pipeline_VITIS_LOOP_603_45                    |        0|   0|    7|    99|    0|
    |grp_svd_2_Pipeline_VITIS_LOOP_605_46_fu_1874                    |svd_2_Pipeline_VITIS_LOOP_605_46                    |        0|   0|   41|   142|    0|
    |grp_svd_2_Pipeline_VITIS_LOOP_612_48_fu_1883                    |svd_2_Pipeline_VITIS_LOOP_612_48                    |        0|   0|   67|   236|    0|
    |grp_svd_2_Pipeline_VITIS_LOOP_615_49_fu_1891                    |svd_2_Pipeline_VITIS_LOOP_615_49                    |        0|   0|   67|   252|    0|
    |grp_svd_2_Pipeline_VITIS_LOOP_620_50_fu_1901                    |svd_2_Pipeline_VITIS_LOOP_620_50                    |        0|   0|   13|   155|    0|
    |grp_svd_2_Pipeline_VITIS_LOOP_622_51_fu_1908                    |svd_2_Pipeline_VITIS_LOOP_622_51                    |        0|   0|   41|   224|    0|
    |grp_svd_2_Pipeline_VITIS_LOOP_629_52_fu_1916                    |svd_2_Pipeline_VITIS_LOOP_629_52                    |        0|   0|  708|  1823|    0|
    |grp_svd_2_Pipeline_VITIS_LOOP_633_53_VITIS_LOOP_634_54_fu_1922  |svd_2_Pipeline_VITIS_LOOP_633_53_VITIS_LOOP_634_54  |        0|   0|  137|   362|    0|
    +----------------------------------------------------------------+----------------------------------------------------+---------+----+-----+------+-----+
    |Total                                                           |                                                    |        0| 261| 7620| 27361|    0|
    +----------------------------------------------------------------+----------------------------------------------------+---------+----+-----+------+-----+

    * DSP: 
    N/A

    * Memory: 
    +------------+------------------------------+---------+----+----+-----+------+-----+------+-------------+
    |   Memory   |            Module            | BRAM_18K| FF | LUT| URAM| Words| Bits| Banks| W*Bits*Banks|
    +------------+------------------------------+---------+----+----+-----+------+-----+------+-------------+
    |U_val_U     |svd_2_U_val_RAM_AUTO_1R1W     |        0|  64|  65|    0|    24|   64|     1|         1536|
    |ref_tmp2_U  |svd_2_ref_tmp2_RAM_AUTO_1R1W  |        0|  64|  65|    0|    37|   64|     1|         2368|
    |ref_tmp3_U  |svd_2_ref_tmp3_RAM_AUTO_1R1W  |        0|  64|  65|    0|    17|   64|     1|         1088|
    |rv1_U       |svd_2_rv1_RAM_AUTO_1R1W       |        0|  64|  65|    0|     6|   64|     1|          384|
    |w_U         |svd_2_w_RAM_AUTO_1R1W         |        0|  64|  65|    0|     6|   64|     1|          384|
    |sv_U        |svd_2_w_RAM_AUTO_1R1W         |        0|  64|  65|    0|     6|   64|     1|          384|
    +------------+------------------------------+---------+----+----+-----+------+-----+------+-------------+
    |Total       |                              |        0| 384| 390|    0|    96|  384|     6|         6144|
    +------------+------------------------------+---------+----+----+-----+------+-----+------+-------------+

    * FIFO: 
    N/A

    * Expression: 
    +-----------------------------------+----------+----+---+----+------------+------------+
    |           Variable Name           | Operation| DSP| FF| LUT| Bitwidth P0| Bitwidth P1|
    +-----------------------------------+----------+----+---+----+------------+------------+
    |add936_fu_4336_p2                  |         +|   0|  0|  39|          32|          32|
    |add_ln114_19_fu_2454_p2            |         +|   0|  0|  39|          32|           1|
    |add_ln114_fu_2398_p2               |         +|   0|  0|  39|          32|           1|
    |add_ln341_fu_3088_p2               |         +|   0|  0|  40|          33|           1|
    |add_ln343_fu_2573_p2               |         +|   0|  0|  39|          32|           1|
    |add_ln360_fu_2618_p2               |         +|   0|  0|  12|           5|           5|
    |add_ln364_fu_2869_p2               |         +|   0|  0|  71|          64|           1|
    |add_ln378_fu_2879_p2               |         +|   0|  0|  39|          32|           2|
    |add_ln389_fu_2641_p2               |         +|   0|  0|  12|           5|           5|
    |add_ln395_fu_3070_p2               |         +|   0|  0|  71|          64|           1|
    |add_ln409_fu_3527_p2               |         +|   0|  0|  71|          64|           2|
    |add_ln417_fu_3434_p2               |         +|   0|  0|  71|          64|           1|
    |add_ln441_7_fu_3728_p2             |         +|   0|  0|  40|          33|           2|
    |add_ln441_fu_3752_p2               |         +|   0|  0|  71|          64|           1|
    |add_ln446_fu_3384_p2               |         +|   0|  0|  40|          33|           1|
    |add_ln453_7_fu_3785_p2             |         +|   0|  0|  40|          33|           2|
    |add_ln458_fu_3805_p2               |         +|   0|  0|  71|          64|           2|
    |add_ln480_fu_3949_p2               |         +|   0|  0|  39|          32|           1|
    |add_ln524_fu_4128_p2               |         +|   0|  0|  71|          64|           1|
    |add_ln583_fu_4507_p2               |         +|   0|  0|  71|          64|           1|
    |add_ln609_fu_4556_p2               |         +|   0|  0|  39|          32|           1|
    |empty_976_fu_3358_p2               |         +|   0|  0|  12|           5|           5|
    |empty_978_fu_3650_p2               |         +|   0|  0|  12|           5|           5|
    |grp_fu_2045_p2                     |         +|   0|  0|  39|          32|           1|
    |i_124_fu_2661_p2                   |         +|   0|  0|  39|          32|           2|
    |i_130_fu_3558_p2                   |         +|   0|  0|  39|          32|           2|
    |its_7_fu_3819_p2                   |         +|   0|  0|  12|           5|           1|
    |k_140_fu_3611_p2                   |         +|   0|  0|  39|          32|           2|
    |p_cast169_fu_2348_p2               |         +|   0|  0|  12|           5|           1|
    |empty_960_fu_2484_p2               |         -|   0|  0|  16|           9|           9|
    |empty_974_fu_3281_p2               |         -|   0|  0|  12|           5|           5|
    |j_130_fu_4411_p2                   |         -|   0|  0|  39|          32|          32|
    |sub_ln360_fu_2612_p2               |         -|   0|  0|  12|           5|           5|
    |sub_ln398_fu_3058_p2               |         -|   0|  0|  12|           5|           5|
    |sub_ln426_fu_3474_p2               |         -|   0|  0|  16|           9|           9|
    |sub_ln428_fu_3511_p2               |         -|   0|  0|  16|           9|           9|
    |sub_ln437_fu_3601_p2               |         -|   0|  0|  12|           5|           5|
    |sub_ln582_7_fu_4256_p2             |         -|   0|  0|  39|           1|          32|
    |sub_ln582_fu_4206_p2               |         -|   0|  0|  72|           1|          65|
    |and_ln353_fu_2750_p2               |       and|   0|  0|   2|           1|           1|
    |and_ln361_fu_2804_p2               |       and|   0|  0|   2|           1|           1|
    |and_ln382_fu_2931_p2               |       and|   0|  0|   2|           1|           1|
    |and_ln390_fu_2985_p2               |       and|   0|  0|   2|           1|           1|
    |and_ln406_3_fu_3233_p2             |       and|   0|  0|   2|           1|           1|
    |and_ln406_fu_3227_p2               |       and|   0|  0|   2|           1|           1|
    |and_ln413_fu_3336_p2               |       and|   0|  0|   2|           1|           1|
    |and_ln438_fu_3699_p2               |       and|   0|  0|   2|           1|           1|
    |and_ln484_3_fu_3943_p2             |       and|   0|  0|   2|           1|           1|
    |and_ln484_fu_3937_p2               |       and|   0|  0|   2|           1|           1|
    |and_ln504_fu_4010_p2               |       and|   0|  0|   2|           1|           1|
    |and_ln520_fu_4083_p2               |       and|   0|  0|   2|           1|           1|
    |and_ln546_fu_4183_p2               |       and|   0|  0|   2|           1|           1|
    |and_ln591_3_fu_4466_p2             |       and|   0|  0|   2|           1|           1|
    |and_ln591_fu_4461_p2               |       and|   0|  0|   2|           1|           1|
    |ap_block_state160_on_subcall_done  |       and|   0|  0|   2|           1|           1|
    |ap_block_state18_on_subcall_done   |       and|   0|  0|   2|           1|           1|
    |ap_block_state24_on_subcall_done   |       and|   0|  0|   2|           1|           1|
    |ap_block_state60_on_subcall_done   |       and|   0|  0|   2|           1|           1|
    |ap_block_state71_on_subcall_done   |       and|   0|  0|   2|           1|           1|
    |ap_block_state89_on_subcall_done   |       and|   0|  0|   2|           1|           1|
    |ap_block_state90_on_subcall_done   |       and|   0|  0|   2|           1|           1|
    |ap_block_state92_on_subcall_done   |       and|   0|  0|   2|           1|           1|
    |ap_predicate_op1123_call_state160  |       and|   0|  0|   2|           1|           1|
    |ap_predicate_op637_call_state60    |       and|   0|  0|   2|           1|           1|
    |ap_predicate_op855_call_state90    |       and|   0|  0|   2|           1|           1|
    |cmp1006_fu_4595_p2                 |      icmp|   0|  0|  20|          32|          32|
    |empty_954_fu_2384_p2               |      icmp|   0|  0|  20|          32|           1|
    |empty_957_fu_2440_p2               |      icmp|   0|  0|  20|          32|           1|
    |exitcond552_fu_2354_p2             |      icmp|   0|  0|   9|           5|           2|
    |icmp_ln114_21_fu_2449_p2           |      icmp|   0|  0|  20|          32|          32|
    |icmp_ln114_fu_2393_p2              |      icmp|   0|  0|  20|          32|          32|
    |icmp_ln341_3_fu_2568_p2            |      icmp|   0|  0|  20|          32|          32|
    |icmp_ln341_fu_2495_p2              |      icmp|   0|  0|  20|          32|           1|
    |icmp_ln347_fu_2652_p2              |      icmp|   0|  0|  20|          32|          32|
    |icmp_ln353_3_fu_2738_p2            |      icmp|   0|  0|  24|          52|           1|
    |icmp_ln353_fu_2732_p2              |      icmp|   0|  0|  11|          11|           2|
    |icmp_ln361_3_fu_2792_p2            |      icmp|   0|  0|  24|          52|           1|
    |icmp_ln361_fu_2786_p2              |      icmp|   0|  0|  11|          11|           2|
    |icmp_ln364_fu_2864_p2              |      icmp|   0|  0|  29|          64|          64|
    |icmp_ln378_fu_2885_p2              |      icmp|   0|  0|  20|          32|          32|
    |icmp_ln382_3_fu_2919_p2            |      icmp|   0|  0|  24|          52|           1|
    |icmp_ln382_fu_2913_p2              |      icmp|   0|  0|  11|          11|           2|
    |icmp_ln390_3_fu_2973_p2            |      icmp|   0|  0|  24|          52|           1|
    |icmp_ln390_fu_2967_p2              |      icmp|   0|  0|  11|          11|           2|
    |icmp_ln395_fu_3065_p2              |      icmp|   0|  0|  29|          64|          64|
    |icmp_ln406_7_fu_3197_p2            |      icmp|   0|  0|  24|          52|           1|
    |icmp_ln406_8_fu_3209_p2            |      icmp|   0|  0|  11|          11|           2|
    |icmp_ln406_9_fu_3215_p2            |      icmp|   0|  0|  24|          52|           1|
    |icmp_ln406_fu_3191_p2              |      icmp|   0|  0|  11|          11|           2|
    |icmp_ln411_fu_3295_p2              |      icmp|   0|  0|  29|          64|          64|
    |icmp_ln413_3_fu_3324_p2            |      icmp|   0|  0|  24|          52|           1|
    |icmp_ln413_fu_3318_p2              |      icmp|   0|  0|  11|          11|           2|
    |icmp_ln417_fu_3416_p2              |      icmp|   0|  0|  20|          32|          32|
    |icmp_ln425_fu_3342_p2              |      icmp|   0|  0|  20|          32|          32|
    |icmp_ln432_fu_3369_p2              |      icmp|   0|  0|  20|          32|          32|
    |icmp_ln438_3_fu_3687_p2            |      icmp|   0|  0|  24|          52|           1|
    |icmp_ln438_fu_3681_p2              |      icmp|   0|  0|  11|          11|           2|
    |icmp_ln441_fu_3743_p2              |      icmp|   0|  0|  20|          32|          32|
    |icmp_ln446_fu_3712_p2              |      icmp|   0|  0|  20|          33|          33|
    |icmp_ln453_5_fu_3769_p2            |      icmp|   0|  0|  20|          33|          33|
    |icmp_ln453_fu_3705_p2              |      icmp|   0|  0|  20|          32|          32|
    |icmp_ln460_fu_3813_p2              |      icmp|   0|  0|   9|           5|           3|
    |icmp_ln466_9_fu_3633_p2            |      icmp|   0|  0|  24|          52|           1|
    |icmp_ln480_3_fu_3856_p2            |      icmp|   0|  0|  29|          64|          64|
    |icmp_ln480_fu_3842_p2              |      icmp|   0|  0|  29|          64|          64|
    |icmp_ln484_7_fu_3921_p2            |      icmp|   0|  0|  24|          52|           1|
    |icmp_ln484_8_fu_3870_p2            |      icmp|   0|  0|  11|          11|           2|
    |icmp_ln484_fu_3915_p2              |      icmp|   0|  0|  11|          11|           2|
    |icmp_ln502_fu_3969_p2              |      icmp|   0|  0|  29|          64|          64|
    |icmp_ln504_3_fu_3998_p2            |      icmp|   0|  0|  24|          52|           1|
    |icmp_ln504_fu_3992_p2              |      icmp|   0|  0|  11|          11|           2|
    |icmp_ln520_3_fu_4071_p2            |      icmp|   0|  0|  24|          52|           1|
    |icmp_ln520_fu_4065_p2              |      icmp|   0|  0|  11|          11|           2|
    |icmp_ln522_fu_4123_p2              |      icmp|   0|  0|  29|          64|          64|
    |icmp_ln546_3_fu_4171_p2            |      icmp|   0|  0|  24|          52|           1|
    |icmp_ln546_fu_4165_p2              |      icmp|   0|  0|  11|          11|           2|
    |icmp_ln583_2_fu_4288_p2            |      icmp|   0|  0|  20|          32|          32|
    |icmp_ln583_fu_4270_p2              |      icmp|   0|  0|  20|          32|          32|
    |icmp_ln591_7_fu_4449_p2            |      icmp|   0|  0|  24|          52|           1|
    |icmp_ln591_8_fu_4389_p2            |      icmp|   0|  0|  11|          11|           2|
    |icmp_ln591_9_fu_4395_p2            |      icmp|   0|  0|  24|          52|           1|
    |icmp_ln591_fu_4443_p2              |      icmp|   0|  0|  11|          11|           2|
    |icmp_ln599_fu_4503_p2              |      icmp|   0|  0|  20|          32|          32|
    |icmp_ln608_fu_4322_p2              |      icmp|   0|  0|  20|          32|           3|
    |icmp_ln609_2_fu_4551_p2            |      icmp|   0|  0|  20|          32|          32|
    |icmp_ln609_fu_4331_p2              |      icmp|   0|  0|  20|          32|           1|
    |icmp_ln618_fu_4586_p2              |      icmp|   0|  0|  20|          32|          32|
    |ap_block_state150_on_subcall_done  |        or|   0|  0|   2|           1|           1|
    |ap_block_state164_on_subcall_done  |        or|   0|  0|   2|           1|           1|
    |ap_block_state168_on_subcall_done  |        or|   0|  0|   2|           1|           1|
    |ap_block_state170_on_subcall_done  |        or|   0|  0|   2|           1|           1|
    |ap_block_state176_on_subcall_done  |        or|   0|  0|   2|           1|           1|
    |ap_block_state178_on_subcall_done  |        or|   0|  0|   2|           1|           1|
    |or_ln353_fu_2744_p2                |        or|   0|  0|   2|           1|           1|
    |or_ln361_3_fu_2798_p2              |        or|   0|  0|   2|           1|           1|
    |or_ln361_fu_2816_p2                |        or|   0|  0|  65|          64|          65|
    |or_ln382_fu_2925_p2                |        or|   0|  0|   2|           1|           1|
    |or_ln390_3_fu_2979_p2              |        or|   0|  0|   2|           1|           1|
    |or_ln390_fu_2997_p2                |        or|   0|  0|  65|          64|          65|
    |or_ln406_3_fu_3221_p2              |        or|   0|  0|   2|           1|           1|
    |or_ln406_fu_3203_p2                |        or|   0|  0|   2|           1|           1|
    |or_ln413_fu_3330_p2                |        or|   0|  0|   2|           1|           1|
    |or_ln438_fu_3693_p2                |        or|   0|  0|   2|           1|           1|
    |or_ln484_3_fu_3933_p2              |        or|   0|  0|   2|           1|           1|
    |or_ln484_fu_3927_p2                |        or|   0|  0|   2|           1|           1|
    |or_ln504_fu_4004_p2                |        or|   0|  0|   2|           1|           1|
    |or_ln520_3_fu_4077_p2              |        or|   0|  0|   2|           1|           1|
    |or_ln520_fu_4095_p2                |        or|   0|  0|  65|          64|          65|
    |or_ln546_fu_4177_p2                |        or|   0|  0|   2|           1|           1|
    |or_ln591_3_fu_4401_p2              |        or|   0|  0|   2|           1|           1|
    |or_ln591_fu_4455_p2                |        or|   0|  0|   2|           1|           1|
    |anorm_15_fu_3239_p3                |    select|   0|  0|  63|           1|          64|
    |inc_39_fu_4262_p3                  |    select|   0|  0|  32|           1|          32|
    |select_ln361_fu_2822_p3            |    select|   0|  0|  63|           1|          64|
    |select_ln390_fu_3003_p3            |    select|   0|  0|  63|           1|          64|
    |select_ln432_fu_3374_p3            |    select|   0|  0|  32|           1|          32|
    |select_ln446_fu_3721_p3            |    select|   0|  0|  33|           1|          33|
    |select_ln453_fu_3778_p3            |    select|   0|  0|  33|           1|          33|
    |select_ln520_fu_4101_p3            |    select|   0|  0|  63|           1|          64|
    |select_ln582_fu_4248_p3            |    select|   0|  0|  32|           1|          32|
    |select_ln634_fu_4600_p3            |    select|   0|  0|  32|           1|          32|
    |empty_951_fu_2326_p2               |       shl|   0|  0|  16|           4|           8|
    |xor_ln361_fu_2835_p2               |       xor|   0|  0|  65|          64|          65|
    |xor_ln390_fu_3016_p2               |       xor|   0|  0|  65|          64|          65|
    |xor_ln491_fu_3955_p2               |       xor|   0|  0|  65|          64|          65|
    |xor_ln506_fu_4016_p2               |       xor|   0|  0|  65|          64|          65|
    +-----------------------------------+----------+----+---+----+------------+------------+
    |Total                              |          |   0|  0|3692|        3757|        2303|
    +-----------------------------------+----------+----+---+----+------------+------------+

    * Multiplexer: 
    +----------------------------------------+-----+-----------+-----+-----------+
    |                  Name                  | LUT | Input Size| Bits| Total Bits|
    +----------------------------------------+-----+-----------+-----+-----------+
    |U_address0                              |   14|          3|    5|         15|
    |U_ce0                                   |   14|          3|    1|          3|
    |U_d0                                    |   14|          3|   64|        192|
    |U_val_address0                          |  189|         43|    5|        215|
    |U_val_address1                          |  145|         31|    5|        155|
    |U_val_ce0                               |  139|         28|    1|         28|
    |U_val_ce1                               |   81|         17|    1|         17|
    |U_val_d0                                |  139|         28|   64|       1792|
    |U_val_d1                                |   65|         16|   64|       1024|
    |U_val_we0                               |   81|         17|    1|         17|
    |U_val_we1                               |   20|          4|    1|          4|
    |U_we0                                   |   14|          3|    8|         24|
    |V_address0                              |   65|         14|    6|         84|
    |V_address1                              |   14|          3|    6|         18|
    |V_ce0                                   |   65|         14|    1|         14|
    |V_ce1                                   |   14|          3|    1|          3|
    |V_d0                                    |   59|         11|   64|        704|
    |V_we0                                   |   59|         11|    8|         88|
    |V_we1                                   |    9|          2|    8|         16|
    |anorm_0_lcssa_reg_1173                  |    9|          2|   64|        128|
    |anorm_fu_432                            |    9|          2|   64|        128|
    |ap_NS_fsm                               |  952|        180|    1|        180|
    |ap_phi_mux_empty_969_phi_fu_1145_p4     |    9|          2|   64|        128|
    |ap_phi_mux_empty_970_phi_fu_1155_p4     |    9|          2|   32|         64|
    |ap_phi_mux_g_29_phi_fu_1166_p4          |    9|          2|   64|        128|
    |ap_phi_mux_l_2148_ph_ph_phi_fu_1358_p4  |   14|          3|   32|         96|
    |c_12_reg_1427                           |    9|          2|   64|        128|
    |c_2_reg_1484                            |    9|          2|   64|        128|
    |c_reg_1377                              |    9|          2|   64|        128|
    |empty_961_fu_424                        |    9|          2|   64|        128|
    |empty_964_reg_1194                      |    9|          2|   64|        128|
    |empty_965_reg_1206                      |    9|          2|   32|         64|
    |empty_967_reg_1254                      |   14|          3|   64|        192|
    |empty_968_reg_1268                      |   14|          3|   32|         96|
    |empty_969_reg_1142                      |    9|          2|   64|        128|
    |empty_970_reg_1151                      |    9|          2|   32|         64|
    |empty_971_fu_448                        |    9|          2|   32|         64|
    |empty_977_fu_456                        |    9|          2|   32|         64|
    |empty_981_reg_1525                      |    9|          2|   32|         64|
    |f_25_reg_1439                           |    9|          2|   64|        128|
    |g_29_reg_1162                           |    9|          2|   64|        128|
    |g_2_reg_1231                            |    9|          2|   64|        128|
    |g_30_fu_436                             |    9|          2|   64|        128|
    |g_4_reg_1298                            |    9|          2|   64|        128|
    |g_fu_428                                |    9|          2|   64|        128|
    |grp_fu_1931_opcode                      |   14|          3|    2|          6|
    |grp_fu_1931_p0                          |   54|         10|   64|        640|
    |grp_fu_1931_p1                          |   59|         11|   64|        704|
    |grp_fu_1941_opcode                      |   14|          3|    2|          6|
    |grp_fu_1941_p0                          |   14|          3|   64|        192|
    |grp_fu_1941_p1                          |   14|          3|   64|        192|
    |grp_fu_1946_p0                          |   14|          3|   64|        192|
    |grp_fu_1946_p1                          |   14|          3|   64|        192|
    |grp_fu_1958_p0                          |   65|         14|   64|        896|
    |grp_fu_1958_p1                          |   65|         12|   64|        768|
    |grp_fu_1968_p0                          |   49|          9|   64|        576|
    |grp_fu_1968_p1                          |   49|          9|   64|        576|
    |grp_fu_1975_p0                          |   20|          4|   64|        256|
    |grp_fu_1975_p1                          |   20|          4|   64|        256|
    |grp_fu_1985_p0                          |   14|          3|   64|        192|
    |grp_fu_1985_p1                          |   14|          3|   64|        192|
    |grp_fu_1995_ce                          |   31|          6|    1|          6|
    |grp_fu_1995_p0                          |   59|         11|   64|        704|
    |grp_fu_1995_p1                          |   65|         12|   64|        768|
    |grp_fu_2004_ce                          |    9|          2|    1|          2|
    |grp_fu_2004_p0                          |   14|          3|   64|        192|
    |grp_fu_2004_p1                          |   14|          3|   64|        192|
    |grp_fu_2008_opcode                      |   26|          5|    5|         25|
    |grp_fu_2008_p0                          |   54|         10|   64|        640|
    |grp_fu_2008_p1                          |   26|          5|   64|        320|
    |grp_fu_2016_p1                          |   14|          3|   64|        192|
    |grp_fu_2045_p0                          |   14|          3|   32|         96|
    |grp_pythag_fu_1770_a                    |   26|          5|   64|        320|
    |grp_pythag_fu_1770_b                    |   20|          4|   64|        256|
    |i_104_reg_1366                          |    9|          2|   32|         64|
    |i_97_fu_404                             |    9|          2|   32|         64|
    |i_fu_400                                |    9|          2|   32|         64|
    |inc_14_fu_464                           |    9|          2|   32|         64|
    |indvars_iv501_fu_416                    |    9|          2|   33|         66|
    |its_reg_1334                            |    9|          2|    5|         10|
    |j_125_fu_440                            |    9|          2|   32|         64|
    |j_126_fu_452                            |    9|          2|   32|         64|
    |j_12_reg_1506                           |    9|          2|   32|         64|
    |j_131_reg_1516                          |    9|          2|    5|         10|
    |j_132_reg_1495                          |    9|          2|   64|        128|
    |j_71_reg_1185                           |    9|          2|   64|        128|
    |j_72_reg_1315                           |    9|          2|   64|        128|
    |j_79_reg_1415                           |    9|          2|   64|        128|
    |j_81_reg_1245                           |    9|          2|   64|        128|
    |j_reg_1324                              |    9|          2|   64|        128|
    |k_74_fu_484                             |    9|          2|   32|         64|
    |k_fu_412                                |    9|          2|   32|         64|
    |l_2148_ph556_reg_1401                   |   14|          3|   32|         96|
    |l_2148_ph_ph_reg_1355                   |    9|          2|   32|         64|
    |l_30_fu_420                             |    9|          2|   32|         64|
    |l_31_fu_444                             |    9|          2|   64|        128|
    |l_32_fu_460                             |    9|          2|   64|        128|
    |loop_index_i_fu_304                     |    9|          2|    5|         10|
    |phi_ln466_reg_1345                      |    9|          2|    5|         10|
    |ref_tmp2_address0                       |   26|          5|    6|         30|
    |ref_tmp2_ce0                            |   20|          4|    1|          4|
    |ref_tmp2_d0                             |   14|          3|   64|        192|
    |ref_tmp2_we0                            |   14|          3|    8|         24|
    |ref_tmp3_address0                       |   26|          5|    5|         25|
    |ref_tmp3_ce0                            |   14|          3|    1|          3|
    |ref_tmp3_d0                             |   14|          3|   64|        192|
    |ref_tmp3_we0                            |   14|          3|    8|         24|
    |ref_tmp_address0                        |   65|         15|    5|         75|
    |ref_tmp_address1                        |   65|         14|    5|         70|
    |reg_2050                                |    9|          2|   64|        128|
    |rv1_address0                            |   54|         10|    3|         30|
    |rv1_address1                            |   31|          6|    3|         18|
    |rv1_ce0                                 |   26|          5|    1|          5|
    |rv1_d0                                  |   20|          4|   64|        256|
    |rv1_d1                                  |   20|          4|   64|        256|
    |rv1_we0                                 |   14|          3|    1|          3|
    |s_49_reg_1389                           |    9|          2|   64|        128|
    |s_51_reg_1450                           |    9|          2|   64|        128|
    |s_8_reg_1473                            |    9|          2|   64|        128|
    |scale_2_reg_1218                        |    9|          2|   64|        128|
    |scale_4_reg_1282                        |    9|          2|   64|        128|
    |scale_fu_408                            |    9|          2|   64|        128|
    |sv_address0                             |   14|          3|    3|          9|
    |sv_ce0                                  |   14|          3|    1|          3|
    |sv_we0                                  |    9|          2|    1|          2|
    |w_address0                              |   65|         16|    3|         48|
    |w_ce0                                   |   20|          4|    1|          4|
    |w_d0                                    |   37|          7|   64|        448|
    |x_11_reg_1462                           |    9|          2|   64|        128|
    +----------------------------------------+-----+-----------+-----+-----------+
    |Total                                   | 4155|        848| 5011|      21633|
    +----------------------------------------+-----+-----------+-----+-----------+

    * Register: 
    +-----------------------------------------------------------------------------+-----+----+-----+-----------+
    |                                     Name                                    |  FF | LUT| Bits| Const Bits|
    +-----------------------------------------------------------------------------+-----+----+-----+-----------+
    |U_val_addr_169_reg_5058                                                      |    5|   0|    5|          0|
    |U_val_addr_172_reg_5498                                                      |    5|   0|    5|          0|
    |U_val_addr_189_reg_5080                                                      |    5|   0|    5|          0|
    |add47_reg_5695                                                               |   64|   0|   64|          0|
    |add_ln114_19_reg_4924                                                        |   32|   0|   32|          0|
    |add_ln114_reg_4885                                                           |   32|   0|   32|          0|
    |add_ln343_reg_5024                                                           |   32|   0|   32|          0|
    |add_ln364_reg_5236                                                           |   64|   0|   64|          0|
    |add_ln395_reg_5308                                                           |   64|   0|   64|          0|
    |add_ln417_reg_5407                                                           |   64|   0|   64|          0|
    |add_ln441_7_reg_5517                                                         |   33|   0|   33|          0|
    |add_ln446_reg_5379                                                           |   33|   0|   33|          0|
    |add_ln453_7_reg_5540                                                         |   33|   0|   33|          0|
    |add_ln458_reg_5556                                                           |   64|   0|   64|          0|
    |add_ln463_loc_fu_336                                                         |    5|   0|    5|          0|
    |add_ln480_reg_5665                                                           |   32|   0|   32|          0|
    |add_ln524_reg_5730                                                           |   64|   0|   64|          0|
    |add_ln583_reg_5935                                                           |   64|   0|   64|          0|
    |add_ln609_reg_5953                                                           |   32|   0|   32|          0|
    |and_ln382_reg_5272                                                           |    1|   0|    1|          0|
    |and_ln413_reg_5342                                                           |    1|   0|    1|          0|
    |and_ln438_reg_5509                                                           |    1|   0|    1|          0|
    |and_ln504_reg_5679                                                           |    1|   0|    1|          0|
    |and_ln591_3_reg_5912                                                         |    1|   0|    1|          0|
    |anorm_0_lcssa_reg_1173                                                       |   64|   0|   64|          0|
    |anorm_fu_432                                                                 |   64|   0|   64|          0|
    |ap_CS_fsm                                                                    |  179|   0|  179|          0|
    |bitcast_ln466_reg_5470                                                       |   64|   0|   64|          0|
    |bound_reg_5987                                                               |   64|   0|   64|          0|
    |c_12_reg_1427                                                                |   64|   0|   64|          0|
    |c_2_reg_1484                                                                 |   64|   0|   64|          0|
    |c_reg_1377                                                                   |   64|   0|   64|          0|
    |data_V_42_reg_5652                                                           |   64|   0|   64|          0|
    |div14_cast_reg_5862                                                          |   31|   0|   32|          1|
    |empty_953_reg_4868                                                           |   32|   0|   32|          0|
    |empty_954_reg_4878                                                           |    1|   0|    1|          0|
    |empty_956_reg_4907                                                           |   32|   0|   32|          0|
    |empty_957_reg_4917                                                           |    1|   0|    1|          0|
    |empty_960_reg_4929                                                           |    5|   0|    9|          4|
    |empty_961_fu_424                                                             |   64|   0|   64|          0|
    |empty_962_reg_5004                                                           |   32|   0|   32|          0|
    |empty_963_reg_5184                                                           |   32|   0|   32|          0|
    |empty_964_reg_1194                                                           |   64|   0|   64|          0|
    |empty_965_reg_1206                                                           |   32|   0|   32|          0|
    |empty_967_reg_1254                                                           |   64|   0|   64|          0|
    |empty_968_reg_1268                                                           |   32|   0|   32|          0|
    |empty_969_reg_1142                                                           |   64|   0|   64|          0|
    |empty_970_reg_1151                                                           |   32|   0|   32|          0|
    |empty_971_fu_448                                                             |   32|   0|   32|          0|
    |empty_974_reg_5329                                                           |    4|   0|    5|          1|
    |empty_977_fu_456                                                             |   32|   0|   32|          0|
    |empty_981_reg_1525                                                           |   32|   0|   32|          0|
    |f_25_reg_1439                                                                |   64|   0|   64|          0|
    |g_100_reg_5212                                                               |   64|   0|   64|          0|
    |g_103_reg_5289                                                               |   64|   0|   64|          0|
    |g_29_reg_1162                                                                |   64|   0|   64|          0|
    |g_2_reg_1231                                                                 |   64|   0|   64|          0|
    |g_30_fu_436                                                                  |   64|   0|   64|          0|
    |g_30_load_reg_5387                                                           |   64|   0|   64|          0|
    |g_4_reg_1298                                                                 |   64|   0|   64|          0|
    |g_fu_428                                                                     |   64|   0|   64|          0|
    |grp_pythag_fu_1770_ap_start_reg                                              |    1|   0|    1|          0|
    |grp_svd_2_Pipeline_1_fu_1536_ap_start_reg                                    |    1|   0|    1|          0|
    |grp_svd_2_Pipeline_2_fu_1545_ap_start_reg                                    |    1|   0|    1|          0|
    |grp_svd_2_Pipeline_3_fu_1550_ap_start_reg                                    |    1|   0|    1|          0|
    |grp_svd_2_Pipeline_VITIS_LOOP_349_2_fu_1559_ap_start_reg                     |    1|   0|    1|          0|
    |grp_svd_2_Pipeline_VITIS_LOOP_355_3_fu_1567_ap_start_reg                     |    1|   0|    1|          0|
    |grp_svd_2_Pipeline_VITIS_LOOP_366_5_fu_1577_ap_start_reg                     |    1|   0|    1|          0|
    |grp_svd_2_Pipeline_VITIS_LOOP_369_6_fu_1595_ap_start_reg                     |    1|   0|    1|          0|
    |grp_svd_2_Pipeline_VITIS_LOOP_372_7_fu_1586_ap_start_reg                     |    1|   0|    1|          0|
    |grp_svd_2_Pipeline_VITIS_LOOP_380_8_fu_1605_ap_start_reg                     |    1|   0|    1|          0|
    |grp_svd_2_Pipeline_VITIS_LOOP_384_9_fu_1614_ap_start_reg                     |    1|   0|    1|          0|
    |grp_svd_2_Pipeline_VITIS_LOOP_393_10_fu_1624_ap_start_reg                    |    1|   0|    1|          0|
    |grp_svd_2_Pipeline_VITIS_LOOP_397_12_fu_1634_ap_start_reg                    |    1|   0|    1|          0|
    |grp_svd_2_Pipeline_VITIS_LOOP_399_13_fu_1653_ap_start_reg                    |    1|   0|    1|          0|
    |grp_svd_2_Pipeline_VITIS_LOOP_402_14_fu_1644_ap_start_reg                    |    1|   0|    1|          0|
    |grp_svd_2_Pipeline_VITIS_LOOP_415_16_fu_1663_ap_start_reg                    |    1|   0|    1|          0|
    |grp_svd_2_Pipeline_VITIS_LOOP_419_18_fu_1676_ap_start_reg                    |    1|   0|    1|          0|
    |grp_svd_2_Pipeline_VITIS_LOOP_421_19_fu_1698_ap_start_reg                    |    1|   0|    1|          0|
    |grp_svd_2_Pipeline_VITIS_LOOP_425_20_fu_1688_ap_start_reg                    |    1|   0|    1|          0|
    |grp_svd_2_Pipeline_VITIS_LOOP_436_22_fu_1709_ap_start_reg                    |    1|   0|    1|          0|
    |grp_svd_2_Pipeline_VITIS_LOOP_443_24_fu_1717_ap_start_reg                    |    1|   0|    1|          0|
    |grp_svd_2_Pipeline_VITIS_LOOP_446_25_fu_1735_ap_start_reg                    |    1|   0|    1|          0|
    |grp_svd_2_Pipeline_VITIS_LOOP_449_26_fu_1727_ap_start_reg                    |    1|   0|    1|          0|
    |grp_svd_2_Pipeline_VITIS_LOOP_453_27_fu_1744_ap_start_reg                    |    1|   0|    1|          0|
    |grp_svd_2_Pipeline_VITIS_LOOP_463_30_fu_1757_ap_start_reg                    |    1|   0|    1|          0|
    |grp_svd_2_Pipeline_VITIS_LOOP_492_32_fu_1781_ap_start_reg                    |    1|   0|    1|          0|
    |grp_svd_2_Pipeline_VITIS_LOOP_507_33_fu_1792_ap_start_reg                    |    1|   0|    1|          0|
    |grp_svd_2_Pipeline_VITIS_LOOP_537_35_fu_1800_ap_start_reg                    |    1|   0|    1|          0|
    |grp_svd_2_Pipeline_VITIS_LOOP_554_36_fu_1810_ap_start_reg                    |    1|   0|    1|          0|
    |grp_svd_2_Pipeline_VITIS_LOOP_575_37_fu_1751_ap_start_reg                    |    1|   0|    1|          0|
    |grp_svd_2_Pipeline_VITIS_LOOP_586_40_fu_1822_ap_start_reg                    |    1|   0|    1|          0|
    |grp_svd_2_Pipeline_VITIS_LOOP_588_41_fu_1837_ap_start_reg                    |    1|   0|    1|          0|
    |grp_svd_2_Pipeline_VITIS_LOOP_594_43_fu_1846_ap_start_reg                    |    1|   0|    1|          0|
    |grp_svd_2_Pipeline_VITIS_LOOP_596_44_fu_1854_ap_start_reg                    |    1|   0|    1|          0|
    |grp_svd_2_Pipeline_VITIS_LOOP_603_45_fu_1863_ap_start_reg                    |    1|   0|    1|          0|
    |grp_svd_2_Pipeline_VITIS_LOOP_605_46_fu_1874_ap_start_reg                    |    1|   0|    1|          0|
    |grp_svd_2_Pipeline_VITIS_LOOP_612_48_fu_1883_ap_start_reg                    |    1|   0|    1|          0|
    |grp_svd_2_Pipeline_VITIS_LOOP_615_49_fu_1891_ap_start_reg                    |    1|   0|    1|          0|
    |grp_svd_2_Pipeline_VITIS_LOOP_620_50_fu_1901_ap_start_reg                    |    1|   0|    1|          0|
    |grp_svd_2_Pipeline_VITIS_LOOP_622_51_fu_1908_ap_start_reg                    |    1|   0|    1|          0|
    |grp_svd_2_Pipeline_VITIS_LOOP_629_52_fu_1916_ap_start_reg                    |    1|   0|    1|          0|
    |grp_svd_2_Pipeline_VITIS_LOOP_633_53_VITIS_LOOP_634_54_fu_1922_ap_start_reg  |    1|   0|    1|          0|
    |h_53_reg_5688                                                                |   64|   0|   64|          0|
    |i_104_reg_1366                                                               |   32|   0|   32|          0|
    |i_130_reg_5441                                                               |   32|   0|   32|          0|
    |i_97_fu_404                                                                  |   32|   0|   32|          0|
    |i_fu_400                                                                     |   32|   0|   32|          0|
    |icmp_ln341_reg_4951                                                          |    1|   0|    1|          0|
    |icmp_ln347_reg_5091                                                          |    1|   0|    1|          0|
    |icmp_ln378_reg_5265                                                          |    1|   0|    1|          0|
    |icmp_ln411_reg_5338                                                          |    1|   0|    1|          0|
    |icmp_ln425_reg_5346                                                          |    1|   0|    1|          0|
    |icmp_ln453_reg_5513                                                          |    1|   0|    1|          0|
    |icmp_ln460_reg_5608                                                          |    1|   0|    1|          0|
    |icmp_ln466_9_reg_5480                                                        |    1|   0|    1|          0|
    |icmp_ln480_3_reg_5638                                                        |    1|   0|    1|          0|
    |icmp_ln480_reg_5624                                                          |    1|   0|    1|          0|
    |icmp_ln484_8_reg_5647                                                        |    1|   0|    1|          0|
    |icmp_ln583_reg_5810                                                          |    1|   0|    1|          0|
    |icmp_ln599_reg_5931                                                          |    1|   0|    1|          0|
    |icmp_ln618_reg_5978                                                          |    1|   0|    1|          0|
    |idxprom296_reg_5355                                                          |   64|   0|   64|          0|
    |inc_14_fu_464                                                                |   32|   0|   32|          0|
    |inc_39_reg_5803                                                              |   32|   0|   32|          0|
    |indvars_iv501_fu_416                                                         |   33|   0|   33|          0|
    |its_7_reg_5612                                                               |    5|   0|    5|          0|
    |its_reg_1334                                                                 |    5|   0|    5|          0|
    |j_125_fu_440                                                                 |   32|   0|   32|          0|
    |j_125_load_1_reg_5350                                                        |   32|   0|   32|          0|
    |j_126_fu_452                                                                 |   32|   0|   32|          0|
    |j_126_load_reg_5435                                                          |   32|   0|   32|          0|
    |j_12_reg_1506                                                                |   32|   0|   32|          0|
    |j_130_reg_5894                                                               |   32|   0|   32|          0|
    |j_131_reg_1516                                                               |    5|   0|    5|          0|
    |j_132_reg_1495                                                               |   64|   0|   64|          0|
    |j_71_reg_1185                                                                |   64|   0|   64|          0|
    |j_72_reg_1315                                                                |   64|   0|   64|          0|
    |j_79_reg_1415                                                                |   64|   0|   64|          0|
    |j_81_reg_1245                                                                |   64|   0|   64|          0|
    |j_reg_1324                                                                   |   64|   0|   64|          0|
    |k_74_fu_484                                                                  |   32|   0|   32|          0|
    |k_fu_412                                                                     |   32|   0|   32|          0|
    |l_11_loc_fu_340                                                              |   32|   0|   32|          0|
    |l_2148_ph556_reg_1401                                                        |   32|   0|   32|          0|
    |l_2148_ph_ph_reg_1355                                                        |   32|   0|   32|          0|
    |l_30_fu_420                                                                  |   32|   0|   32|          0|
    |l_31_fu_444                                                                  |   64|   0|   64|          0|
    |l_32_fu_460                                                                  |   64|   0|   64|          0|
    |l_reg_4945                                                                   |   32|   0|   32|          0|
    |loop_index_i_fu_304                                                          |    5|   0|    5|          0|
    |lshr_ln_reg_5425                                                             |    6|   0|    6|          0|
    |or_ln591_3_reg_5884                                                          |    1|   0|    1|          0|
    |p_cast45_reg_4912                                                            |   32|   0|   32|          0|
    |p_cast50_reg_5217                                                            |   32|   0|   32|          0|
    |p_cast61_reg_5149                                                            |   32|   0|   32|          0|
    |p_cast_reg_4873                                                              |   32|   0|   32|          0|
    |p_load181_reg_5324                                                           |   32|   0|   32|          0|
    |phi_ln466_reg_1345                                                           |    5|   0|    5|          0|
    |ref_tmp_load_46_reg_5177                                                     |   64|   0|   64|          0|
    |ref_tmp_load_47_reg_5244                                                     |   64|   0|   64|          0|
    |reg_2050                                                                     |   64|   0|   64|          0|
    |reg_2059                                                                     |   64|   0|   64|          0|
    |reg_2066                                                                     |   64|   0|   64|          0|
    |reg_2074                                                                     |   64|   0|   64|          0|
    |reg_2089                                                                     |   64|   0|   64|          0|
    |reg_2096                                                                     |   32|   0|   32|          0|
    |reg_2103                                                                     |   64|   0|   64|          0|
    |reg_2115                                                                     |   64|   0|   64|          0|
    |reg_2121                                                                     |   64|   0|   64|          0|
    |reg_2128                                                                     |   64|   0|   64|          0|
    |reg_2135                                                                     |   64|   0|   64|          0|
    |reg_2143                                                                     |   64|   0|   64|          0|
    |reg_2149                                                                     |   64|   0|   64|          0|
    |reg_2155                                                                     |   64|   0|   64|          0|
    |reg_2164                                                                     |   64|   0|   64|          0|
    |reg_2171                                                                     |   64|   0|   64|          0|
    |reg_2177                                                                     |   64|   0|   64|          0|
    |rv1_addr_21_reg_5566                                                         |    3|   0|    3|          0|
    |rv1_addr_22_reg_5571                                                         |    3|   0|    3|          0|
    |rv1_addr_24_reg_5642                                                         |    3|   0|    3|          0|
    |rv1_addr_reg_5086                                                            |    3|   0|    3|          0|
    |s_49_reg_1389                                                                |   64|   0|   64|          0|
    |s_51_reg_1450                                                                |   64|   0|   64|          0|
    |s_60_reg_5746                                                                |   64|   0|   64|          0|
    |s_8_reg_1473                                                                 |   64|   0|   64|          0|
    |s_reg_5670                                                                   |   64|   0|   64|          0|
    |scale_2_reg_1218                                                             |   64|   0|   64|          0|
    |scale_4_reg_1282                                                             |   64|   0|   64|          0|
    |scale_fu_408                                                                 |   64|   0|   64|          0|
    |select_ln634_reg_5982                                                        |   32|   0|   32|          0|
    |sext_ln434_reg_5504                                                          |   64|   0|   64|          0|
    |sext_ln480_3_reg_5628                                                        |   64|   0|   64|          0|
    |sext_ln513_reg_5710                                                          |   64|   0|   64|          0|
    |shl_ln41_reg_5401                                                            |    6|   0|    9|          3|
    |shl_ln42_reg_5412                                                            |    6|   0|    9|          3|
    |shl_ln43_reg_5844                                                            |    6|   0|    9|          3|
    |shl_ln45_reg_5921                                                            |    6|   0|    9|          3|
    |shl_ln46_reg_5945                                                            |    3|   0|    6|          3|
    |shl_ln47_reg_5972                                                            |    6|   0|    9|          3|
    |shl_ln48_reg_5683                                                            |    3|   0|    6|          3|
    |shl_ln49_reg_5760                                                            |    3|   0|    6|          3|
    |shl_ln597_7_reg_5926                                                         |    3|   0|    6|          3|
    |shl_ln_reg_5392                                                              |    6|   0|    9|          3|
    |su_0_01_fu_468                                                               |   64|   0|   64|          0|
    |su_1_02_fu_472                                                               |   64|   0|   64|          0|
    |su_2_03_fu_476                                                               |   64|   0|   64|          0|
    |su_3_04_fu_480                                                               |   64|   0|   64|          0|
    |sub_ln360_reg_5049                                                           |    4|   0|    5|          1|
    |sub_ln398_reg_5299                                                           |    4|   0|    5|          1|
    |sub_ln426_reg_5417                                                           |    5|   0|    9|          4|
    |sub_ln437_reg_5452                                                           |    4|   0|    5|          1|
    |targetBlock_reg_5617                                                         |    2|   0|    2|          0|
    |tmp_438_reg_5202                                                             |    1|   0|    1|          0|
    |tmp_455_reg_5279                                                             |    1|   0|    1|          0|
    |tmp_459_reg_5700                                                             |    1|   0|    1|          0|
    |tmp_905_reg_4890                                                             |    3|   0|    8|          5|
    |trunc_ln337_7_reg_5958                                                       |    5|   0|    5|          0|
    |trunc_ln337_reg_5070                                                         |   32|   0|   32|          0|
    |trunc_ln360_2_reg_5040                                                       |    5|   0|    5|          0|
    |trunc_ln360_reg_5034                                                         |    3|   0|    3|          0|
    |trunc_ln364_reg_5227                                                         |    5|   0|    5|          0|
    |trunc_ln368_39_reg_5284                                                      |   63|   0|   63|          0|
    |trunc_ln368_40_reg_5316                                                      |   63|   0|   63|          0|
    |trunc_ln368_43_reg_5705                                                      |   63|   0|   63|          0|
    |trunc_ln368_reg_5207                                                         |   63|   0|   63|          0|
    |trunc_ln409_reg_5124                                                         |   32|   0|   32|          0|
    |trunc_ln437_7_reg_5493                                                       |    5|   0|    5|          0|
    |trunc_ln437_reg_5486                                                         |   31|   0|   31|          0|
    |trunc_ln441_reg_5523                                                         |    5|   0|    5|          0|
    |trunc_ln466_reg_5475                                                         |   63|   0|   63|          0|
    |trunc_ln480_reg_5633                                                         |    3|   0|    3|          0|
    |trunc_ln522_reg_5721                                                         |    3|   0|    3|          0|
    |trunc_ln525_reg_5736                                                         |    5|   0|    5|          0|
    |trunc_ln583_7_reg_5824                                                       |   32|   0|   32|          0|
    |trunc_ln583_reg_5819                                                         |    5|   0|    5|          0|
    |trunc_ln591_18_reg_5889                                                      |    5|   0|    5|          0|
    |trunc_ln591_19_reg_5901                                                      |    5|   0|    5|          0|
    |trunc_ln593_reg_5916                                                         |    3|   0|    3|          0|
    |trunc_ln602_reg_5940                                                         |    3|   0|    3|          0|
    |trunc_ln616_reg_5964                                                         |    6|   0|    6|          0|
    |trunc_ln_reg_5252                                                            |   32|   0|   32|          0|
    |w_addr_27_reg_5551                                                           |    3|   0|    3|          0|
    |w_addr_28_reg_5561                                                           |    3|   0|    3|          0|
    |w_addr_32_reg_5660                                                           |    3|   0|    3|          0|
    |x_11_reg_1462                                                                |   64|   0|   64|          0|
    |y_15_reg_5765                                                                |   64|   0|   64|          0|
    |z_27_reg_5774                                                                |   64|   0|   64|          0|
    |zext_ln337_4_reg_5064                                                        |   33|   0|   64|         31|
    |zext_ln337_reg_5029                                                          |   32|   0|   64|         32|
    |zext_ln364_reg_5222                                                          |   32|   0|   64|         32|
    |zext_ln395_reg_5294                                                          |   32|   0|   64|         32|
    |zext_ln409_reg_5144                                                          |   32|   0|   64|         32|
    +-----------------------------------------------------------------------------+-----+----+-----+-----------+
    |Total                                                                        | 7309|   0| 7516|        207|
    +-----------------------------------------------------------------------------+-----+----+-----+-----------+



================================================================
== Interface
================================================================
* Summary: 
+------------------+-----+-----+------------+--------------+--------------+
|     RTL Ports    | Dir | Bits|  Protocol  | Source Object|    C Type    |
+------------------+-----+-----+------------+--------------+--------------+
|ap_clk            |   in|    1|  ap_ctrl_hs|         svd.2|  return value|
|ap_rst            |   in|    1|  ap_ctrl_hs|         svd.2|  return value|
|ap_start          |   in|    1|  ap_ctrl_hs|         svd.2|  return value|
|ap_done           |  out|    1|  ap_ctrl_hs|         svd.2|  return value|
|ap_idle           |  out|    1|  ap_ctrl_hs|         svd.2|  return value|
|ap_ready          |  out|    1|  ap_ctrl_hs|         svd.2|  return value|
|ap_return         |  out|  320|  ap_ctrl_hs|         svd.2|  return value|
|ref_tmp_address0  |  out|    5|   ap_memory|       ref_tmp|         array|
|ref_tmp_ce0       |  out|    1|   ap_memory|       ref_tmp|         array|
|ref_tmp_q0        |   in|   64|   ap_memory|       ref_tmp|         array|
|ref_tmp_address1  |  out|    5|   ap_memory|       ref_tmp|         array|
|ref_tmp_ce1       |  out|    1|   ap_memory|       ref_tmp|         array|
|ref_tmp_q1        |   in|   64|   ap_memory|       ref_tmp|         array|
|U_address0        |  out|    5|   ap_memory|             U|         array|
|U_ce0             |  out|    1|   ap_memory|             U|         array|
|U_we0             |  out|    8|   ap_memory|             U|         array|
|U_d0              |  out|   64|   ap_memory|             U|         array|
|V_address0        |  out|    6|   ap_memory|             V|         array|
|V_ce0             |  out|    1|   ap_memory|             V|         array|
|V_we0             |  out|    8|   ap_memory|             V|         array|
|V_d0              |  out|   64|   ap_memory|             V|         array|
|V_q0              |   in|   64|   ap_memory|             V|         array|
|V_address1        |  out|    6|   ap_memory|             V|         array|
|V_ce1             |  out|    1|   ap_memory|             V|         array|
|V_we1             |  out|    8|   ap_memory|             V|         array|
|V_d1              |  out|   64|   ap_memory|             V|         array|
|V_q1              |   in|   64|   ap_memory|             V|         array|
+------------------+-----+-----+------------+--------------+--------------+

